
 Start         Length     Name                   Class
 0001:00401000 000CCF80H .text                   CODE
 0002:004CE000 00000B14H .itext                  ICODE
 0003:004CF000 00004068H .data                   DATA
 0004:004D4000 00005000H .bss                    BSS
 0005:00000000 0000003CH .tls                    TLS


Detailed map of segments

 0001:00000000 000063A9 C=CODE     S=.text    G=(none)   M=System   ACBP=A9
 0001:000063AC 00000105 C=CODE     S=.text    G=(none)   M=SysInit  ACBP=A9
 0001:000064B4 00000058 C=CODE     S=.text    G=(none)   M=Types    ACBP=A9
 0001:0000650C 00000D84 C=CODE     S=.text    G=(none)   M=Windows  ACBP=A9
 0001:00007290 0000007A C=CODE     S=.text    G=(none)   M=ActiveX  ACBP=A9
 0001:0000730C 00000350 C=CODE     S=.text    G=(none)   M=SysConst ACBP=A9
 0001:0000765C 00007E59 C=CODE     S=.text    G=(none)   M=SysUtils ACBP=A9
 0001:0000F4B8 0000081E C=CODE     S=.text    G=(none)   M=VarUtils ACBP=A9
 0001:0000FCD8 0000943C C=CODE     S=.text    G=(none)   M=Variants ACBP=A9
 0001:00019114 00000190 C=CODE     S=.text    G=(none)   M=RTLConsts ACBP=A9
 0001:000192A4 00001CDF C=CODE     S=.text    G=(none)   M=TypInfo  ACBP=A9
 0001:0001AF84 0000B84D C=CODE     S=.text    G=(none)   M=Classes  ACBP=A9
 0001:000267D4 00000007 C=CODE     S=.text    G=(none)   M=Math     ACBP=A9
 0001:000267DC 000004E5 C=CODE     S=.text    G=(none)   M=Contnrs  ACBP=A9
 0001:00026CC4 00001262 C=CODE     S=.text    G=(none)   M=HelpIntfs ACBP=A9
 0001:00027F28 00000772 C=CODE     S=.text    G=(none)   M=MultiMon ACBP=A9
 0001:0002869C 000000A6 C=CODE     S=.text    G=(none)   M=CommCtrl ACBP=A9
 0001:00028744 000002C8 C=CODE     S=.text    G=(none)   M=Consts   ACBP=A9
 0001:00028A0C 00001169 C=CODE     S=.text    G=(none)   M=IniFiles ACBP=A9
 0001:00029B78 0000099D C=CODE     S=.text    G=(none)   M=Registry ACBP=A9
 0001:0002A518 00009172 C=CODE     S=.text    G=(none)   M=Graphics ACBP=A9
 0001:0003368C 00000692 C=CODE     S=.text    G=(none)   M=SyncObjs ACBP=A9
 0001:00033D20 00000BB9 C=CODE     S=.text    G=(none)   M=UxTheme  ACBP=A9
 0001:000348DC 00000194 C=CODE     S=.text    G=(none)   M=DwmApi   ACBP=A9
 0001:00034A70 00005F17 C=CODE     S=.text    G=(none)   M=StdCtrls ACBP=A9
 0001:0003A988 0000003A C=CODE     S=.text    G=(none)   M=Printers ACBP=A9
 0001:0003A9C4 000003BE C=CODE     S=.text    G=(none)   M=WideStrUtils ACBP=A9
 0001:0003AD84 0000003F C=CODE     S=.text    G=(none)   M=StrUtils ACBP=A9
 0001:0003ADC4 00000EAE C=CODE     S=.text    G=(none)   M=GraphUtil ACBP=A9
 0001:0003BC74 00000C8A C=CODE     S=.text    G=(none)   M=ExtCtrls ACBP=A9
 0001:0003C900 000006A4 C=CODE     S=.text    G=(none)   M=Dialogs  ACBP=A9
 0001:0003CFA4 00000702 C=CODE     S=.text    G=(none)   M=Clipbrd  ACBP=A9
 0001:0003D6A8 0000012D C=CODE     S=.text    G=(none)   M=StdActns ACBP=A9
 0001:0003D7D8 0000030E C=CODE     S=.text    G=(none)   M=FlatSB   ACBP=A9
 0001:0003DAE8 00007AE1 C=CODE     S=.text    G=(none)   M=Menus    ACBP=A9
 0001:000455CC 00013DCC C=CODE     S=.text    G=(none)   M=Controls ACBP=A9
 0001:00059398 00000D96 C=CODE     S=.text    G=(none)   M=Themes   ACBP=A9
 0001:0005A130 000016DD C=CODE     S=.text    G=(none)   M=ImgList  ACBP=A9
 0001:0005B810 00001332 C=CODE     S=.text    G=(none)   M=ActnList ACBP=A9
 0001:0005CB44 0000F3DC C=CODE     S=.text    G=(none)   M=Forms    ACBP=A9
 0001:0006BF20 0000105A C=CODE     S=.text    G=(none)   M=RzGrafx  ACBP=A9
 0001:0006CF7C 000040EE C=CODE     S=.text    G=(none)   M=RzCommon ACBP=A9
 0001:0007106C 000000CD C=CODE     S=.text    G=(none)   M=Buttons  ACBP=A9
 0001:0007113C 00000BBE C=CODE     S=.text    G=(none)   M=MaskUtils ACBP=A9
 0001:00071CFC 000003C4 C=CODE     S=.text    G=(none)   M=RzCmboBx ACBP=A9
 0001:000720C0 0000007C C=CODE     S=.text    G=(none)   M=ExtDlgs  ACBP=A9
 0001:0007213C 00000062 C=CODE     S=.text    G=(none)   M=Mapi     ACBP=A9
 0001:000721A0 0000004D C=CODE     S=.text    G=(none)   M=ExtActns ACBP=A9
 0001:000721F0 00000140 C=CODE     S=.text    G=(none)   M=ComCtrls ACBP=A9
 0001:00072330 0000221F C=CODE     S=.text    G=(none)   M=Mask     ACBP=A9
 0001:00074550 000004CC C=CODE     S=.text    G=(none)   M=RzBorder ACBP=A9
 0001:00074A1C 00000037 C=CODE     S=.text    G=(none)   M=DateUtils ACBP=A9
 0001:00074A54 00000111 C=CODE     S=.text    G=(none)   M=RzPopups ACBP=A9
 0001:00074B68 000015E5 C=CODE     S=.text    G=(none)   M=RzEdit   ACBP=A9
 0001:00076150 000000BA C=CODE     S=.text    G=(none)   M=RzButton ACBP=A9
 0001:0007620C 00002A4D C=CODE     S=.text    G=(none)   M=RzPanel  ACBP=A9
 0001:00078C5C 0000007E C=CODE     S=.text    G=(none)   M=RzGroupBar ACBP=A9
 0001:00078CDC 00009471 C=CODE     S=.text    G=(none)   M=Grids    ACBP=A9
 0001:00082150 00001DBD C=CODE     S=.text    G=(none)   M=RzGrids  ACBP=A9
 0001:00083F10 000000E6 C=CODE     S=.text    G=(none)   M=WinSock  ACBP=A9
 0001:00083FF8 00003A3E C=CODE     S=.text    G=(none)   M=JSocket  ACBP=A9
 0001:00087A38 00000052 C=CODE     S=.text    G=(none)   M=DBCommonTypes ACBP=A9
 0001:00087A8C 00001D52 C=CODE     S=.text    G=(none)   M=WideStrings ACBP=A9
 0001:000897E0 00000020 C=CODE     S=.text    G=(none)   M=ComConst ACBP=A9
 0001:00089800 00000F4B C=CODE     S=.text    G=(none)   M=ComObj   ACBP=A9
 0001:0008A74C 00000218 C=CODE     S=.text    G=(none)   M=ADOInt   ACBP=A9
 0001:0008A964 0000008C C=CODE     S=.text    G=(none)   M=OleDB    ACBP=A9
 0001:0008A9F0 00000170 C=CODE     S=.text    G=(none)   M=DBConsts ACBP=A9
 0001:0008AB60 0000562A C=CODE     S=.text    G=(none)   M=FMTBcd   ACBP=A9
 0001:0009018C 00000FB2 C=CODE     S=.text    G=(none)   M=SqlTimSt ACBP=A9
 0001:00091140 00016765 C=CODE     S=.text    G=(none)   M=DB       ACBP=A9
 0001:000A78A8 00000070 C=CODE     S=.text    G=(none)   M=ADOConst ACBP=A9
 0001:000A7918 00000128 C=CODE     S=.text    G=(none)   M=Mtx      ACBP=A9
 0001:000A7A40 00000BA4 C=CODE     S=.text    G=(none)   M=DBCommon ACBP=A9
 0001:000A85E4 0001087A C=CODE     S=.text    G=(none)   M=ADODB    ACBP=A9
 0001:000B8E60 000003AA C=CODE     S=.text    G=(none)   M=EDcode   ACBP=A9
 0001:000B920C 00005202 C=CODE     S=.text    G=(none)   M=RzSplit  ACBP=A9
 0001:000BE410 0000062F C=CODE     S=.text    G=(none)   M=HUtil32  ACBP=A9
 0001:000BEA40 00000F4E C=CODE     S=.text    G=(none)   M=AppEvnts ACBP=A9
 0001:000BF990 00000339 C=CODE     S=.text    G=(none)   M=Base64   ACBP=A9
 0001:000BFCCC 0000156A C=CODE     S=.text    G=(none)   M=Sha1     ACBP=A9
 0001:000C1238 00001449 C=CODE     S=.text    G=(none)   M=DCPcrypt ACBP=A9
 0001:000C2684 000012A6 C=CODE     S=.text    G=(none)   M=DES      ACBP=A9
 0001:000C392C 000005B6 C=CODE     S=.text    G=(none)   M=EDcodeUnit ACBP=A9
 0001:000C3EE4 00000B82 C=CODE     S=.text    G=(none)   M=MD5EncodeStr ACBP=A9
 0001:000C4A68 00004430 C=CODE     S=.text    G=(none)   M=ThreadQuery ACBP=A9
 0001:000C8E98 0000035C C=CODE     S=.text    G=(none)   M=BasicSet ACBP=A9
 0001:000C91F4 00002B5C C=CODE     S=.text    G=(none)   M=Main     ACBP=A9
 0001:000CBD50 00000719 C=CODE     S=.text    G=(none)   M=DM       ACBP=A9
 0001:000CC46C 0000071A C=CODE     S=.text    G=(none)   M=Share    ACBP=A9
 0001:000CCB88 000003F8 C=CODE     S=.text    G=(none)   M=W2Server ACBP=A9
 0002:00000000 00000095 C=ICODE    S=.itext   G=(none)   M=System   ACBP=A9
 0002:00000098 00000011 C=ICODE    S=.itext   G=(none)   M=Windows  ACBP=A9
 0002:000000AC 00000088 C=ICODE    S=.itext   G=(none)   M=SysUtils ACBP=A9
 0002:00000134 0000000F C=ICODE    S=.itext   G=(none)   M=VarUtils ACBP=A9
 0002:00000144 000000AA C=ICODE    S=.itext   G=(none)   M=Variants ACBP=A9
 0002:000001F0 00000008 C=ICODE    S=.itext   G=(none)   M=TypInfo  ACBP=A9
 0002:000001F8 00000092 C=ICODE    S=.itext   G=(none)   M=Classes  ACBP=A9
 0002:0000028C 00000008 C=ICODE    S=.itext   G=(none)   M=HelpIntfs ACBP=A9
 0002:00000294 0000000F C=ICODE    S=.itext   G=(none)   M=MultiMon ACBP=A9
 0002:000002A4 00000008 C=ICODE    S=.itext   G=(none)   M=IniFiles ACBP=A9
 0002:000002AC 00000008 C=ICODE    S=.itext   G=(none)   M=Registry ACBP=A9
 0002:000002B4 000000FB C=ICODE    S=.itext   G=(none)   M=Graphics ACBP=A9
 0002:000003B0 0000001B C=ICODE    S=.itext   G=(none)   M=UxTheme  ACBP=A9
 0002:000003CC 00000008 C=ICODE    S=.itext   G=(none)   M=DwmApi   ACBP=A9
 0002:000003D4 00000008 C=ICODE    S=.itext   G=(none)   M=Printers ACBP=A9
 0002:000003DC 00000098 C=ICODE    S=.itext   G=(none)   M=GraphUtil ACBP=A9
 0002:00000474 00000044 C=ICODE    S=.itext   G=(none)   M=ExtCtrls ACBP=A9
 0002:000004B8 0000003D C=ICODE    S=.itext   G=(none)   M=Dialogs  ACBP=A9
 0002:000004F8 00000058 C=ICODE    S=.itext   G=(none)   M=Clipbrd  ACBP=A9
 0002:00000550 0000000F C=ICODE    S=.itext   G=(none)   M=FlatSB   ACBP=A9
 0002:00000560 00000085 C=ICODE    S=.itext   G=(none)   M=Menus    ACBP=A9
 0002:000005E8 0000008F C=ICODE    S=.itext   G=(none)   M=Controls ACBP=A9
 0002:00000678 00000008 C=ICODE    S=.itext   G=(none)   M=Themes   ACBP=A9
 0002:00000680 0000002A C=ICODE    S=.itext   G=(none)   M=ActnList ACBP=A9
 0002:000006AC 00000070 C=ICODE    S=.itext   G=(none)   M=Forms    ACBP=A9
 0002:0000071C 0000001E C=ICODE    S=.itext   G=(none)   M=RzCommon ACBP=A9
 0002:0000073C 00000025 C=ICODE    S=.itext   G=(none)   M=Buttons  ACBP=A9
 0002:00000764 00000008 C=ICODE    S=.itext   G=(none)   M=RzCmboBx ACBP=A9
 0002:0000076C 00000014 C=ICODE    S=.itext   G=(none)   M=ExtDlgs  ACBP=A9
 0002:00000780 00000008 C=ICODE    S=.itext   G=(none)   M=Mapi     ACBP=A9
 0002:00000788 00000008 C=ICODE    S=.itext   G=(none)   M=ExtActns ACBP=A9
 0002:00000790 00000008 C=ICODE    S=.itext   G=(none)   M=ComCtrls ACBP=A9
 0002:00000798 00000014 C=ICODE    S=.itext   G=(none)   M=RzBorder ACBP=A9
 0002:000007AC 00000008 C=ICODE    S=.itext   G=(none)   M=RzPopups ACBP=A9
 0002:000007B4 00000025 C=ICODE    S=.itext   G=(none)   M=RzButton ACBP=A9
 0002:000007DC 00000008 C=ICODE    S=.itext   G=(none)   M=RzGroupBar ACBP=A9
 0002:000007E4 0000000F C=ICODE    S=.itext   G=(none)   M=WideStrings ACBP=A9
 0002:000007F4 00000055 C=ICODE    S=.itext   G=(none)   M=ComObj   ACBP=A9
 0002:0000084C 0000001B C=ICODE    S=.itext   G=(none)   M=FMTBcd   ACBP=A9
 0002:00000868 0000001B C=ICODE    S=.itext   G=(none)   M=SqlTimSt ACBP=A9
 0002:00000884 0000008C C=ICODE    S=.itext   G=(none)   M=DB       ACBP=A9
 0002:00000910 00000052 C=ICODE    S=.itext   G=(none)   M=ADODB    ACBP=A9
 0002:00000964 00000008 C=ICODE    S=.itext   G=(none)   M=EDcode   ACBP=A9
 0002:0000096C 00000008 C=ICODE    S=.itext   G=(none)   M=HUtil32  ACBP=A9
 0002:00000974 00000033 C=ICODE    S=.itext   G=(none)   M=AppEvnts ACBP=A9
 0002:000009A8 0000001E C=ICODE    S=.itext   G=(none)   M=Sha1     ACBP=A9
 0002:000009C8 00000022 C=ICODE    S=.itext   G=(none)   M=DCPcrypt ACBP=A9
 0002:000009EC 00000036 C=ICODE    S=.itext   G=(none)   M=DES      ACBP=A9
 0002:00000A24 00000014 C=ICODE    S=.itext   G=(none)   M=EDcodeUnit ACBP=A9
 0002:00000A38 0000004A C=ICODE    S=.itext   G=(none)   M=Main     ACBP=A9
 0002:00000A84 00000008 C=ICODE    S=.itext   G=(none)   M=Share    ACBP=A9
 0002:00000A8C 00000088 C=ICODE    S=.itext   G=(none)   M=W2Server ACBP=A9
 0003:00000000 00000794 C=DATA     S=.data    G=DGROUP   M=System   ACBP=A9
 0003:00000794 00000020 C=DATA     S=.data    G=DGROUP   M=SysInit  ACBP=A9
 0003:000007B4 00000010 C=DATA     S=.data    G=DGROUP   M=ActiveX  ACBP=A9
 0003:000007C4 00000270 C=DATA     S=.data    G=DGROUP   M=SysUtils ACBP=A9
 0003:00000A34 00000110 C=DATA     S=.data    G=DGROUP   M=VarUtils ACBP=A9
 0003:00000B44 000001BA C=DATA     S=.data    G=DGROUP   M=Variants ACBP=A9
 0003:00000D00 0000000C C=DATA     S=.data    G=DGROUP   M=TypInfo  ACBP=A9
 0003:00000D0C 00000100 C=DATA     S=.data    G=DGROUP   M=Classes  ACBP=A9
 0003:00000E0C 00000008 C=DATA     S=.data    G=DGROUP   M=IniFiles ACBP=A9
 0003:00000E14 00000008 C=DATA     S=.data    G=DGROUP   M=Registry ACBP=A9
 0003:00000E1C 00000318 C=DATA     S=.data    G=DGROUP   M=Graphics ACBP=A9
 0003:00001134 00000090 C=DATA     S=.data    G=DGROUP   M=StdCtrls ACBP=A9
 0003:000011C4 00000004 C=DATA     S=.data    G=DGROUP   M=Printers ACBP=A9
 0003:000011C8 00000458 C=DATA     S=.data    G=DGROUP   M=GraphUtil ACBP=A9
 0003:00001620 00000020 C=DATA     S=.data    G=DGROUP   M=ExtCtrls ACBP=A9
 0003:00001640 00000074 C=DATA     S=.data    G=DGROUP   M=Dialogs  ACBP=A9
 0003:000016B4 0000012C C=DATA     S=.data    G=DGROUP   M=Menus    ACBP=A9
 0003:000017E0 00000140 C=DATA     S=.data    G=DGROUP   M=Controls ACBP=A9
 0003:00001920 00000068 C=DATA     S=.data    G=DGROUP   M=Themes   ACBP=A9
 0003:00001988 00000020 C=DATA     S=.data    G=DGROUP   M=ImgList  ACBP=A9
 0003:000019A8 0000013C C=DATA     S=.data    G=DGROUP   M=Forms    ACBP=A9
 0003:00001AE4 000000E0 C=DATA     S=.data    G=DGROUP   M=RzCommon ACBP=A9
 0003:00001BC4 0000002C C=DATA     S=.data    G=DGROUP   M=Buttons  ACBP=A9
 0003:00001BF0 00000009 C=DATA     S=.data    G=DGROUP   M=MaskUtils ACBP=A9
 0003:00001BFC 0000015C C=DATA     S=.data    G=DGROUP   M=RzCmboBx ACBP=A9
 0003:00001D58 00000018 C=DATA     S=.data    G=DGROUP   M=ExtDlgs  ACBP=A9
 0003:00001D70 00000008 C=DATA     S=.data    G=DGROUP   M=Mapi     ACBP=A9
 0003:00001D78 00000018 C=DATA     S=.data    G=DGROUP   M=ComCtrls ACBP=A9
 0003:00001D90 00000004 C=DATA     S=.data    G=DGROUP   M=Mask     ACBP=A9
 0003:00001D94 00000230 C=DATA     S=.data    G=DGROUP   M=RzBorder ACBP=A9
 0003:00001FC4 0000004C C=DATA     S=.data    G=DGROUP   M=RzPopups ACBP=A9
 0003:00002010 0000002C C=DATA     S=.data    G=DGROUP   M=RzButton ACBP=A9
 0003:0000203C 00000004 C=DATA     S=.data    G=DGROUP   M=RzGroupBar ACBP=A9
 0003:00002040 00000006 C=DATA     S=.data    G=DGROUP   M=Grids    ACBP=A9
 0003:00002048 00000030 C=DATA     S=.data    G=DGROUP   M=ComObj   ACBP=A9
 0003:00002078 00000060 C=DATA     S=.data    G=DGROUP   M=ADOInt   ACBP=A9
 0003:000020D8 00000010 C=DATA     S=.data    G=DGROUP   M=OleDB    ACBP=A9
 0003:000020E8 00000121 C=DATA     S=.data    G=DGROUP   M=FMTBcd   ACBP=A9
 0003:0000220C 0000003C C=DATA     S=.data    G=DGROUP   M=SqlTimSt ACBP=A9
 0003:00002248 00000256 C=DATA     S=.data    G=DGROUP   M=DB       ACBP=A9
 0003:000024A0 00000020 C=DATA     S=.data    G=DGROUP   M=Mtx      ACBP=A9
 0003:000024C0 000002A4 C=DATA     S=.data    G=DGROUP   M=ADODB    ACBP=A9
 0003:00002764 00000005 C=DATA     S=.data    G=DGROUP   M=EDcode   ACBP=A9
 0003:0000276C 00000008 C=DATA     S=.data    G=DGROUP   M=RzSplit  ACBP=A9
 0003:00002774 000000B0 C=DATA     S=.data    G=DGROUP   M=HUtil32  ACBP=A9
 0003:00002824 00000004 C=DATA     S=.data    G=DGROUP   M=AppEvnts ACBP=A9
 0003:00002828 00000040 C=DATA     S=.data    G=DGROUP   M=Base64   ACBP=A9
 0003:00002868 00000028 C=DATA     S=.data    G=DGROUP   M=Sha1     ACBP=A9
 0003:00002890 00001068 C=DATA     S=.data    G=DGROUP   M=DES      ACBP=A9
 0003:000038F8 00000040 C=DATA     S=.data    G=DGROUP   M=EDcodeUnit ACBP=A9
 0003:00003938 00000050 C=DATA     S=.data    G=DGROUP   M=MD5EncodeStr ACBP=A9
 0003:00003988 00000008 C=DATA     S=.data    G=DGROUP   M=Main     ACBP=A9
 0003:00003990 00000009 C=DATA     S=.data    G=DGROUP   M=Share    ACBP=A9
 0004:00000000 000027F4 C=BSS      S=.bss     G=DGROUP   M=System   ACBP=A9
 0004:000027F4 0000000C C=BSS      S=.bss     G=DGROUP   M=SysInit  ACBP=A9
 0004:00002800 00000008 C=BSS      S=.bss     G=DGROUP   M=Windows  ACBP=A9
 0004:00002808 00002108 C=BSS      S=.bss     G=DGROUP   M=SysUtils ACBP=A9
 0004:00004910 0000005C C=BSS      S=.bss     G=DGROUP   M=VarUtils ACBP=A9
 0004:0000496C 00000040 C=BSS      S=.bss     G=DGROUP   M=Variants ACBP=A9
 0004:000049AC 00000004 C=BSS      S=.bss     G=DGROUP   M=TypInfo  ACBP=A9
 0004:000049B0 00000044 C=BSS      S=.bss     G=DGROUP   M=Classes  ACBP=A9
 0004:000049F4 00000008 C=BSS      S=.bss     G=DGROUP   M=HelpIntfs ACBP=A9
 0004:000049FC 00000031 C=BSS      S=.bss     G=DGROUP   M=MultiMon ACBP=A9
 0004:00004A30 00000004 C=BSS      S=.bss     G=DGROUP   M=IniFiles ACBP=A9
 0004:00004A34 00000004 C=BSS      S=.bss     G=DGROUP   M=Registry ACBP=A9
 0004:00004A38 00000060 C=BSS      S=.bss     G=DGROUP   M=Graphics ACBP=A9
 0004:00004A98 00000004 C=BSS      S=.bss     G=DGROUP   M=SyncObjs ACBP=A9
 0004:00004A9C 000000DC C=BSS      S=.bss     G=DGROUP   M=UxTheme  ACBP=A9
 0004:00004B78 00000010 C=BSS      S=.bss     G=DGROUP   M=DwmApi   ACBP=A9
 0004:00004B88 00000004 C=BSS      S=.bss     G=DGROUP   M=Printers ACBP=A9
 0004:00004B8C 00000010 C=BSS      S=.bss     G=DGROUP   M=GraphUtil ACBP=A9
 0004:00004B9C 00000008 C=BSS      S=.bss     G=DGROUP   M=ExtCtrls ACBP=A9
 0004:00004BA4 0000000C C=BSS      S=.bss     G=DGROUP   M=Dialogs  ACBP=A9
 0004:00004BB0 0000000C C=BSS      S=.bss     G=DGROUP   M=Clipbrd  ACBP=A9
 0004:00004BBC 00000034 C=BSS      S=.bss     G=DGROUP   M=FlatSB   ACBP=A9
 0004:00004BF0 00000010 C=BSS      S=.bss     G=DGROUP   M=Menus    ACBP=A9
 0004:00004C00 00000088 C=BSS      S=.bss     G=DGROUP   M=Controls ACBP=A9
 0004:00004C88 0000000C C=BSS      S=.bss     G=DGROUP   M=Themes   ACBP=A9
 0004:00004C94 00000008 C=BSS      S=.bss     G=DGROUP   M=ImgList  ACBP=A9
 0004:00004C9C 00000004 C=BSS      S=.bss     G=DGROUP   M=ActnList ACBP=A9
 0004:00004CA0 00000031 C=BSS      S=.bss     G=DGROUP   M=Forms    ACBP=A9
 0004:00004CD4 00000008 C=BSS      S=.bss     G=DGROUP   M=RzCommon ACBP=A9
 0004:00004CDC 00000030 C=BSS      S=.bss     G=DGROUP   M=Buttons  ACBP=A9
 0004:00004D0C 00000004 C=BSS      S=.bss     G=DGROUP   M=RzCmboBx ACBP=A9
 0004:00004D10 00000004 C=BSS      S=.bss     G=DGROUP   M=ExtDlgs  ACBP=A9
 0004:00004D14 00000004 C=BSS      S=.bss     G=DGROUP   M=Mapi     ACBP=A9
 0004:00004D18 00000009 C=BSS      S=.bss     G=DGROUP   M=ExtActns ACBP=A9
 0004:00004D24 0000000C C=BSS      S=.bss     G=DGROUP   M=ComCtrls ACBP=A9
 0004:00004D30 00000004 C=BSS      S=.bss     G=DGROUP   M=RzBorder ACBP=A9
 0004:00004D34 00000004 C=BSS      S=.bss     G=DGROUP   M=RzPopups ACBP=A9
 0004:00004D38 00000030 C=BSS      S=.bss     G=DGROUP   M=RzButton ACBP=A9
 0004:00004D68 00000004 C=BSS      S=.bss     G=DGROUP   M=RzGroupBar ACBP=A9
 0004:00004D6C 00000190 C=BSS      S=.bss     G=DGROUP   M=JSocket  ACBP=A9
 0004:00004EFC 00000008 C=BSS      S=.bss     G=DGROUP   M=WideStrings ACBP=A9
 0004:00004F04 00000011 C=BSS      S=.bss     G=DGROUP   M=ComObj   ACBP=A9
 0004:00004F18 00000004 C=BSS      S=.bss     G=DGROUP   M=FMTBcd   ACBP=A9
 0004:00004F1C 00000004 C=BSS      S=.bss     G=DGROUP   M=SqlTimSt ACBP=A9
 0004:00004F20 00000010 C=BSS      S=.bss     G=DGROUP   M=DB       ACBP=A9
 0004:00004F30 00000008 C=BSS      S=.bss     G=DGROUP   M=ADODB    ACBP=A9
 0004:00004F38 00000004 C=BSS      S=.bss     G=DGROUP   M=EDcode   ACBP=A9
 0004:00004F3C 00000004 C=BSS      S=.bss     G=DGROUP   M=HUtil32  ACBP=A9
 0004:00004F40 00000004 C=BSS      S=.bss     G=DGROUP   M=AppEvnts ACBP=A9
 0004:00004F44 00000004 C=BSS      S=.bss     G=DGROUP   M=Sha1     ACBP=A9
 0004:00004F48 0000000C C=BSS      S=.bss     G=DGROUP   M=DCPcrypt ACBP=A9
 0004:00004F54 00000004 C=BSS      S=.bss     G=DGROUP   M=DES      ACBP=A9
 0004:00004F58 0000001C C=BSS      S=.bss     G=DGROUP   M=EDcodeUnit ACBP=A9
 0004:00004F74 00000028 C=BSS      S=.bss     G=DGROUP   M=ThreadQuery ACBP=A9
 0004:00004F9C 00000004 C=BSS      S=.bss     G=DGROUP   M=BasicSet ACBP=A9
 0004:00004FA0 00000040 C=BSS      S=.bss     G=DGROUP   M=Main     ACBP=A9
 0004:00004FE0 00000004 C=BSS      S=.bss     G=DGROUP   M=DM       ACBP=A9
 0004:00004FE4 0000001C C=BSS      S=.bss     G=DGROUP   M=Share    ACBP=A9
 0005:00000000 00000008 C=TLS      S=.tls     G=(none)   M=System   ACBP=A9
 0005:00000008 00000008 C=TLS      S=.tls     G=(none)   M=Classes  ACBP=A9
 0005:00000010 00000004 C=TLS      S=.tls     G=(none)   M=SyncObjs ACBP=A9
 0005:00000014 00000028 C=TLS      S=.tls     G=(none)   M=GraphUtil ACBP=A9


  Address             Publics by Name

 0001:000072DC       ActiveX.CoCreateInstance
 0001:000072D4       ActiveX.CoGetMalloc
 0001:000072C4       ActiveX.CoInitialize
 0001:000072EC       ActiveX.CoTaskMemFree
 0001:000072CC       ActiveX.CoUninitialize
 0001:00007304       ActiveX.GetErrorInfo
 0003:000007B4       ActiveX.GUID_NULL
 0001:000072E4       ActiveX.StringFromCLSID
 0001:000072F4       ActiveX.SysFreeString
 0001:000072FC       ActiveX.SysStringLen
 0004:00004C9C       ActnList..9
 0001:0005BC38       ActnList..TActionLink
 0001:0005B810       ActnList..TContainedAction
 0001:0005BB30       ActnList..TCustomAction
 0001:0005B934       ActnList..TCustomActionList
 0001:0005BA14       ActnList..TShortCutList
 0002:00000680       ActnList.ActnList
 0001:0005CB14       ActnList.Finalization
 0001:0005C328       ActnList.TActionLink.IsCaptionLinked
 0001:0005C33C       ActnList.TActionLink.IsCheckedLinked
 0001:0005C350       ActnList.TActionLink.IsEnabledLinked
 0001:0005C364       ActnList.TActionLink.IsGroupIndexLinked
 0001:0005C378       ActnList.TActionLink.IsHelpContextLinked
 0001:0005C38C       ActnList.TActionLink.IsHelpLinked
 0001:0005C3A0       ActnList.TActionLink.IsHintLinked
 0001:0005C3B4       ActnList.TActionLink.IsImageIndexLinked
 0001:0005C3C8       ActnList.TActionLink.IsShortCutLinked
 0001:0005C3DC       ActnList.TActionLink.IsVisibleLinked
 0001:0005C3F0       ActnList.TActionLink.SetAutoCheck
 0001:0005C3F4       ActnList.TActionLink.SetCaption
 0001:0005C3F8       ActnList.TActionLink.SetChecked
 0001:0005C3FC       ActnList.TActionLink.SetEnabled
 0001:0005C400       ActnList.TActionLink.SetGroupIndex
 0001:0005C404       ActnList.TActionLink.SetHelpContext
 0001:0005C408       ActnList.TActionLink.SetHelpKeyword
 0001:0005C40C       ActnList.TActionLink.SetHelpType
 0001:0005C410       ActnList.TActionLink.SetHint
 0001:0005C414       ActnList.TActionLink.SetImageIndex
 0001:0005C418       ActnList.TActionLink.SetShortCut
 0001:0005C41C       ActnList.TActionLink.SetVisible
 0001:0005BD08       ActnList.TContainedAction.Destroy
 0001:0005BE74       ActnList.TContainedAction.Execute
 0001:0005BD3C       ActnList.TContainedAction.GetIndex
 0001:0005BD58       ActnList.TContainedAction.GetParentComponent
 0001:0005BD68       ActnList.TContainedAction.HasParent
 0001:0005BD54       ActnList.TContainedAction.IsCategoryStored
 0001:0005BD78       ActnList.TContainedAction.ReadState
 0001:0005BE20       ActnList.TContainedAction.SetActionList
 0001:0005BDF4       ActnList.TContainedAction.SetCategory
 0001:0005BDAC       ActnList.TContainedAction.SetIndex
 0001:0005BE48       ActnList.TContainedAction.SetParentComponent
 0001:0005BECC       ActnList.TContainedAction.Update
 0001:0005C4C4       ActnList.TCustomAction.AssignTo
 0001:0005C420       ActnList.TCustomAction.Create
 0001:0005C474       ActnList.TCustomAction.Destroy
 0001:0005C9E4       ActnList.TCustomAction.DoHint
 0001:0005CA0C       ActnList.TCustomAction.Execute
 0001:0005CA70       ActnList.TCustomAction.GetSecondaryShortCuts
 0001:0005CA98       ActnList.TCustomAction.HandleShortCut
 0001:0005C574       ActnList.TCustomAction.SetCaption
 0001:0005C5D4       ActnList.TCustomAction.SetChecked
 0001:0005C6DC       ActnList.TCustomAction.SetEnabled
 0001:0005C7C0       ActnList.TCustomAction.SetHelpContext
 0001:0005C758       ActnList.TCustomAction.SetHelpKeyword
 0001:0005C818       ActnList.TCustomAction.SetHint
 0001:0005C878       ActnList.TCustomAction.SetImageIndex
 0001:0005C998       ActnList.TCustomAction.SetName
 0001:0005C8D4       ActnList.TCustomAction.SetShortCut
 0001:0005C938       ActnList.TCustomAction.SetVisible
 0001:0005C0FC       ActnList.TCustomActionList.AddAction
 0001:0005C138       ActnList.TCustomActionList.Change
 0001:0005BF24       ActnList.TCustomActionList.Create
 0001:0005BF90       ActnList.TCustomActionList.Destroy
 0001:0005C244       ActnList.TCustomActionList.ExecuteAction
 0001:0005C058       ActnList.TCustomActionList.GetAction
 0001:0005C06C       ActnList.TCustomActionList.GetActionCount
 0001:0005BFE0       ActnList.TCustomActionList.GetChildren
 0001:0005C0A8       ActnList.TCustomActionList.ImageListChange
 0001:0005C1A0       ActnList.TCustomActionList.IsShortCut
 0001:0005C0B4       ActnList.TCustomActionList.Notification
 0001:0005C11C       ActnList.TCustomActionList.RemoveAction
 0001:0005C028       ActnList.TCustomActionList.SetChildOrder
 0001:0005C074       ActnList.TCustomActionList.SetImages
 0001:0005C284       ActnList.TCustomActionList.SetState
 0001:0005C264       ActnList.TCustomActionList.UpdateAction
 0001:0005CAA4       ActnList.TShortCutList.Add
 0001:0005CAD0       ActnList.TShortCutList.IndexOfShortCut
 0004:00004F30       ADODB..31
 0001:000ABBD8       ADODB..TADOBlobStream
 0001:000A9A7C       ADODB..TADOCommand
 0001:000A8F9C       ADODB..TADOConnection
 0001:000AAF58       ADODB..TADODataSet
 0001:000AB7C4       ADODB..TADOQuery
 0001:000AA43C       ADODB..TCustomADODataSet
 0001:000A9800       ADODB..TParameter
 0001:000A99C4       ADODB..TParameters
 0001:000A94F8       ADODB..TRDSConnection
 0001:000B14A0       ADODB.AddFieldDef
 0001:000B8020       ADODB.AddFieldToList
 0002:00000910       ADODB.ADODB
 0001:000ABCF4       ADODB.ADOTypeToFieldType
 0003:00002730       ADODB.AffectRecordsValues
 0001:000AC51C       ADODB.ApplicationHandleException
 0001:000AEEDC       ADODB.AssignField
 0001:000AEF58       ADODB.AssignParam
 0001:000AEDFC       ADODB.AssignParameter
 0001:000AF1FC       ADODB.AssignToParam
 0001:000B3240       ADODB.BufferToVar
 0001:000ACBF0       ADODB.CheckForAsyncExecute
 0001:000B3DD4       ADODB.CheckForFlyAway
 0003:000024C0       ADODB.CommandTypeValues
 0003:000024D8       ADODB.ConnectModeValues
 0003:000024F8       ADODB.ConnectOptionValues
 0001:000ABC90       ADODB.CreateADOObject
 0001:000B2A60       ADODB.CurrToBuffer
 0003:00002500       ADODB.CursorLocationValues
 0003:00002508       ADODB.CursorOptionValues
 0003:0000253C       ADODB.CursorTypeValues
 0003:00002550       ADODB.DataTypeValues
 0001:000B1BD4       ADODB.DesignerDataStored
 0001:000B40F0       ADODB.DoRecordsetDelete
 0003:000025F8       ADODB.EventReasonValues
 0003:00002634       ADODB.EventStatusValues
 0001:000AC080       ADODB.ExecuteOptionsToOrd
 0003:00002648       ADODB.ExecuteOptionValues
 0001:000AD1AC       ADODB.ExtractCommandType
 0001:000AC104       ADODB.ExtractFieldName
 0001:000ACE28       ADODB.ExtractUserID
 0001:000AC4D8       ADODB.FieldListCheckSum
 0003:00002658       ADODB.FilterGroupValues
 0001:000B8E10       ADODB.Finalization
 0001:000AE89C       ADODB.GetComponent
 0001:000AC150       ADODB.GetFilterStr
 0001:000ADB10       ADODB.GetFromDataFactory
 0001:000ADBB8       ADODB.GetFromProperty
 0001:000B7434       ADODB.GetIdx
 0001:000AC028       ADODB.GetStates
 0001:000ACEF4       ADODB.GetUserName
 0004:00004F34       ADODB.GlobalMalloc
 0001:000B0B74       ADODB.InitializeConnection
 0001:000B0814       ADODB.InitializeMasterFields
 0001:000B0D0C       ADODB.InitializeRecordset
 0001:000B03A8       ADODB.InitParameters
 0001:000B7B5C       ADODB.InMTSTransaction
 0001:000AE9A8       ADODB.IsLiteral
 0003:00002674       ADODB.IsolationLevelValues
 0001:000AF030       ADODB.LoadFromStreamPersist
 0001:000AF090       ADODB.LoadFromStrings
 0003:00002698       ADODB.LockTypeValues
 0003:000026AC       ADODB.MarshalOptionValues
 0001:000B1D44       ADODB.MasterFieldsChanged
 0001:000AE970       ADODB.NameDelimiter
 0003:000026B4       ADODB.ObjectStateValues
 0001:000ABFEC       ADODB.OleEnumToOrd
 0001:000AC0C0       ADODB.OrdToExecuteOptions
 0003:000026C8       ADODB.ParameterAttributeValues
 0003:000026D4       ADODB.ParameterDirectionValues
 0001:000AC40C       ADODB.PropertyExists
 0003:000026E8       ADODB.RecordStatusValues
 0001:000B2E6C       ADODB.RefreshBuffers
 0001:000AE2C8       ADODB.RefreshFromADO
 0001:000ADFAC       ADODB.RefreshFromOleDB
 0003:00002760       ADODB.RetCodes
 0001:000B7DC0       ADODB.SetTableFilter
 0003:0000275C       ADODB.SIsAutoInc
 0001:000ABEE0       ADODB.StringToVarArray
 0001:000AE9E0       ADODB.StripChar
 0001:000AEA74       ADODB.StripLiterals
 0001:000B8894       ADODB.TADOBlobStream.Create
 0001:000B8A34       ADODB.TADOBlobStream.Destroy
 0001:000B8ADC       ADODB.TADOBlobStream.ReadBlobData
 0001:000B8D18       ADODB.TADOBlobStream.Realloc
 0001:000B8DF4       ADODB.TADOBlobStream.Truncate
 0001:000B8DE4       ADODB.TADOBlobStream.Write
 0001:000AFE40       ADODB.TADOCommand.Assign
 0001:000B0650       ADODB.TADOCommand.AssignCommandText
 0001:000AFEC8       ADODB.TADOCommand.CheckCommandText
 0001:000B0748       ADODB.TADOCommand.ClearActiveConnection
 0001:000B00B8       ADODB.TADOCommand.ComponentLoading
 0001:000B075C       ADODB.TADOCommand.ConnectionStateChange
 0001:000AFD24       ADODB.TADOCommand.Create
 0001:000AFE00       ADODB.TADOCommand.Destroy
 0001:000B00D4       ADODB.TADOCommand.Execute
 0001:000B00EC       ADODB.TADOCommand.Execute
 0001:000B0110       ADODB.TADOCommand.Execute
 0001:000B0388       ADODB.TADOCommand.GetActiveConnection
 0001:000B06DC       ADODB.TADOCommand.GetCommandTimeOut
 0001:000B0704       ADODB.TADOCommand.GetCommandType
 0001:000B07EC       ADODB.TADOCommand.GetPrepared
 0001:000B0200       ADODB.TADOCommand.Initialize
 0001:000AFFCC       ADODB.TADOCommand.OpenConnection
 0001:000B072C       ADODB.TADOCommand.SetComandType
 0001:000B06B4       ADODB.TADOCommand.SetCommandText
 0001:000B06F4       ADODB.TADOCommand.SetCommandTimeOut
 0001:000B0768       ADODB.TADOCommand.SetConnection
 0001:000AFF54       ADODB.TADOCommand.SetConnectionFlag
 0001:000B07AC       ADODB.TADOCommand.SetConnectionString
 0001:000B07DC       ADODB.TADOCommand.SetParameters
 0001:000B0804       ADODB.TADOCommand.SetPrepared
 0001:000AC9D4       ADODB.TADOConnection.BeginTransComplete
 0001:000AC744       ADODB.TADOConnection.CheckActive
 0001:000AC8F4       ADODB.TADOConnection.CheckDisconnect
 0001:000AC764       ADODB.TADOConnection.CheckInactive
 0001:000AC784       ADODB.TADOConnection.ClearRefs
 0001:000ACA50       ADODB.TADOConnection.CommitTransComplete
 0001:000ACAC8       ADODB.TADOConnection.ConnectComplete
 0001:000AC950       ADODB.TADOConnection.ConnectionPoint
 0001:000AC53C       ADODB.TADOConnection.Create
 0001:000AC65C       ADODB.TADOConnection.Destroy
 0001:000ACB40       ADODB.TADOConnection.Disconnect
 0001:000AC82C       ADODB.TADOConnection.DoConnect
 0001:000AC8C4       ADODB.TADOConnection.DoDisconnect
 0001:000ACCA4       ADODB.TADOConnection.ExecuteComplete
 0001:000AD5DC       ADODB.TADOConnection.GetADODataSet
 0001:000AD2EC       ADODB.TADOConnection.GetAttributes
 0001:000AD398       ADODB.TADOConnection.GetCommandTimeout
 0001:000AD3C0       ADODB.TADOConnection.GetConnected
 0001:000AD3F4       ADODB.TADOConnection.GetConnectionString
 0001:000AD4A8       ADODB.TADOConnection.GetConnectionTimeout
 0001:000AD50C       ADODB.TADOConnection.GetCursorLocation
 0001:000AD610       ADODB.TADOConnection.GetDefaultDatabase
 0001:000AD6E8       ADODB.TADOConnection.GetInTransaction
 0001:000AD6F4       ADODB.TADOConnection.GetIsolationLevel
 0001:000AD764       ADODB.TADOConnection.GetMode
 0001:000AD7C0       ADODB.TADOConnection.GetProvider
 0001:000ACD38       ADODB.TADOConnection.InfoMessage
 0001:000AD5FC       ADODB.TADOConnection.IsDefaultDatabaseStored
 0001:000AD850       ADODB.TADOConnection.IsProviderStored
 0001:000AC700       ADODB.TADOConnection.Loaded
 0001:000AD550       ADODB.TADOConnection.RegisterClient
 0001:000AC7CC       ADODB.TADOConnection.RollbackTrans
 0001:000ACDB0       ADODB.TADOConnection.RollbackTransComplete
 0001:000AD348       ADODB.TADOConnection.SetAttributes
 0001:000AD3B0       ADODB.TADOConnection.SetCommandTimeout
 0001:000AD434       ADODB.TADOConnection.SetConnectionString
 0001:000AD4C0       ADODB.TADOConnection.SetConnectionTimeout
 0001:000AD4EC       ADODB.TADOConnection.SetConnectOptions
 0001:000AD534       ADODB.TADOConnection.SetCursorLocation
 0001:000AD670       ADODB.TADOConnection.SetDefaultDatabase
 0001:000AD73C       ADODB.TADOConnection.SetIsolationLevel
 0001:000AD904       ADODB.TADOConnection.SetKeepConnection
 0001:000AD78C       ADODB.TADOConnection.SetMode
 0001:000AD7E4       ADODB.TADOConnection.SetProvider
 0001:000AD59C       ADODB.TADOConnection.UnRegisterClient
 0001:000AC7F8       ADODB.TADOConnection.WaitForConnectComplete
 0001:000AD038       ADODB.TADOConnection.WillConnect
 0001:000AD1D4       ADODB.TADOConnection.WillExecute
 0001:000B8310       ADODB.TADODataSet.DataEvent
 0001:000B83D4       ADODB.TADODataSet.OpenCursor
 0001:000B8660       ADODB.TADODataSet.SetConnection
 0001:000B86CC       ADODB.TADODataSet.SetDataSetField
 0001:000B8688       ADODB.TADODataSet.SetRDSConnection
 0001:000B8710       ADODB.TADOQuery.Create
 0001:000B878C       ADODB.TADOQuery.Destroy
 0001:000B87BC       ADODB.TADOQuery.ExecSQL
 0001:000B887C       ADODB.TADOQuery.GetSQL
 0001:000B8820       ADODB.TADOQuery.QueryChanged
 0001:000B8884       ADODB.TADOQuery.SetSQL
 0001:000B4248       ADODB.TCustomADODataSet.ActivateTextFilter
 0001:000B22C4       ADODB.TCustomADODataSet.AllocRecordBuffer
 0001:000B2190       ADODB.TCustomADODataSet.BookmarkValid
 0001:000B13EC       ADODB.TCustomADODataSet.CheckActive
 0001:000B1410       ADODB.TCustomADODataSet.CheckFieldCompatibility
 0001:000B27FC       ADODB.TCustomADODataSet.ClearCalcFields
 0001:000B2204       ADODB.TCustomADODataSet.CompareBookmarks
 0001:000B5C00       ADODB.TCustomADODataSet.ConnectionPoint
 0001:000B0998       ADODB.TCustomADODataSet.Create
 0001:000B3700       ADODB.TCustomADODataSet.CreateBlobStream
 0001:000B1B78       ADODB.TCustomADODataSet.DataEvent
 0001:000B42E8       ADODB.TCustomADODataSet.DeactivateFilters
 0001:000B1474       ADODB.TCustomADODataSet.DefChanged
 0001:000B1C18       ADODB.TCustomADODataSet.DefineProperties
 0001:000B0A94       ADODB.TCustomADODataSet.Destroy
 0001:000B4834       ADODB.TCustomADODataSet.DestroyLookupCursor
 0001:000B2058       ADODB.TCustomADODataSet.DoOnNewRecord
 0001:000B5AB8       ADODB.TCustomADODataSet.EnableEvents
 0001:000B6140       ADODB.TCustomADODataSet.EndOfRecordset
 0001:000B61C0       ADODB.TCustomADODataSet.FetchComplete
 0001:000B6240       ADODB.TCustomADODataSet.FetchProgress
 0001:000B5D1C       ADODB.TCustomADODataSet.FieldChangeComplete
 0001:000B45A4       ADODB.TCustomADODataSet.FindRecord
 0001:000B2300       ADODB.TCustomADODataSet.FreeRecordBuffer
 0001:000B28A0       ADODB.TCustomADODataSet.GetActiveRecBuf
 0001:000B2A44       ADODB.TCustomADODataSet.GetBlobFieldData
 0001:000B214C       ADODB.TCustomADODataSet.GetBookmarkData
 0001:000B2140       ADODB.TCustomADODataSet.GetBookmarkFlag
 0001:000B6488       ADODB.TCustomADODataSet.GetCacheSize
 0001:000B382C       ADODB.TCustomADODataSet.GetCanModify
 0001:000B64E4       ADODB.TCustomADODataSet.GetCommandText
 0001:000B6570       ADODB.TCustomADODataSet.GetCommandTimeout
 0001:000B6588       ADODB.TCustomADODataSet.GetCommandType
 0001:000B65F8       ADODB.TCustomADODataSet.GetConnection
 0001:000B66D8       ADODB.TCustomADODataSet.GetConnectionString
 0001:000B6768       ADODB.TCustomADODataSet.GetCursorLocation
 0001:000B67D8       ADODB.TCustomADODataSet.GetCursorType
 0001:000B6848       ADODB.TCustomADODataSet.GetDataSource
 0001:000B808C       ADODB.TCustomADODataSet.GetDetailLinkFields
 0001:000B68D8       ADODB.TCustomADODataSet.GetExecuteOptions
 0001:000B2EAC       ADODB.TCustomADODataSet.GetFieldData
 0001:000B3060       ADODB.TCustomADODataSet.GetFieldData
 0001:000B2A4C       ADODB.TCustomADODataSet.GetFieldData
 0001:000B706C       ADODB.TCustomADODataSet.GetIndexField
 0001:000B7084       ADODB.TCustomADODataSet.GetIndexFieldCount
 0001:000B6DA8       ADODB.TCustomADODataSet.GetIndexFieldNames
 0001:000B72E4       ADODB.TCustomADODataSet.GetIndexName
 0001:000B68FC       ADODB.TCustomADODataSet.GetLockType
 0001:000B6964       ADODB.TCustomADODataSet.GetMarshalOptions
 0001:000B69E8       ADODB.TCustomADODataSet.GetMasterFields
 0001:000B6A9C       ADODB.TCustomADODataSet.GetMaxRecords
 0001:000B6AF4       ADODB.TCustomADODataSet.GetParamCheck
 0001:000B6B0C       ADODB.TCustomADODataSet.GetParameters
 0001:000B6B2C       ADODB.TCustomADODataSet.GetPrepared
 0001:000B62F8       ADODB.TCustomADODataSet.GetRecNo
 0001:000B262C       ADODB.TCustomADODataSet.GetRecord
 0001:000B62D0       ADODB.TCustomADODataSet.GetRecordCount
 0001:000B6C3C       ADODB.TCustomADODataSet.GetRecordsetState
 0001:000B22BC       ADODB.TCustomADODataSet.GetRecordSize
 0001:000B6C7C       ADODB.TCustomADODataSet.GetRecordStatus
 0001:000B6CD8       ADODB.TCustomADODataSet.GetSort
 0001:000B3084       ADODB.TCustomADODataSet.GetStateFieldValue
 0001:000B3B08       ADODB.TCustomADODataSet.InternalAddRecord
 0001:000B4240       ADODB.TCustomADODataSet.InternalCancel
 0001:000B1194       ADODB.TCustomADODataSet.InternalClose
 0001:000B420C       ADODB.TCustomADODataSet.InternalDelete
 0001:000B3858       ADODB.TCustomADODataSet.InternalEdit
 0001:000B373C       ADODB.TCustomADODataSet.InternalFirst
 0001:000B2344       ADODB.TCustomADODataSet.InternalGetRecord
 0001:000B20FC       ADODB.TCustomADODataSet.InternalGotoBookmark
 0001:000B1B70       ADODB.TCustomADODataSet.InternalHandleException
 0001:000B18C8       ADODB.TCustomADODataSet.InternalInitFieldDefs
 0001:000B2788       ADODB.TCustomADODataSet.InternalInitRecord
 0001:000B3B04       ADODB.TCustomADODataSet.InternalInsert
 0001:000B37C8       ADODB.TCustomADODataSet.InternalLast
 0001:000B10F8       ADODB.TCustomADODataSet.InternalOpen
 0001:000B3F54       ADODB.TCustomADODataSet.InternalPost
 0001:000B1274       ADODB.TCustomADODataSet.InternalRefresh
 0001:000B12CC       ADODB.TCustomADODataSet.InternalRequery
 0001:000B6D10       ADODB.TCustomADODataSet.InternalSetSort
 0001:000B211C       ADODB.TCustomADODataSet.InternalSetToRecord
 0001:000B1460       ADODB.TCustomADODataSet.IsCursorOpen
 0001:000B63C0       ADODB.TCustomADODataSet.IsSequenced
 0001:000B0B18       ADODB.TCustomADODataSet.Loaded
 0001:000B4FEC       ADODB.TCustomADODataSet.Locate
 0001:000B4850       ADODB.TCustomADODataSet.LocateRecord
 0001:000B4F14       ADODB.TCustomADODataSet.Lookup
 0001:000B1CDC       ADODB.TCustomADODataSet.MasterChanged
 0001:000B1D20       ADODB.TCustomADODataSet.MasterDisabled
 0001:000B60A8       ADODB.TCustomADODataSet.MoveComplete
 0001:000B0EF4       ADODB.TCustomADODataSet.OpenCursor
 0001:000B1A64       ADODB.TCustomADODataSet.PrepareCursor
 0001:000B646C       ADODB.TCustomADODataSet.PropertyChanged
 0001:000B7CD4       ADODB.TCustomADODataSet.PSEndTransaction
 0001:000B769C       ADODB.TCustomADODataSet.PSExecute
 0001:000B76E0       ADODB.TCustomADODataSet.PSExecuteStatement
 0001:000B7F44       ADODB.TCustomADODataSet.PSGetAttributes
 0001:000B7FA4       ADODB.TCustomADODataSet.PSGetCommandText
 0001:000B7FF4       ADODB.TCustomADODataSet.PSGetCommandType
 0001:000B7530       ADODB.TCustomADODataSet.PSGetDefaultOrder
 0001:000B7F2C       ADODB.TCustomADODataSet.PSGetIndexDefs
 0001:000B7990       ADODB.TCustomADODataSet.PSGetKeyFieldsW
 0001:000B7AA0       ADODB.TCustomADODataSet.PSGetParams
 0001:000B7B50       ADODB.TCustomADODataSet.PSGetQuoteCharW
 0001:000B7ADC       ADODB.TCustomADODataSet.PSGetTableNameW
 0001:000B7F4C       ADODB.TCustomADODataSet.PSGetUpdateException
 0001:000B7BE8       ADODB.TCustomADODataSet.PSInTransaction
 0001:000B7D94       ADODB.TCustomADODataSet.PSIsSQLBased
 0001:000B7F9C       ADODB.TCustomADODataSet.PSIsSQLSupported
 0001:000B7D98       ADODB.TCustomADODataSet.PSReset
 0001:000B7DA0       ADODB.TCustomADODataSet.PSSetCommandText
 0001:000B7ED4       ADODB.TCustomADODataSet.PSSetParams
 0001:000B7C14       ADODB.TCustomADODataSet.PSStartTransaction
 0001:000B7FA0       ADODB.TCustomADODataSet.PSUpdateRecord
 0001:000B1C78       ADODB.TCustomADODataSet.ReadDesignerData
 0001:000B5E4C       ADODB.TCustomADODataSet.RecordChangeComplete
 0001:000B5F7C       ADODB.TCustomADODataSet.RecordsetChangeComplete
 0001:000B709C       ADODB.TCustomADODataSet.RefreshIndexFields
 0001:000B1E18       ADODB.TCustomADODataSet.RefreshParams
 0001:000B4214       ADODB.TCustomADODataSet.ReleaseLock
 0001:000B13C8       ADODB.TCustomADODataSet.Requery
 0001:000B3728       ADODB.TCustomADODataSet.SetBlockReadSize
 0001:000B2170       ADODB.TCustomADODataSet.SetBookmarkData
 0001:000B2148       ADODB.TCustomADODataSet.SetBookmarkFlag
 0001:000B64BC       ADODB.TCustomADODataSet.SetCacheSize
 0001:000B6500       ADODB.TCustomADODataSet.SetCommandText
 0001:000B657C       ADODB.TCustomADODataSet.SetCommandTimeout
 0001:000B65A8       ADODB.TCustomADODataSet.SetCommandType
 0001:000B660C       ADODB.TCustomADODataSet.SetConnection
 0001:000B0B5C       ADODB.TCustomADODataSet.SetConnectionFlag
 0001:000B66F4       ADODB.TCustomADODataSet.SetConnectionString
 0001:000B67AC       ADODB.TCustomADODataSet.SetCursorLocation
 0001:000B681C       ADODB.TCustomADODataSet.SetCursorType
 0001:000B6854       ADODB.TCustomADODataSet.SetDataSource
 0001:000B1F0C       ADODB.TCustomADODataSet.SetDetailFilter
 0001:000B68E8       ADODB.TCustomADODataSet.SetExecuteOptions
 0001:000B3540       ADODB.TCustomADODataSet.SetFieldData
 0001:000B3224       ADODB.TCustomADODataSet.SetFieldData
 0001:000B44C4       ADODB.TCustomADODataSet.SetFiltered
 0001:000B4350       ADODB.TCustomADODataSet.SetFilterOptions
 0001:000B43C8       ADODB.TCustomADODataSet.SetFilterText
 0001:000B6F40       ADODB.TCustomADODataSet.SetIndexFieldNames
 0001:000B7398       ADODB.TCustomADODataSet.SetIndexName
 0001:000B6940       ADODB.TCustomADODataSet.SetLockType
 0001:000B69A8       ADODB.TCustomADODataSet.SetMarshalOptions
 0001:000B6A04       ADODB.TCustomADODataSet.SetMasterFields
 0001:000B6AD0       ADODB.TCustomADODataSet.SetMaxRecords
 0001:000B6B00       ADODB.TCustomADODataSet.SetParamCheck
 0001:000B6B18       ADODB.TCustomADODataSet.SetParameters
 0001:000B1EA8       ADODB.TCustomADODataSet.SetParamsFromCursor
 0001:000B6B44       ADODB.TCustomADODataSet.SetPrepared
 0001:000B636C       ADODB.TCustomADODataSet.SetRecNo
 0001:000B6B58       ADODB.TCustomADODataSet.SetRecordset
 0001:000B6D70       ADODB.TCustomADODataSet.SetSort
 0001:000B640C       ADODB.TCustomADODataSet.Supports
 0001:000B5084       ADODB.TCustomADODataSet.UpdateIndexDefs
 0001:000B294C       ADODB.TCustomADODataSet.UpdateRecordSetPosition
 0001:000B7404       ADODB.TCustomADODataSet.UpdateStatus
 0001:000B5C88       ADODB.TCustomADODataSet.WillChangeField
 0001:000B5DB4       ADODB.TCustomADODataSet.WillChangeRecord
 0001:000B5EE8       ADODB.TCustomADODataSet.WillChangeRecordset
 0001:000B6014       ADODB.TCustomADODataSet.WillMove
 0001:000B1CCC       ADODB.TCustomADODataSet.WriteDesignerData
 0001:000AF108       ADODB.TParameter.Assign
 0001:000AF2B8       ADODB.TParameter.AssignTo
 0001:000AF4D8       ADODB.TParameter.GetAttributes
 0001:000AF60C       ADODB.TParameter.GetDataType
 0001:000AF6DC       ADODB.TParameter.GetDisplayName
 0001:000AF72C       ADODB.TParameter.GetName
 0001:000AF7E8       ADODB.TParameter.GetNumericScale
 0001:000AF8A8       ADODB.TParameter.GetParameter
 0001:000AF918       ADODB.TParameter.GetParameterDirection
 0001:000AF9F0       ADODB.TParameter.GetParameters
 0001:000AF9F4       ADODB.TParameter.GetPrecision
 0001:000AFAB4       ADODB.TParameter.GetSize
 0001:000AFB74       ADODB.TParameter.GetValue
 0001:000AF34C       ADODB.TParameter.LoadFromStream
 0001:000AF570       ADODB.TParameter.SetAttributes
 0001:000AF674       ADODB.TParameter.SetDataType
 0001:000AF788       ADODB.TParameter.SetName
 0001:000AF848       ADODB.TParameter.SetNumericScale
 0001:000AF988       ADODB.TParameter.SetParameterDirection
 0001:000AFA54       ADODB.TParameter.SetPrecision
 0001:000AFB14       ADODB.TParameter.SetSize
 0001:000AFBD0       ADODB.TParameter.SetValue
 0001:000AE5B8       ADODB.TParameters.AddParameter
 0001:000AE5D0       ADODB.TParameters.AppendParameters
 0001:000AE75C       ADODB.TParameters.AssignValues
 0001:000ADE80       ADODB.TParameters.Create_Parameter
 0001:000AE7F0       ADODB.TParameters.FindParam
 0001:000AECA4       ADODB.TParameters.GetAttr
 0001:000AECD8       ADODB.TParameters.GetAttrCount
 0001:000AEDA0       ADODB.TParameters.GetCommand
 0001:000AEDC0       ADODB.TParameters.GetItem
 0001:000AECE0       ADODB.TParameters.GetItemAttr
 0001:000AEDD4       ADODB.TParameters.GetParamCollection
 0001:000AE534       ADODB.TParameters.InternalRefresh
 0001:000AE8D8       ADODB.TParameters.ParamByName
 0001:000AEAF8       ADODB.TParameters.ParseSQL
 0001:000ADF34       ADODB.TParameters.Refresh
 0001:000AE5B0       ADODB.TParameters.Update
 0001:000AD9D8       ADODB.TRDSConnection.CheckInactive
 0001:000AD9F8       ADODB.TRDSConnection.ClearRefs
 0001:000AD920       ADODB.TRDSConnection.Create
 0001:000AD994       ADODB.TRDSConnection.Destroy
 0001:000ADA3C       ADODB.TRDSConnection.DoConnect
 0001:000ADAF4       ADODB.TRDSConnection.DoDisconnect
 0001:000ADB00       ADODB.TRDSConnection.GetConnected
 0001:000ADD00       ADODB.TRDSConnection.GetRecordset
 0001:000ADDB4       ADODB.TRDSConnection.SetComputerName
 0001:000ADDD0       ADODB.TRDSConnection.SetServerName
 0001:000B3B30       ADODB.UpdateData
 0003:00002748       ADODB.ValidDirectionValues
 0001:000B8BF8       ADODB.VarAlloc
 0001:000ABF9C       ADODB.VarDataSize
 0001:000B2AA8       ADODB.VarToBuffer
 0003:00002740       ADODB.XactAttributeValues
 0003:00002088       ADOInt.CLASS_Command
 0003:00002078       ADOInt.CLASS_Connection
 0003:000020A8       ADOInt.CLASS_DataSpace
 0003:00002098       ADOInt.CLASS_Recordset
 0003:000020B8       ADOInt.DIID_ConnectionEvents
 0003:000020C8       ADOInt.DIID_RecordsetEvents
 0004:00004F40       AppEvnts..3
 0001:000BEA40       AppEvnts..TCustomApplicationEvents
 0001:000BEB0C       AppEvnts..TMultiCaster
 0002:00000974       AppEvnts.AppEvnts
 0001:000BF960       AppEvnts.Finalization
 0003:00002824       AppEvnts.MultiCaster
 0001:000BEBC0       AppEvnts.TCustomApplicationEvents.Create
 0001:000BEC0C       AppEvnts.TCustomApplicationEvents.DoActionExecute
 0001:000BEC20       AppEvnts.TCustomApplicationEvents.DoActionUpdate
 0001:000BEC34       AppEvnts.TCustomApplicationEvents.DoActivate
 0001:000BEC48       AppEvnts.TCustomApplicationEvents.DoDeactivate
 0001:000BEC5C       AppEvnts.TCustomApplicationEvents.DoException
 0001:000BEC8C       AppEvnts.TCustomApplicationEvents.DoHelp
 0001:000BECAC       AppEvnts.TCustomApplicationEvents.DoHint
 0001:000BED24       AppEvnts.TCustomApplicationEvents.DoIdle
 0001:000BED38       AppEvnts.TCustomApplicationEvents.DoMessage
 0001:000BED4C       AppEvnts.TCustomApplicationEvents.DoMinimize
 0001:000BEDEC       AppEvnts.TCustomApplicationEvents.DoModalBegin
 0001:000BEE08       AppEvnts.TCustomApplicationEvents.DoModalEnd
 0001:000BED60       AppEvnts.TCustomApplicationEvents.DoRestore
 0001:000BEDC0       AppEvnts.TCustomApplicationEvents.DoSettingChange
 0001:000BED7C       AppEvnts.TCustomApplicationEvents.DoShortcut
 0001:000BED98       AppEvnts.TCustomApplicationEvents.DoShowHint
 0001:000BEE24       AppEvnts.TMultiCaster.AddAppEvent
 0001:000BEE44       AppEvnts.TMultiCaster.BeginDispatch
 0001:000BEE48       AppEvnts.TMultiCaster.Create
 0001:000BEFC0       AppEvnts.TMultiCaster.Destroy
 0001:000BF0FC       AppEvnts.TMultiCaster.DoActionExecute
 0001:000BF178       AppEvnts.TMultiCaster.DoActionUpdate
 0001:000BF1F4       AppEvnts.TMultiCaster.DoActivate
 0001:000BF268       AppEvnts.TMultiCaster.DoDeactivate
 0001:000BF2DC       AppEvnts.TMultiCaster.DoException
 0001:000BF398       AppEvnts.TMultiCaster.DoHelp
 0001:000BF438       AppEvnts.TMultiCaster.DoHint
 0001:000BF4AC       AppEvnts.TMultiCaster.DoIdle
 0001:000BF528       AppEvnts.TMultiCaster.DoMessage
 0001:000BF5A4       AppEvnts.TMultiCaster.DoMinimize
 0001:000BF878       AppEvnts.TMultiCaster.DoModalBegin
 0001:000BF8EC       AppEvnts.TMultiCaster.DoModalEnd
 0001:000BF618       AppEvnts.TMultiCaster.DoRestore
 0001:000BF788       AppEvnts.TMultiCaster.DoSettingChange
 0001:000BF68C       AppEvnts.TMultiCaster.DoShortcut
 0001:000BF708       AppEvnts.TMultiCaster.DoShowHint
 0001:000BF80C       AppEvnts.TMultiCaster.EndDispatch
 0001:000BF85C       AppEvnts.TMultiCaster.GetAppEvents
 0001:000BF870       AppEvnts.TMultiCaster.GetCount
 0003:00002828       Base64.B64
 0001:000BFB38       Base64.Base64Decode
 0001:000BFC6C       Base64.Base64DecodeStr
 0001:000BF990       Base64.Base64Encode
 0001:000BFAE0       Base64.Base64EncodeStr
 0001:000C8E98       BasicSet..TFrmBasicSet
 0004:00004F9C       BasicSet.FrmBasicSet
 0001:000C90EC       BasicSet.TFrmBasicSet.BtnSaveClick
 0001:000C908C       BasicSet.TFrmBasicSet.Open
 0004:00004CDC       Buttons..5
 0003:00001BC4       Buttons.BitBtnCaptions
 0004:00004CE0       Buttons.BitBtnGlyphs
 0002:0000073C       Buttons.Buttons
 0001:0007106C       Buttons.DestroyLocals
 0001:00071104       Buttons.Finalization
 0004:000049BC       Classes..95
 0001:0001B4CC       Classes..EBitsError
 0001:0001B3BC       Classes..EClassNotFound
 0001:0001B584       Classes..EComponentError
 0001:0001B200       Classes..EFCreateError
 0001:0001B2B4       Classes..EFilerError
 0001:0001B1A0       Classes..EFileStreamError
 0001:0001B25C       Classes..EFOpenError
 0001:0001B63C       Classes..EInvalidOperation
 0001:0001B474       Classes..EListError
 0001:0001B5E0       Classes..EOutOfResources
 0001:0001B30C       Classes..EReadError
 0001:0001B418       Classes..EResNotFound
 0001:0001B144       Classes..EStreamError
 0001:0001B524       Classes..EStringListError
 0001:0001C3F0       Classes..EThread
 0001:0001B364       Classes..EWriteError
 0001:0001C798       Classes..TBasicAction
 0001:0001C718       Classes..TBasicActionLink
 0001:0001B758       Classes..TBits
 0001:0001C29C       Classes..TClassFinder
 0001:0001BA08       Classes..TCollection
 0001:0001B950       Classes..TCollectionItem
 0001:0001C5B8       Classes..TComponent
 0001:0001BF90       Classes..TCustomMemoryStream
 0001:0001C86C       Classes..TDataModule
 0001:0001C2F8       Classes..TFiler
 0001:0001BF08       Classes..TFileStream
 0001:0001BE90       Classes..THandleStream
 0001:0001D7B0       Classes..TIntConst
 0001:0001B89C       Classes..TInterfacedPersistent
 0001:0001B69C       Classes..TList
 0001:0001C00C       Classes..TMemoryStream
 0001:0001BADC       Classes..TOwnedCollection
 0001:0001B7AC       Classes..TPersistent
 0001:00021088       Classes..TPropFixup
 0001:00021100       Classes..TPropIntfFixup
 0001:0001C35C       Classes..TReader
 0001:0001CA58       Classes..TRegGroup
 0001:0001CAB0       Classes..TRegGroups
 0001:0001C088       Classes..TResourceStream
 0001:0001BE20       Classes..TStream
 0001:0001C214       Classes..TStreamAdapter
 0001:0001BD08       Classes..TStringList
 0001:0001BBD0       Classes..TStrings
 0001:0001C444       Classes..TThread
 0001:0001B700       Classes..TThreadList
 0001:0001D754       Classes.ActivateClassGroup
 0003:00000D0C       Classes.AddDataModule
 0001:00021360       Classes.AddFinished
 0001:00021398       Classes.AddNotFinished
 0001:00021F0C       Classes.AddSubComponentsToLoaded
 0001:00024684       Classes.AddThread
 0001:00026648       Classes.AllocateHWnd
 0003:00000D1C       Classes.ApplicationHandleException
 0003:00000D24       Classes.ApplicationShowException
 0001:0001DAAC       Classes.BeginGlobalLoading
 0001:00024570       Classes.BinToHex
 0003:00000DE0       Classes.BlockCode
 0001:0001CA1C       Classes.Bounds
 0001:00026584       Classes.CalcJmpOffset
 0001:00021F48       Classes.CheckSubComponents
 0001:0002469C       Classes.CheckSynchronize
 0002:000001F8       Classes.Classes
 0001:0001D4E4       Classes.ClassNotFound
 0001:00022028       Classes.ComponentCreated
 0003:00000D40       Classes.Convert
 0003:00000D50       Classes.Convert
 0001:000220A8       Classes.CreateComponent
 0001:000266FC       Classes.DeallocateHWnd
 0001:00024638       Classes.DoneThreadSynchronization
 0001:0001F138       Classes.DoWrite
 0001:00026308       Classes.DoWriteHeight
 0001:000262A0       Classes.DoWriteHorizontalOffset
 0001:000262D4       Classes.DoWriteVerticalOffset
 0001:00026278       Classes.DoWriteWidth
 0001:0001DB34       Classes.EndGlobalLoading
 0001:00020EC0       Classes.Error
 0001:0001D084       Classes.Error
 0003:00000D34       Classes.FilerSignature
 0001:00026724       Classes.Finalization
 0001:0001D5A4       Classes.FindClass
 0001:00022258       Classes.FindExistingComponent
 0001:0001D9C4       Classes.FindGlobalComponent
 0004:000049C8       Classes.FindGlobalComponentProcs
 0001:0001D86C       Classes.FindIdentToInt
 0001:00021294       Classes.FindNestedComponent
 0001:000231FC       Classes.FindUniqueName
 0001:00025ED0       Classes.FreeIntConstList
 0001:00026624       Classes.FreeObjectInstance
 0001:0001D550       Classes.GetClass
 0001:0001E710       Classes.GetDesigner
 0001:0001D4D8       Classes.GetFieldClassTable
 0004:000049CC       Classes.GlobalFixupList
 0001:000213E0       Classes.GlobalFixupReferences
 0005:0000000C       Classes.GlobalLists
 0005:00000008       Classes.GlobalLoaded
 0004:000049B0       Classes.GlobalNameSpace
 0001:0001D700       Classes.GroupDescendentsWith
 0001:000229CC       Classes.HandleException
 0001:000245AC       Classes.HexToBin
 0001:0001D8E8       Classes.IdentToInt
 0001:0001DB90       Classes.InitComponent
 0001:0001DC38       Classes.InitInheritedComponent
 0001:00024604       Classes.InitThreadSynchronization
 0004:000049EC       Classes.InstBlockList
 0004:000049F0       Classes.InstFreeList
 0004:000049C0       Classes.IntConstList
 0001:0001DA28       Classes.InternalReadComponentRes
 0001:0001D928       Classes.IntToIdent
 0001:0001CA44       Classes.InvalidPoint
 0001:0001DA04       Classes.IsUniqueGlobalComponentName
 0004:000049B4       Classes.IsUniqueGlobalComponentNameProc
 0001:0002658C       Classes.MakeObjectInstance
 0001:0001E334       Classes.Min
 0001:00025F3C       Classes.ModuleUnload
 0003:00000D38       Classes.NilMethod
 0001:0001E7B0       Classes.NotifyDesigner
 0001:0001DB04       Classes.NotifyGlobalLoading
 0001:0001C9CC       Classes.Point
 0001:0001CE10       Classes.PointerInModule
 0003:00000DC4       Classes.Priorities
 0001:00021700       Classes.PropertyNotFound
 0001:00022ACC       Classes.PropPathError
 0001:000216F4       Classes.PropValueError
 0001:000206B0       Classes.RaiseException
 0001:00023DB0       Classes.ReadCustomVariant
 0001:000216DC       Classes.ReadError
 0001:00022048       Classes.Recover
 0001:0001C9F4       Classes.Rect
 0004:000049C4       Classes.RegGroups
 0001:0001D5C4       Classes.RegisterClass
 0001:0001D634       Classes.RegisterClasses
 0001:0001D96C       Classes.RegisterFindGlobalComponentProc
 0001:0001D840       Classes.RegisterIntegerConsts
 0003:00000D14       Classes.RemoveDataModule
 0001:000215AC       Classes.RemoveFixupReferences
 0001:00021658       Classes.RemoveFixups
 0001:000219F0       Classes.RemoveGlobalFixup
 0001:00024690       Classes.RemoveThread
 0001:00024650       Classes.ResetSyncEvent
 0001:0001F298       Classes.ReturnAddr
 0001:0001DDC8       Classes.ReturnAddr
 0001:000221B8       Classes.SetCompName
 0001:0002172C       Classes.SetElementValue
 0001:00022E24       Classes.SetInterfaceReference
 0001:00022D40       Classes.SetIntIdent
 0001:00022D88       Classes.SetObjectIdent
 0001:00021FC0       Classes.SetSubComponentState
 0001:00022DC8       Classes.SetVariantReference
 0001:00024678       Classes.SignalSyncEvent
 0001:000238D0       Classes.SkipBinary
 0001:00023900       Classes.SkipCollection
 0001:000238A8       Classes.SkipList
 0001:0001C9E4       Classes.SmallPoint
 0001:0001D6B4       Classes.StartClassGroup
 0001:00026564       Classes.StdWndProc
 0001:000204D8       Classes.StringListCompareStrings
 0004:000049B8       Classes.SyncEvent
 0003:00000DC0       Classes.SyncList
 0001:0002593C       Classes.TBasicAction.Change
 0001:000257D0       Classes.TBasicAction.Create
 0001:00025814       Classes.TBasicAction.Destroy
 0001:000258A8       Classes.TBasicAction.Execute
 0001:00025878       Classes.TBasicAction.ExecuteTarget
 0001:00025874       Classes.TBasicAction.HandlesTarget
 0001:0002587C       Classes.TBasicAction.Notification
 0001:00025950       Classes.TBasicAction.RegisterChanges
 0001:0002599C       Classes.TBasicAction.SetActionComponent
 0001:000258E0       Classes.TBasicAction.SetOnExecute
 0001:0002595C       Classes.TBasicAction.UnRegisterChanges
 0001:000258C4       Classes.TBasicAction.Update
 0001:000258A4       Classes.TBasicAction.UpdateTarget
 0001:00025720       Classes.TBasicActionLink.AssignClient
 0001:00025758       Classes.TBasicActionLink.Change
 0001:000256DC       Classes.TBasicActionLink.Create
 0001:00025724       Classes.TBasicActionLink.Destroy
 0001:00025770       Classes.TBasicActionLink.Execute
 0001:000257B8       Classes.TBasicActionLink.IsOnExecuteLinked
 0001:0002578C       Classes.TBasicActionLink.SetAction
 0001:000257BC       Classes.TBasicActionLink.SetOnExecute
 0001:000257C4       Classes.TBasicActionLink.Update
 0001:0001E2EC       Classes.TBits.Destroy
 0001:0001E31C       Classes.TBits.Error
 0001:0001E410       Classes.TBits.OpenBit
 0001:0001E3E4       Classes.TBits.SetBit
 0001:0001E340       Classes.TBits.SetSize
 0001:0001D2F4       Classes.TClassFinder.Create
 0001:0001D420       Classes.TClassFinder.Destroy
 0001:0001D450       Classes.TClassFinder.GetClass
 0001:0001EA90       Classes.TCollection.Add
 0001:0001EEC4       Classes.TCollection.Added
 0001:0001EAB0       Classes.TCollection.Assign
 0001:0001EB48       Classes.TCollection.BeginUpdate
 0001:0001EB4C       Classes.TCollection.Changed
 0001:0001EB5C       Classes.TCollection.Clear
 0001:0001E9F8       Classes.TCollection.Create
 0001:0001EEC8       Classes.TCollection.Deleting
 0001:0001EA44       Classes.TCollection.Destroy
 0001:0001EBC4       Classes.TCollection.EndUpdate
 0001:0001EBD4       Classes.TCollection.GetAttr
 0001:0001EBD0       Classes.TCollection.GetAttrCount
 0001:0001EC00       Classes.TCollection.GetCount
 0001:0001EC08       Classes.TCollection.GetItem
 0001:0001EBE0       Classes.TCollection.GetItemAttr
 0001:0001EC1C       Classes.TCollection.GetNamePath
 0001:0001ECE4       Classes.TCollection.GetPropName
 0001:0001EE00       Classes.TCollection.InsertItem
 0001:0001EECC       Classes.TCollection.Notify
 0001:0001EE68       Classes.TCollection.RemoveItem
 0001:0001EEBC       Classes.TCollection.SetItemName
 0001:0001EEC0       Classes.TCollection.Update
 0001:0001E87C       Classes.TCollectionItem.Changed
 0001:0001E814       Classes.TCollectionItem.Create
 0001:0001E84C       Classes.TCollectionItem.Destroy
 0001:0001E8B8       Classes.TCollectionItem.GetDisplayName
 0001:0001E8A0       Classes.TCollectionItem.GetIndex
 0001:0001E8E0       Classes.TCollectionItem.GetNamePath
 0001:0001E994       Classes.TCollectionItem.GetOwner
 0001:0001E998       Classes.TCollectionItem.SetCollection
 0001:0001E9C0       Classes.TCollectionItem.SetDisplayName
 0001:0001E9C8       Classes.TCollectionItem.SetIndex
 0001:00024F74       Classes.TComponent.BeforeDestruction
 0001:000254AC       Classes.TComponent.ChangeName
 0001:00024EAC       Classes.TComponent.Create
 0001:0002523C       Classes.TComponent.DefineProperties
 0001:00024EF8       Classes.TComponent.Destroy
 0001:00025104       Classes.TComponent.DestroyComponents
 0001:00025160       Classes.TComponent.Destroying
 0001:000255E8       Classes.TComponent.ExecuteAction
 0001:000253CC       Classes.TComponent.FindComponent
 0001:00024F80       Classes.TComponent.FreeNotification
 0001:000252D0       Classes.TComponent.GetChildOwner
 0001:000252D4       Classes.TComponent.GetChildParent
 0001:000252C8       Classes.TComponent.GetChildren
 0001:000254C0       Classes.TComponent.GetComponent
 0001:000254EC       Classes.TComponent.GetComponentCount
 0001:000252D8       Classes.TComponent.GetNamePath
 0001:000252EC       Classes.TComponent.GetOwner
 0001:000252F4       Classes.TComponent.GetParentComponent
 0001:000252C4       Classes.TComponent.HasParent
 0001:00025014       Classes.TComponent.Insert
 0001:00025068       Classes.TComponent.InsertComponent
 0001:000256D8       Classes.TComponent.IntfGetComponent
 0001:00025314       Classes.TComponent.Loaded
 0001:000251DC       Classes.TComponent.Notification
 0001:00025320       Classes.TComponent.PaletteCreated
 0001:00025658       Classes.TComponent.QueryInterface
 0001:00024FD4       Classes.TComponent.ReadLeft
 0001:00025324       Classes.TComponent.ReadState
 0001:00024FE8       Classes.TComponent.ReadTop
 0001:00025040       Classes.TComponent.Remove
 0001:000250CC       Classes.TComponent.RemoveComponent
 0001:000251C0       Classes.TComponent.RemoveFreeNotification
 0001:0002519C       Classes.TComponent.RemoveNotification
 0001:00025638       Classes.TComponent.SafeCallException
 0001:000252F0       Classes.TComponent.SetChildOrder
 0001:000254FC       Classes.TComponent.SetComponentIndex
 0001:00025550       Classes.TComponent.SetDesigning
 0001:0002541C       Classes.TComponent.SetName
 0001:000252F8       Classes.TComponent.SetParentComponent
 0001:000255A0       Classes.TComponent.SetReference
 0001:00025610       Classes.TComponent.UpdateAction
 0001:00025308       Classes.TComponent.Updated
 0001:00025650       Classes.TComponent.UpdateRegistry
 0001:000252FC       Classes.TComponent.Updating
 0001:000253B4       Classes.TComponent.ValidateContainer
 0001:000253C8       Classes.TComponent.ValidateInsert
 0001:00025334       Classes.TComponent.ValidateRename
 0001:00024FFC       Classes.TComponent.WriteLeft
 0001:0002532C       Classes.TComponent.WriteState
 0001:00025008       Classes.TComponent.WriteTop
 0001:00025698       Classes.TComponent._AddRef
 0001:000256B8       Classes.TComponent._Release
 0001:00020C6C       Classes.TCustomMemoryStream.Read
 0001:00020CA4       Classes.TCustomMemoryStream.Seek
 0001:00020C64       Classes.TCustomMemoryStream.SetPointer
 0001:00026084       Classes.TDataModule.AfterConstruction
 0001:000260EC       Classes.TDataModule.BeforeDestruction
 0001:00025F44       Classes.TDataModule.Create
 0001:00026090       Classes.TDataModule.CreateNew
 0001:00026330       Classes.TDataModule.DefineProperties
 0001:00026118       Classes.TDataModule.Destroy
 0001:000261B4       Classes.TDataModule.DoCreate
 0001:00026214       Classes.TDataModule.DoDestroy
 0001:00026444       Classes.TDataModule.GetChildren
 0001:000264B0       Classes.TDataModule.HandleCreateException
 0001:00026520       Classes.TDataModule.ReadHeight
 0001:000264F8       Classes.TDataModule.ReadHorizontalOffset
 0001:000264D0       Classes.TDataModule.ReadState
 0001:0002650C       Classes.TDataModule.ReadVerticalOffset
 0001:000264E4       Classes.TDataModule.ReadWidth
 0001:00026558       Classes.TDataModule.WriteHeight
 0001:00026540       Classes.TDataModule.WriteHorizontalOffset
 0001:0002654C       Classes.TDataModule.WriteVerticalOffset
 0001:00026534       Classes.TDataModule.WriteWidth
 0001:00021014       Classes.TFiler.Create
 0001:0002105C       Classes.TFiler.Destroy
 0001:00021084       Classes.TFiler.SetRoot
 0001:00020A78       Classes.TFileStream.Create
 0001:00020ABC       Classes.TFileStream.Create
 0001:00020C30       Classes.TFileStream.Destroy
 0001:000209B4       Classes.THandleStream.Create
 0001:000209F0       Classes.THandleStream.Read
 0001:00020A10       Classes.THandleStream.Seek
 0001:00020A50       Classes.THandleStream.SetSize
 0001:00020A3C       Classes.THandleStream.SetSize
 0001:00020A00       Classes.THandleStream.Write
 0004:000049E8       Classes.ThreadCount
 0004:000049D0       Classes.ThreadLock
 0001:00024874       Classes.ThreadProc
 0001:0001D808       Classes.TIntConst.Create
 0001:0001E658       Classes.TInterfacedPersistent.AfterConstruction
 0001:0001E6E8       Classes.TInterfacedPersistent.QueryInterface
 0001:0001E6A8       Classes.TInterfacedPersistent._AddRef
 0001:0001E6C8       Classes.TInterfacedPersistent._Release
 0001:0001DD20       Classes.TList.Add
 0001:0001DD54       Classes.TList.Clear
 0001:0001DD6C       Classes.TList.Delete
 0001:0001DD00       Classes.TList.Destroy
 0001:0001DE04       Classes.TList.Error
 0001:0001DDCC       Classes.TList.Error
 0001:0001DE58       Classes.TList.Expand
 0001:0001E0E4       Classes.TList.Extract
 0001:0001DE70       Classes.TList.First
 0001:0001DE78       Classes.TList.Get
 0001:0001DEA0       Classes.TList.Grow
 0001:0001DED4       Classes.TList.IndexOf
 0001:0001DEF4       Classes.TList.Insert
 0001:0001DF60       Classes.TList.Last
 0001:0001DF6C       Classes.TList.Move
 0001:0001E120       Classes.TList.Notify
 0001:0001DFC4       Classes.TList.Put
 0001:0001E014       Classes.TList.Remove
 0001:0001E034       Classes.TList.SetCapacity
 0001:0001E070       Classes.TList.SetCount
 0001:00020CF4       Classes.TMemoryStream.Clear
 0001:00020CC8       Classes.TMemoryStream.Destroy
 0001:00020D0C       Classes.TMemoryStream.LoadFromStream
 0001:00020D98       Classes.TMemoryStream.Realloc
 0001:00020D44       Classes.TMemoryStream.SetCapacity
 0001:00020D6C       Classes.TMemoryStream.SetSize
 0001:00020E18       Classes.TMemoryStream.Write
 0001:0001EEF0       Classes.TOwnedCollection.Create
 0001:0001EF34       Classes.TOwnedCollection.GetOwner
 0001:0001E4B4       Classes.TPersistent.Assign
 0001:0001E4C8       Classes.TPersistent.AssignError
 0001:0001E598       Classes.TPersistent.AssignTo
 0001:0001E5A0       Classes.TPersistent.DefineProperties
 0001:0001E488       Classes.TPersistent.Destroy
 0001:0001E5A4       Classes.TPersistent.GetNamePath
 0001:0001E654       Classes.TPersistent.GetOwner
 0001:00021160       Classes.TPropFixup.Create
 0001:000211B8       Classes.TPropFixup.MakeGlobalReference
 0001:00021200       Classes.TPropFixup.ResolveReference
 0001:00021210       Classes.TPropIntfFixup.ResolveReference
 0001:00021780       Classes.TReader.CheckValue
 0001:000217E0       Classes.TReader.DefineBinaryProperty
 0001:000217A4       Classes.TReader.DefineProperty
 0001:00021744       Classes.TReader.Destroy
 0001:00021A6C       Classes.TReader.DoFixupReferences
 0001:000218C8       Classes.TReader.EndOfList
 0001:000218DC       Classes.TReader.Error
 0001:00023BFC       Classes.TReader.FindAncestorComponent
 0001:00023CF4       Classes.TReader.FindComponentClass
 0001:00021988       Classes.TReader.FindMethod
 0001:00021900       Classes.TReader.FindMethodInstance
 0001:00021BB0       Classes.TReader.FlushBuffer
 0001:00021BD4       Classes.TReader.FreeFixups
 0001:00021C10       Classes.TReader.GetFieldClass
 0001:00021CA8       Classes.TReader.GetPosition
 0001:00021CC0       Classes.TReader.NextValue
 0001:00021CD0       Classes.TReader.PropertyError
 0001:00021CE4       Classes.TReader.Read
 0001:00021D6C       Classes.TReader.ReadBoolean
 0001:00021D30       Classes.TReader.ReadBuffer
 0001:00021D80       Classes.TReader.ReadChar
 0001:00021E3C       Classes.TReader.ReadCollection
 0001:000222FC       Classes.TReader.ReadComponent
 0001:0002273C       Classes.TReader.ReadCurrency
 0001:0002253C       Classes.TReader.ReadData
 0001:000225AC       Classes.TReader.ReadDataInner
 0001:0002278C       Classes.TReader.ReadDate
 0001:000226B4       Classes.TReader.ReadDouble
 0001:0002267C       Classes.TReader.ReadFloat
 0001:000227D0       Classes.TReader.ReadIdent
 0001:00022938       Classes.TReader.ReadInt64
 0001:000228CC       Classes.TReader.ReadInteger
 0001:0002297C       Classes.TReader.ReadListBegin
 0001:00022984       Classes.TReader.ReadListEnd
 0001:0002298C       Classes.TReader.ReadPrefix
 0001:00022AE8       Classes.TReader.ReadProperty
 0001:00022EE4       Classes.TReader.ReadPropValue
 0001:0002325C       Classes.TReader.ReadRootComponent
 0001:00023590       Classes.TReader.ReadSet
 0001:0002364C       Classes.TReader.ReadSignature
 0001:000226F8       Classes.TReader.ReadSingle
 0001:00023670       Classes.TReader.ReadStr
 0001:000236AC       Classes.TReader.ReadString
 0001:0002384C       Classes.TReader.ReadValue
 0001:00023F78       Classes.TReader.ReadVariant
 0001:00021DE0       Classes.TReader.ReadWideChar
 0001:00023768       Classes.TReader.ReadWideString
 0001:00023CB4       Classes.TReader.ReferenceName
 0001:00023CCC       Classes.TReader.SetName
 0001:00023D68       Classes.TReader.SkipBytes
 0001:00023B54       Classes.TReader.SkipComponent
 0001:00023B0C       Classes.TReader.SkipProperty
 0001:00023860       Classes.TReader.SkipSetBody
 0001:0002395C       Classes.TReader.SkipValue
 0001:0001CB08       Classes.TRegGroup.AddClass
 0001:0001CB14       Classes.TRegGroup.BestClass
 0001:0001CB74       Classes.TRegGroup.BestGroup
 0001:0001CBE4       Classes.TRegGroup.Create
 0001:0001CC40       Classes.TRegGroup.Destroy
 0001:0001CC80       Classes.TRegGroup.GetClass
 0001:0001CCE8       Classes.TRegGroup.InGroup
 0001:0001CD2C       Classes.TRegGroup.RegisterClass
 0001:0001CDEC       Classes.TRegGroup.Registered
 0001:0001CE30       Classes.TRegGroup.UnregisterModuleClasses
 0001:0001CEDC       Classes.TRegGroups.Activate
 0001:0001CF28       Classes.TRegGroups.Create
 0001:0001CF9C       Classes.TRegGroups.Destroy
 0001:0001CFFC       Classes.TRegGroups.FindGroup
 0001:0001D040       Classes.TRegGroups.GetClass
 0001:0001D114       Classes.TRegGroups.GroupWith
 0001:0001D1E0       Classes.TRegGroups.Lock
 0001:0001D1EC       Classes.TRegGroups.RegisterClass
 0001:0001D204       Classes.TRegGroups.Registered
 0001:0001D248       Classes.TRegGroups.StartGroup
 0001:0001D298       Classes.TRegGroups.Unlock
 0001:0001D2A4       Classes.TRegGroups.UnregisterModuleClasses
 0001:00020E68       Classes.TResourceStream.Create
 0001:00020FCC       Classes.TResourceStream.Destroy
 0001:00020F60       Classes.TResourceStream.Initialize
 0001:00020FFC       Classes.TResourceStream.Write
 0001:00020860       Classes.TStream.CopyFrom
 0001:000205C4       Classes.TStream.GetPosition
 0001:000205F8       Classes.TStream.GetSize
 0001:000207F0       Classes.TStream.ReadBuffer
 0001:00020954       Classes.TStream.ReadComponent
 0001:000206FC       Classes.TStream.Seek
 0001:00020780       Classes.TStream.Seek
 0001:000205E4       Classes.TStream.SetPosition
 0001:0002065C       Classes.TStream.SetSize
 0001:00020644       Classes.TStream.SetSize
 0001:00020648       Classes.TStream.SetSize64
 0001:00020828       Classes.TStream.WriteBuffer
 0001:00025EB8       Classes.TStreamAdapter.Clone
 0001:00025E0C       Classes.TStreamAdapter.Commit
 0001:00025C04       Classes.TStreamAdapter.CopyTo
 0001:000259C8       Classes.TStreamAdapter.Create
 0001:00025A14       Classes.TStreamAdapter.Destroy
 0001:00025E24       Classes.TStreamAdapter.LockRegion
 0001:00025A4C       Classes.TStreamAdapter.Read
 0001:00025E18       Classes.TStreamAdapter.Revert
 0001:00025B1C       Classes.TStreamAdapter.Seek
 0001:00025BA0       Classes.TStreamAdapter.SetSize
 0001:00025E3C       Classes.TStreamAdapter.Stat
 0001:00025E30       Classes.TStreamAdapter.UnlockRegion
 0001:00025AB4       Classes.TStreamAdapter.Write
 0001:0001FF44       Classes.TStringList.Add
 0001:0001FF54       Classes.TStringList.AddObject
 0001:0001FFB8       Classes.TStringList.Changed
 0001:0001FFD4       Classes.TStringList.Changing
 0001:0001FFF0       Classes.TStringList.Clear
 0001:00020540       Classes.TStringList.CompareStrings
 0001:00020508       Classes.TStringList.CustomSort
 0001:00020030       Classes.TStringList.Delete
 0001:0001FEE8       Classes.TStringList.Destroy
 0001:0002009C       Classes.TStringList.Exchange
 0001:000200F8       Classes.TStringList.ExchangeItems
 0001:0002011C       Classes.TStringList.Find
 0001:000201A0       Classes.TStringList.Get
 0001:000201D4       Classes.TStringList.GetCapacity
 0001:000201D8       Classes.TStringList.GetCount
 0001:000201DC       Classes.TStringList.GetObject
 0001:00020204       Classes.TStringList.Grow
 0001:00020238       Classes.TStringList.IndexOf
 0001:00020274       Classes.TStringList.Insert
 0001:000202D8       Classes.TStringList.InsertItem
 0001:00020284       Classes.TStringList.InsertObject
 0001:00020354       Classes.TStringList.Put
 0001:000203B0       Classes.TStringList.PutObject
 0001:000203F0       Classes.TStringList.QuickSort
 0001:00020484       Classes.TStringList.SetCapacity
 0001:000204A0       Classes.TStringList.SetSorted
 0001:000204C0       Classes.TStringList.SetUpdateState
 0001:000204F8       Classes.TStringList.Sort
 0001:0001EF68       Classes.TStrings.Add
 0001:0001EF8C       Classes.TStrings.AddObject
 0001:0001EFB0       Classes.TStrings.AddStrings
 0001:0001F068       Classes.TStrings.Assign
 0001:0001F120       Classes.TStrings.BeginUpdate
 0001:0001FE70       Classes.TStrings.CompareStrings
 0001:0001F190       Classes.TStrings.DefineProperties
 0001:0001EF38       Classes.TStrings.Destroy
 0001:0001F1DC       Classes.TStrings.EndUpdate
 0001:0001F1F0       Classes.TStrings.Equals
 0001:0001F29C       Classes.TStrings.Error
 0001:0001F2D4       Classes.TStrings.Error
 0001:0001F32C       Classes.TStrings.Exchange
 0001:0001F418       Classes.TStrings.GetCapacity
 0001:0001FD74       Classes.TStrings.GetDelimiter
 0001:0001FD8C       Classes.TStrings.GetLineBreak
 0001:0001FEB4       Classes.TStrings.GetNameValueSeparator
 0001:0001F420       Classes.TStrings.GetObject
 0001:0001FDC0       Classes.TStrings.GetQuoteChar
 0001:0001FDD8       Classes.TStrings.GetStrictDelimiter
 0001:0001F424       Classes.TStrings.GetText
 0001:0001F478       Classes.TStrings.GetTextStr
 0001:0001F5B0       Classes.TStrings.IndexOf
 0001:0001F63C       Classes.TStrings.IndexOfName
 0001:0001F710       Classes.TStrings.IndexOfObject
 0001:0001F744       Classes.TStrings.InsertObject
 0001:0001F774       Classes.TStrings.LoadFromFile
 0001:0001F7C8       Classes.TStrings.LoadFromStream
 0001:0001F874       Classes.TStrings.Move
 0001:0001F924       Classes.TStrings.Put
 0001:0001F954       Classes.TStrings.PutObject
 0001:0001F958       Classes.TStrings.ReadData
 0001:0001FA08       Classes.TStrings.SaveToFile
 0001:0001FA60       Classes.TStrings.SaveToStream
 0001:0001FAC0       Classes.TStrings.SetCapacity
 0001:0001FDF0       Classes.TStrings.SetDelimiter
 0001:0001FE0C       Classes.TStrings.SetLineBreak
 0001:0001FECC       Classes.TStrings.SetNameValueSeparator
 0001:0001FE38       Classes.TStrings.SetQuoteChar
 0001:0001FE54       Classes.TStrings.SetStrictDelimiter
 0001:0001FAC4       Classes.TStrings.SetStringsAdapter
 0001:0001FAF8       Classes.TStrings.SetText
 0001:0001FB48       Classes.TStrings.SetTextStr
 0001:0001FCEC       Classes.TStrings.SetUpdateState
 0001:0001FCF0       Classes.TStrings.WriteData
 0001:00024A60       Classes.TThread.AfterConstruction
 0001:00024B00       Classes.TThread.CallOnTerminate
 0001:00024A6C       Classes.TThread.CheckThreadError
 0001:00024AE8       Classes.TThread.CheckThreadError
 0001:0002491C       Classes.TThread.Create
 0001:000249EC       Classes.TThread.Destroy
 0001:00024B14       Classes.TThread.DoTerminate
 0001:00024B54       Classes.TThread.RemoveQueuedEvents
 0001:00024DD8       Classes.TThread.Resume
 0001:00024B28       Classes.TThread.SetPriority
 0001:00024DB0       Classes.TThread.Synchronize
 0001:00024C14       Classes.TThread.Synchronize
 0001:00024E00       Classes.TThread.Terminate
 0001:00024E08       Classes.TThread.WaitFor
 0001:0001E1F4       Classes.TThreadList.Add
 0001:0001E124       Classes.TThreadList.Create
 0001:0001E178       Classes.TThreadList.Destroy
 0001:0001E27C       Classes.TThreadList.LockList
 0001:0001E290       Classes.TThreadList.Remove
 0001:0001E2E0       Classes.TThreadList.UnlockList
 0001:00024198       Classes.TWriter.Write
 0001:000241FC       Classes.TWriter.WriteBoolean
 0001:000241E4       Classes.TWriter.WriteBuffer
 0001:00024210       Classes.TWriter.WriteIdent
 0001:000242D4       Classes.TWriter.WriteInteger
 0001:00024348       Classes.TWriter.WriteListBegin
 0001:00024350       Classes.TWriter.WriteListEnd
 0001:000243A4       Classes.TWriter.WriteMinStr
 0001:00024358       Classes.TWriter.WriteStr
 0001:00024450       Classes.TWriter.WriteString
 0001:0002455C       Classes.TWriter.WriteValue
 0001:000244A4       Classes.TWriter.WriteWideString
 0001:0001D9AC       Classes.UnregisterFindGlobalComponentProc
 0001:0001D668       Classes.UnRegisterModuleClasses
 0003:00000DE4       Classes.UtilWindowClass
 0001:0002465C       Classes.WaitForSyncEvent
 0003:00000D2C       Classes.WakeMainThread
 0004:00004BB4       Clipbrd..2
 0001:0003CFA4       Clipbrd..TClipboard
 0004:00004BB2       Clipbrd.CF_COMPONENT
 0004:00004BB0       Clipbrd.CF_PICTURE
 0001:0003D5BC       Clipbrd.Clipboard
 0002:000004F8       Clipbrd.Clipbrd
 0004:00004BB8       Clipbrd.FClipboard
 0001:0003D66C       Clipbrd.Finalization
 0001:0003D504       Clipbrd.HasAPicture
 0001:0003D080       Clipbrd.TClipboard.Adding
 0001:0003D4B8       Clipbrd.TClipboard.Assign
 0001:0003D434       Clipbrd.TClipboard.AssignGraphic
 0001:0003D3B0       Clipbrd.TClipboard.AssignPicture
 0001:0003D348       Clipbrd.TClipboard.AssignTo
 0001:0003D27C       Clipbrd.TClipboard.AssignToBitmap
 0001:0003D2E4       Clipbrd.TClipboard.AssignToMetafile
 0001:0003D1C4       Clipbrd.TClipboard.AssignToPicture
 0001:0003D03C       Clipbrd.TClipboard.Clear
 0001:0003D09C       Clipbrd.TClipboard.Close
 0001:0003D638       Clipbrd.TClipboard.Destroy
 0001:0003D144       Clipbrd.TClipboard.GetAsText
 0001:0003D584       Clipbrd.TClipboard.HasFormat
 0001:0003D5DC       Clipbrd.TClipboard.MainWndProc
 0001:0003D0C8       Clipbrd.TClipboard.Open
 0001:0003D124       Clipbrd.TClipboard.WndProc
 0004:00004D24       ComCtrls..76
 0001:000721F0       ComCtrls..TConversion
 0002:00000790       ComCtrls.ComCtrls
 0001:000722B8       ComCtrls.Finalization
 0004:00004D2C       ComCtrls.FRichEditModule
 0003:00001D78       ComCtrls.RTFConversionFormat
 0004:00004D28       ComCtrls.ShellModule
 0001:00072290       ComCtrls.TConversion.ConvertReadStream
 0001:000722A4       ComCtrls.TConversion.ConvertWriteStream
 0003:00001D84       ComCtrls.TextConversionFormat
 0001:000286BC       CommCtrl.ImageList_Add
 0001:000286EC       CommCtrl.ImageList_BeginDrag
 0001:0002869C       CommCtrl.ImageList_Create
 0001:000286A4       CommCtrl.ImageList_Destroy
 0001:000286FC       CommCtrl.ImageList_DragEnter
 0001:00028704       CommCtrl.ImageList_DragLeave
 0001:0002870C       CommCtrl.ImageList_DragMove
 0001:00028714       CommCtrl.ImageList_DragShowNolock
 0001:000286D4       CommCtrl.ImageList_Draw
 0001:000286DC       CommCtrl.ImageList_DrawEx
 0001:000286F4       CommCtrl.ImageList_EndDrag
 0001:000286CC       CommCtrl.ImageList_GetBkColor
 0001:0002872C       CommCtrl.ImageList_GetIconSize
 0001:000286AC       CommCtrl.ImageList_GetImageCount
 0001:0002871C       CommCtrl.ImageList_Read
 0001:000286E4       CommCtrl.ImageList_Remove
 0001:000286C4       CommCtrl.ImageList_SetBkColor
 0001:00028734       CommCtrl.ImageList_SetIconSize
 0001:000286B4       CommCtrl.ImageList_SetImageCount
 0001:00028724       CommCtrl.ImageList_Write
 0001:0002873C       CommCtrl._TrackMouseEvent
 0004:00004F04       ComObj..41
 0001:00089800       ComObj..EOleError
 0001:000898B4       ComObj..EOleException
 0001:00089858       ComObj..EOleSysError
 0001:0008A480       ComObj.ClearExcepInfo
 0003:00002050       ComObj.CoAddRefServerProcess
 0003:00002048       ComObj.CoCreateInstanceEx
 0003:00002060       ComObj.CoInitFlags
[...]
   288 0001:000C5DA4   291 0001:000C5DB8   295 0001:000C603C   296 0001:000C6056
   297 0001:000C6069   298 0001:000C607D   299 0001:000C6084   300 0001:000C6088
   301 0001:000C6093   304 0001:000C60B4   305 0001:000C60BF   306 0001:000C60C7
   315 0001:000C60D8   316 0001:000C60F3   317 0001:000C6100   318 0001:000C6108
   319 0001:000C610D   320 0001:000C610F   321 0001:000C611C   319 0001:000C613C
   323 0001:000C6140   324 0001:000C614A   330 0001:000C61A8   331 0001:000C61C3
   332 0001:000C61D0   333 0001:000C61D8   334 0001:000C61DD   335 0001:000C61DF
   336 0001:000C61EC   334 0001:000C620C   338 0001:000C6210   339 0001:000C621A
   350 0001:000C627C   351 0001:000C62B1   352 0001:000C62BE   353 0001:000C62C6
   354 0001:000C62CA   355 0001:000C62D8   356 0001:000C62DB   357 0001:000C62E2
   358 0001:000C62EE   359 0001:000C62FF   360 0001:000C6317   361 0001:000C6346
   362 0001:000C635E   363 0001:000C638D   364 0001:000C6394   365 0001:000C63A2
   366 0001:000C63B7   368 0001:000C63CC   371 0001:000C63D3   372 0001:000C63E6
   373 0001:000C63F0   374 0001:000C6402   375 0001:000C6415   376 0001:000C6460
   377 0001:000C6489   378 0001:000C6498   379 0001:000C649B   380 0001:000C64A9
   381 0001:000C64B0   382 0001:000C64BC   383 0001:000C64CD   384 0001:000C64DE
   385 0001:000C64EF   386 0001:000C6507   387 0001:000C6534   388 0001:000C654C
   389 0001:000C659D   390 0001:000C65B5   391 0001:000C65BD   392 0001:000C65FA
   393 0001:000C6612   394 0001:000C6663   395 0001:000C667B   396 0001:000C66CC
   397 0001:000C66E4   398 0001:000C6735   399 0001:000C674D   400 0001:000C679E
   401 0001:000C67B6   402 0001:000C6807   403 0001:000C681F   404 0001:000C6870
   405 0001:000C6888   406 0001:000C68D6   407 0001:000C68EE   408 0001:000C68F6
   409 0001:000C6922   410 0001:000C693A   411 0001:000C697A   412 0001:000C6992
   413 0001:000C69C0   414 0001:000C69D8   415 0001:000C6A05   416 0001:000C6A0C
   417 0001:000C6A29   418 0001:000C6A36   419 0001:000C6A44   420 0001:000C6A4B
   421 0001:000C6A57   422 0001:000C6A68   423 0001:000C6A80   424 0001:000C6AC0
   425 0001:000C6AD8   426 0001:000C6B18   427 0001:000C6B30   428 0001:000C6B70
   429 0001:000C6B77   430 0001:000C6B7E   432 0001:000C6BDF   435 0001:000C6BF7
   438 0001:000C6C02   442 0001:000C6C13   444 0001:000C6C2A   446 0001:000C6C2E
   447 0001:000C6C38   448 0001:000C6C49   449 0001:000C6C58   450 0001:000C6C5D
   451 0001:000C6C74   452 0001:000C6C77   455 0001:000C6C79   447 0001:000C6C7A
   456 0001:000C6C7D   457 0001:000C6C97   458 0001:000C6D21   460 0001:000C6D76
   461 0001:000C6D87   462 0001:000C6D96   463 0001:000C6D9B   464 0001:000C6DB2
   465 0001:000C6DB5   468 0001:000C6DB7   460 0001:000C6DB8   469 0001:000C6DBB
   470 0001:000C6DD5   472 0001:000C6E11   481 0001:000C73BC   482 0001:000C73E4
   483 0001:000C73EA   484 0001:000C73F5   485 0001:000C7406   486 0001:000C740A
   487 0001:000C740C   488 0001:000C7422   490 0001:000C744C   501 0001:000C7498
   502 0001:000C74C9   503 0001:000C74D6   504 0001:000C74E1   505 0001:000C7504
   506 0001:000C7527   507 0001:000C754A   508 0001:000C755E   509 0001:000C7588
   510 0001:000C7596   511 0001:000C7599   512 0001:000C75A0   513 0001:000C75AC
   514 0001:000C75BD   515 0001:000C75D5   516 0001:000C7611   517 0001:000C7629
   518 0001:000C765A   519 0001:000C7668   520 0001:000C766F   521 0001:000C768D
   523 0001:000C76A3   527 0001:000C76BC   529 0001:000C76D3   530 0001:000C76DC
   531 0001:000C76E5   533 0001:000C76EC   534 0001:000C76F2   535 0001:000C7707
   537 0001:000C7739   538 0001:000C774F   540 0001:000C777F   551 0001:000C787C
   552 0001:000C78AD   553 0001:000C78BA   554 0001:000C78C5   555 0001:000C78E8
   556 0001:000C790B   557 0001:000C792E   558 0001:000C7942   559 0001:000C796C
   560 0001:000C797A   561 0001:000C797D   562 0001:000C7984   563 0001:000C7990
   564 0001:000C79A1   565 0001:000C79B9   566 0001:000C79F5   567 0001:000C7A0D
   568 0001:000C7A3E   569 0001:000C7A4C   570 0001:000C7A53   571 0001:000C7A71
   573 0001:000C7A87   577 0001:000C7AA0   579 0001:000C7AB7   580 0001:000C7AC0
   581 0001:000C7AC9   583 0001:000C7AD0   584 0001:000C7AD6   585 0001:000C7AEB
   587 0001:000C7B1D   588 0001:000C7B33   590 0001:000C7B63   600 0001:000C7C60
   602 0001:000C7C8F   603 0001:000C7C9C   604 0001:000C7CA7   605 0001:000C7CCB
   606 0001:000C7CD9   607 0001:000C7CDC   608 0001:000C7CE3   609 0001:000C7CEF
   610 0001:000C7D00   611 0001:000C7D11   612 0001:000C7D29   613 0001:000C7D52
   614 0001:000C7D6A   615 0001:000C7D93   616 0001:000C7D9A   617 0001:000C7DA8
   618 0001:000C7DBC   620 0001:000C7DD0   623 0001:000C7DE4   625 0001:000C7DFB
   626 0001:000C7E08   627 0001:000C7E14   628 0001:000C7E1B   629 0001:000C7E22
   630 0001:000C7E29   631 0001:000C7E30   632 0001:000C7E33   633 0001:000C7E38
   634 0001:000C7E4D   636 0001:000C7E7F   637 0001:000C7E94   639 0001:000C7EC4
   657 0001:000C7FFC   658 0001:000C802B   659 0001:000C8038   660 0001:000C8046
   661 0001:000C8049   662 0001:000C8050   663 0001:000C805C   664 0001:000C806D
   665 0001:000C807E   666 0001:000C8096   667 0001:000C80BF   668 0001:000C80D7
   669 0001:000C8100   670 0001:000C8107   671 0001:000C8115   672 0001:000C8129
   673 0001:000C813D   674 0001:000C8151   675 0001:000C8165   676 0001:000C8179
   678 0001:000C818D   681 0001:000C81A1   684 0001:000C81B8   685 0001:000C81C3
   686 0001:000C81E6   687 0001:000C8209   688 0001:000C822C   689 0001:000C824F
   690 0001:000C8272   691 0001:000C82A4   695 0001:000C831A   696 0001:000C835A
   699 0001:000C837B   709 0001:000C85F0   710 0001:000C861F   711 0001:000C862C
   712 0001:000C863A   713 0001:000C863D   714 0001:000C8644   715 0001:000C8650
   716 0001:000C8661   717 0001:000C8679   718 0001:000C86A2   719 0001:000C86BA
   720 0001:000C86E3   721 0001:000C86EA   722 0001:000C86F8   723 0001:000C870C
   725 0001:000C8720   728 0001:000C8734   731 0001:000C874B   732 0001:000C8756
   733 0001:000C8779   734 0001:000C87A2   735 0001:000C87B3   736 0001:000C87D9
   737 0001:000C8819   741 0001:000C883A   744 0001:000C8998   745 0001:000C89B5
   746 0001:000C89C3   747 0001:000C89F6   748 0001:000C8A16   749 0001:000C8A36
   750 0001:000C8A53   751 0001:000C8A70   752 0001:000C8A8D   753 0001:000C8AAA
   756 0001:000C8AE0   757 0001:000C8AE2   758 0001:000C8B10   761 0001:000C8B24
   765 0001:000C8B84   766 0001:000C8B9E   767 0001:000C8BB1   769 0001:000C8BC5
   770 0001:000C8BC9   771 0001:000C8BD4   774 0001:000C8BF4   775 0001:000C8BFF
   776 0001:000C8C07   781 0001:000C8C18   782 0001:000C8C3B   784 0001:000C8C49
   785 0001:000C8C57   786 0001:000C8C5A   787 0001:000C8C61   788 0001:000C8C6D
   789 0001:000C8C7E   790 0001:000C8C96   791 0001:000C8CC7   792 0001:000C8CDF
   793 0001:000C8D0C   794 0001:000C8D13   795 0001:000C8D27   796 0001:000C8D2E
   797 0001:000C8D47   827 0001:000C8D6C   830 0001:000C8D9E   831 0001:000C8DA0
   832 0001:000C8DB1   835 0001:000C8DC5   837 0001:000C8EC6

Line numbers for BasicSet(BasicSet.pas) segment .text

    32 0001:000C908C    33 0001:000C90A2    34 0001:000C90BF    35 0001:000C90C9
    40 0001:000C90EC    41 0001:000C9108    43 0001:000C9126    44 0001:000C9159
    45 0001:000C9172    46 0001:000C9179    47 0001:000C9180    49 0001:000C9222

Line numbers for Main(Main.pas) segment .text

   118 0001:000C96F4   119 0001:000C971B   120 0001:000C9725   121 0001:000C9733
   122 0001:000C974D   124 0001:000C979D   126 0001:000C97AF   129 0001:000C97F8
   131 0001:000C97FB   132 0001:000C980B   133 0001:000C981F   134 0001:000C9836
   135 0001:000C984D   136 0001:000C9864   137 0001:000C987B   138 0001:000C9883
   139 0001:000C9890   140 0001:000C989D   143 0001:000C9900   144 0001:000C9903
   145 0001:000C9910   146 0001:000C991A   147 0001:000C9927   148 0001:000C992E
   150 0001:000C9938   151 0001:000C993F   152 0001:000C9947   154 0001:000C994E
   160 0001:000C9950   161 0001:000C9972   163 0001:000C997F   164 0001:000C99CB
   165 0001:000C99D3   166 0001:000C99DB   167 0001:000C99E8   169 0001:000C99F5
   170 0001:000C9A28   171 0001:000C9A2C   172 0001:000C9A4D   174 0001:000C9A54
   175 0001:000C9A5A   176 0001:000C9A63   177 0001:000C9A72   178 0001:000C9A76
   179 0001:000C9A86   188 0001:000C9A96   190 0001:000C9AAB   191 0001:000C9AF7
   193 0001:000C9AFC   195 0001:000C9B0C   196 0001:000C9B58   199 0001:000C9B5D
   200 0001:000C9BA9   201 0001:000C9BB6   202 0001:000C9BC7   203 0001:000C9BD8
   208 0001:000C9BE5   209 0001:000C9BF2   210 0001:000C9BFF   211 0001:000C9C0C
   212 0001:000C9C13   219 0001:000C9D24   221 0001:000C9D2A   222 0001:000C9D36
   223 0001:000C9D3E   224 0001:000C9D46   225 0001:000C9D53   227 0001:000C9D60
   228 0001:000C9D6D   229 0001:000C9D7A   230 0001:000C9D80   231 0001:000C9D8E
   232 0001:000C9D98   230 0001:000C9D99   233 0001:000C9D9C   234 0001:000C9DA4
   235 0001:000C9DAD   236 0001:000C9DB9   237 0001:000C9DC0   307 0001:000C9DF8
   308 0001:000C9E2B   309 0001:000C9E33   310 0001:000C9E3E   312 0001:000C9E46
   313 0001:000C9E50   315 0001:000C9E5E   316 0001:000C9E72   317 0001:000C9E96
   318 0001:000C9EA0   320 0001:000C9EAE   321 0001:000C9EBB   322 0001:000C9EE0
   323 0001:000C9EEA   324 0001:000C9F0D   325 0001:000C9F13   326 0001:000C9F3F
   327 0001:000C9F5C   328 0001:000C9F6D   329 0001:000C9F87   330 0001:000C9F97
   331 0001:000C9FA8   332 0001:000C9FBE   333 0001:000C9FEC   334 0001:000C9FF7
   337 0001:000CA012   338 0001:000CA02C   339 0001:000CA03E   340 0001:000CA057
   341 0001:000CA069   342 0001:000CA073   344 0001:000CA081   349 0001:000CA092
   328 0001:000CA095   350 0001:000CA09C   326 0001:000CA09F   319 0001:000CA0A8
   314 0001:000CA0AD   354 0001:000CA0BA   356 0001:000CA0CC   361 0001:000CA11C
   362 0001:000CA13B   363 0001:000CA145   364 0001:000CA153   365 0001:000CA167
   366 0001:000CA18D   364 0001:000CA18E   367 0001:000CA191   369 0001:000CA1A8
   371 0001:000CA1BA   375 0001:000CA1E0   376 0001:000CA1E3   377 0001:000CA200
   379 0001:000CA20E   383 0001:000CA238   384 0001:000CA23D   387 0001:000CA240
   388 0001:000CA246   389 0001:000CA250   390 0001:000CA26D   391 0001:000CA277
   392 0001:000CA284   394 0001:000CA289   396 0001:000CA28C   403 0001:000CA2B4
   404 0001:000CA2DA   405 0001:000CA2EC   406 0001:000CA2EE   407 0001:000CA303
   408 0001:000CA30D   409 0001:000CA315   410 0001:000CA324   411 0001:000CA32C
   412 0001:000CA331   413 0001:000CA336   414 0001:000CA33E   415 0001:000CA34A
   416 0001:000CA358   417 0001:000CA365   419 0001:000CA3B4   421 0001:000CA3C8
   426 0001:000CA420   427 0001:000CA423   428 0001:000CA42A   429 0001:000CA431
   437 0001:000CA438   438 0001:000CA457   439 0001:000CA45F   440 0001:000CA46B
   441 0001:000CA479   442 0001:000CA48A   443 0001:000CA499   444 0001:000CA4A0
   445 0001:000CA4B6   447 0001:000CA4B8   441 0001:000CA4B9   449 0001:000CA4C9
   451 0001:000CA4DD   461 0001:000CA504   462 0001:000CA52C   463 0001:000CA534
   464 0001:000CA540   465 0001:000CA54E   466 0001:000CA568   467 0001:000CA578
   468 0001:000CA583   469 0001:000CA596   470 0001:000CA5A3   471 0001:000CA5C7
   472 0001:000CA5D4   468 0001:000CA5D7   473 0001:000CA5DA   474 0001:000CA5E2
   475 0001:000CA5EF   476 0001:000CA5FD   477 0001:000CA64B   479 0001:000CA64D
   465 0001:000CA650   481 0001:000CA664   483 0001:000CA678   491 0001:000CA6D8
   492 0001:000CA6E7   493 0001:000CA6F3   494 0001:000CA701   495 0001:000CA70C
   497 0001:000CA711   498 0001:000CA71F   499 0001:000CA72F   500 0001:000CA735
   502 0001:000CA742   504 0001:000CA744   505 0001:000CA74C   506 0001:000CA758
   510 0001:000CA76C   511 0001:000CA772   512 0001:000CA77C   515 0001:000CA78B
   503 0001:000CA78C   518 0001:000CA78E   496 0001:000CA791   520 0001:000CA796
   521 0001:000CA7A4   522 0001:000CA7B5   524 0001:000CA7D2   526 0001:000CA7E6
   532 0001:000CA7F0   533 0001:000CA817   534 0001:000CA819   537 0001:000CA827
   538 0001:000CA839   539 0001:000CA85E   540 0001:000CA864   541 0001:000CA875
   542 0001:000CA8A1   545 0001:000CA8B8   546 0001:000CA8C5   548 0001:000CA8C6
   536 0001:000CA8D0   551 0001:000CA8DF   553 0001:000CA8F1   563 0001:000CA968
   564 0001:000CA995   565 0001:000CA9A3   567 0001:000CA9A5   568 0001:000CA9B7
   569 0001:000CA9DC   570 0001:000CA9E6   571 0001:000CA9EF   572 0001:000CAA0F
   574 0001:000CAA2C   575 0001:000CAA36   578 0001:000CAA43   579 0001:000CAA5B
   582 0001:000CAA73   583 0001:000CAA8B   586 0001:000CAAA3   587 0001:000CAAAE
   591 0001:000CAAC2   592 0001:000CAACF   566 0001:000CAAD0   596 0001:000CAAE4
   598 0001:000CAAF6   604 0001:000CAB74   606 0001:000CAB96   607 0001:000CAB9C
   608 0001:000CABD0   614 0001:000CABDC   615 0001:000CABDE   623 0001:000CAC0C
   624 0001:000CAC40   625 0001:000CAC4E   626 0001:000CAC64   627 0001:000CAC86
   629 0001:000CAC91   631 0001:000CACF2   632 0001:000CAD0C   633 0001:000CAD19
   634 0001:000CAD23   635 0001:000CAD35   638 0001:000CAD46   639 0001:000CAD62
   640 0001:000CAD6C   641 0001:000CAD76   642 0001:000CAD88   645 0001:000CAD99
   646 0001:000CADB5   647 0001:000CADBF   648 0001:000CADC9   649 0001:000CADDB
   652 0001:000CADEC   653 0001:000CAE06   654 0001:000CAE13   655 0001:000CAE1D
   656 0001:000CAE2F   659 0001:000CAE40   660 0001:000CAE5C   661 0001:000CAE66
   662 0001:000CAE70   663 0001:000CAE82   666 0001:000CAE93   667 0001:000CAEAF
   668 0001:000CAEB9   669 0001:000CAEC3   670 0001:000CAED5   673 0001:000CAEE6
   674 0001:000CAF02   675 0001:000CAF0C   676 0001:000CAF16   677 0001:000CAF28
   680 0001:000CAF39   681 0001:000CAF55   682 0001:000CAF5F   683 0001:000CAF69
   684 0001:000CAF7B   687 0001:000CAF89   688 0001:000CAFA5   689 0001:000CAFAF
   690 0001:000CAFB9   691 0001:000CAFCB   695 0001:000CAFE6   697 0001:000CB01F
   701 0001:000CB0AC   702 0001:000CB0BE   711 0001:000CB0D8   712 0001:000CB108
   713 0001:000CB119   714 0001:000CB128   715 0001:000CB135   716 0001:000CB13E
   717 0001:000CB173   718 0001:000CB180   719 0001:000CB18D   721 0001:000CB18F
   712 0001:000CB190   722 0001:000CB193   733 0001:000CB1D0   734 0001:000CB211
   735 0001:000CB234   736 0001:000CB242   737 0001:000CB253   738 0001:000CB262
   739 0001:000CB26F   740 0001:000CB27A   741 0001:000CB282   742 0001:000CB28A
   744 0001:000CB297   736 0001:000CB298   745 0001:000CB29B   746 0001:000CB2AD
   747 0001:000CB2B8   748 0001:000CB2C3   749 0001:000CB2CA   751 0001:000CB2D2
   752 0001:000CB2DA   753 0001:000CB2DE   754 0001:000CB2E2   756 0001:000CB2EF
   757 0001:000CB2FC   758 0001:000CB305   760 0001:000CB356   762 0001:000CB368
   769 0001:000CB3D4   770 0001:000CB401   771 0001:000CB40F   772 0001:000CB420
   773 0001:000CB42F   774 0001:000CB43C   775 0001:000CB44F   777 0001:000CB45A
   779 0001:000CB45C   771 0001:000CB45D   781 0001:000CB46F   783 0001:000CB481
   860 0001:000CB4D4   861 0001:000CB503   862 0001:000CB50D   863 0001:000CB52F
   865 0001:000CB539  1138 0001:000CB590  1139 0001:000CB5B3  1140 0001:000CB5C0
  1141 0001:000CB5D8  1143 0001:000CB650  1144 0001:000CB68A  1145 0001:000CB69D
  1147 0001:000CB6E6  1148 0001:000CB6EB  1149 0001:000CB6F3  1150 0001:000CB6FF
  1151 0001:000CB70D  1152 0001:000CB71E  1153 0001:000CB72D  1154 0001:000CB73C
  1155 0001:000CB751  1156 0001:000CB769  1157 0001:000CB781  1158 0001:000CB799
  1159 0001:000CB7B1  1160 0001:000CB7D1  1161 0001:000CB80D  1162 0001:000CB831
  1163 0001:000CB855  1164 0001:000CB87C  1165 0001:000CB87D  1152 0001:000CB87E
  1167 0001:000CB889  1168 0001:000CB8A3  1169 0001:000CB8BA  1170 0001:000CB8BF
  1171 0001:000CB8D3  1168 0001:000CB8D4  1172 0001:000CB8D7  1167 0001:000CB8D8
  1175 0001:000CB8EA  1178 0001:000CB8FE  1179 0001:000CB912  1180 0001:000CB927
  1181 0001:000CB935  1182 0001:000CB945  1183 0001:000CB958  1184 0001:000CB96B
  1210 0001:000CB97B  1477 0001:000CBA00  1479 0001:000CBA16  1480 0001:000CBA2D
  1486 0001:000CBA7C  1487 0001:000CBA92  1488 0001:000CBA9C  1489 0001:000CBAAB
  1493 0001:000CBACC  1494 0001:000CBAE9  1495 0001:000CBAF1  1496 0001:000CBB36
  1501 0001:000CBB94  1502 0001:000CBB9C  1507 0001:000CBBA0  1508 0001:000CBBA3
  1509 0001:000CBBAA  1510 0001:000CBBB1  1511 0001:000CBBB9  1515 0001:000CBBC0
  1516 0001:000CBBC5  1519 0001:000CBBC8  1520 0001:000CBBCB  1521 0001:000CBBE8
  1522 0001:000CBBEF  1526 0001:000CBC14  1527 0001:000CBC21  1530 0001:000CBC24
  1531 0001:000CBC27  1532 0001:000CBC3E  1533 0001:000CBC4A  1534 0001:000CBC56
  1540 0001:000CBC58  1541 0001:000CBC7F  1542 0001:000CBC89  1543 0001:000CBCA3
  1545 0001:000CBCAD  1556 0001:000CBCEC  1557 0001:000CBD05  1558 0001:000CBD0F
  1559 0001:000CBD1B  1560 0001:000CBD25  1562 0001:000CBD2F

Line numbers for Main(Main.pas) segment .itext

  1547 0002:00000A38  1549 0002:00000A41  1550 0002:00000A48  1551 0002:00000A59
  1552 0002:00000A6D  1553 0002:00000A77  1555 0002:00000A81

Line numbers for DM(DM.pas) segment .text

    35 0001:000CBE7C    36 0001:000CBE9F    38 0001:000CBEAC    39 0001:000CBEB9
    40 0001:000CBEC6    42 0001:000CBED3    43 0001:000CBEDE    44 0001:000CBEEB
    45 0001:000CBEF8    49 0001:000CBF6E    50 0001:000CBF7E    51 0001:000CBF8E
    52 0001:000CBF9C    54 0001:000CBFC4    55 0001:000CBFC6    56 0001:000CBFD3
    57 0001:000CBFE4    60 0001:000CBFF8    61 0001:000CC007    62 0001:000CC00B
    63 0001:000CC00D    68 0001:000CC170    69 0001:000CC193    71 0001:000CC1A0
    72 0001:000CC1AD    73 0001:000CC1BA    75 0001:000CC1C7    76 0001:000CC1D2
    77 0001:000CC1DF    78 0001:000CC1EC    82 0001:000CC262    83 0001:000CC272
    84 0001:000CC282    85 0001:000CC290    87 0001:000CC2B8    88 0001:000CC2BA
    89 0001:000CC2C7    90 0001:000CC2D8    93 0001:000CC2EC    94 0001:000CC2FB
    95 0001:000CC2FF    96 0001:000CC301   101 0001:000CC468   103 0001:000CC497

Line numbers for Share(Share.pas) segment .text

    72 0001:000CC4DC    73 0001:000CC510    74 0001:000CC521    75 0001:000CC536
    77 0001:000CC544    78 0001:000CC54C    79 0001:000CC559    80 0001:000CC590
    81 0001:000CC5A9    82 0001:000CC5DB    83 0001:000CC5E3    84 0001:000CC5F8
    87 0001:000CC609    88 0001:000CC611    90 0001:000CC628    94 0001:000CC6B8
    95 0001:000CC6E2    97 0001:000CC6F0    98 0001:000CC6F7    99 0001:000CC703
   100 0001:000CC72F   101 0001:000CC736   102 0001:000CC752   105 0001:000CC772
   106 0001:000CC77A   145 0001:000CC7D4   146 0001:000CC818   147 0001:000CC829
   148 0001:000CC83E   150 0001:000CC84C   151 0001:000CC854   152 0001:000CC861
   153 0001:000CC873   154 0001:000CC88C   155 0001:000CC8BE   156 0001:000CC8D7
   157 0001:000CC909   158 0001:000CC922   159 0001:000CC949   160 0001:000CC962
   161 0001:000CC989   164 0001:000CC99E   165 0001:000CC9A6   167 0001:000CC9BD
   170 0001:000CCA8C   171 0001:000CCA92   172 0001:000CCABA   178 0001:000CCAC4
   179 0001:000CCAE9   180 0001:000CCAED   181 0001:000CCAFE   182 0001:000CCB0D
   183 0001:000CCB1A   185 0001:000CCB1E   180 0001:000CCB1F   186 0001:000CCB22

Line numbers for Share(Share.pas) segment .itext

   188 0002:00000A84

Line numbers for W2Server(W2Server.dpr) segment .itext

    19 0002:00000A8C    20 0002:00000AA3    21 0002:00000AAA    22 0002:00000AB6
    23 0002:00000AC9    24 0002:00000ADC    25 0002:00000AEF    26 0002:00000AF6

Bound resource files

c:\program files (x86)\codegear\rad studio\5.0\lib\Controls.res
c:\program files (x86)\codegear\rad studio\5.0\lib\Buttons.res
C:\Program Files (x86)\Raize\RC5\Lib\BDS2006\RzCmboBx.res
c:\program files (x86)\codegear\rad studio\5.0\lib\ExtDlgs.res
C:\Program Files (x86)\Raize\RC5\Lib\BDS2006\RzCommonBitmaps.res
C:\Program Files (x86)\Raize\RC5\Lib\BDS2006\RzCommonCursors.res
C:\Program Files (x86)\Raize\RC5\Lib\BDS2006\RzToolbarForm.dfm
C:\Program Files (x86)\Raize\RC5\Lib\BDS2006\RzSplit.res
BasicSet.dfm
Main.dfm
DM.dfm
W2Server.res
W2Server.drf


Program entry point at 0002:00000A8C
