
 Start         Length     Name                   Class
 0001:00000000 0007E330H .text                   CODE
 0002:00000000 000019C4H .data                   DATA
 0002:000019C4 00000C9DH .bss                    BSS


Detailed map of segments

 0001:00000000 00004E43 C=CODE     S=.text    G=(none)   M=System   ACBP=A9
 0001:00004E44 000001CC C=CODE     S=.text    G=(none)   M=SysInit  ACBP=A9
 0001:00005010 000000BC C=CODE     S=.text    G=(none)   M=Types    ACBP=A9
 0001:000050CC 00000CE8 C=CODE     S=.text    G=(none)   M=Windows  ACBP=A9
 0001:00005DB4 00000338 C=CODE     S=.text    G=(none)   M=SysConst ACBP=A9
 0001:000060EC 000066EC C=CODE     S=.text    G=(none)   M=SysUtils ACBP=A9
 0001:0000C7D8 00000038 C=CODE     S=.text    G=(none)   M=Messages ACBP=A9
 0001:0000C810 000007FB C=CODE     S=.text    G=(none)   M=VarUtils ACBP=A9
 0001:0000D00C 000066BA C=CODE     S=.text    G=(none)   M=Variants ACBP=A9
 0001:000136C8 00000148 C=CODE     S=.text    G=(none)   M=RTLConsts ACBP=A9
 0001:00013810 00001244 C=CODE     S=.text    G=(none)   M=TypInfo  ACBP=A9
 0001:00014A54 00000058 C=CODE     S=.text    G=(none)   M=ActiveX  ACBP=A9
 0001:00014AAC 0000C77E C=CODE     S=.text    G=(none)   M=Classes  ACBP=A9
 0001:0002122C 00000038 C=CODE     S=.text    G=(none)   M=EngineType ACBP=A9
 0001:00021264 00000108 C=CODE     S=.text    G=(none)   M=EngineAPI ACBP=A9
 0001:0002136C 00000787 C=CODE     S=.text    G=(none)   M=MultiMon ACBP=A9
 0001:00021AF4 000002C0 C=CODE     S=.text    G=(none)   M=Consts   ACBP=A9
 0001:00021DB4 000074E7 C=CODE     S=.text    G=(none)   M=Graphics ACBP=A9
 0001:0002929C 00000048 C=CODE     S=.text    G=(none)   M=Math     ACBP=A9
 0001:000292E4 000002B8 C=CODE     S=.text    G=(none)   M=Contnrs  ACBP=A9
 0001:0002959C 000005C8 C=CODE     S=.text    G=(none)   M=CommCtrl ACBP=A9
 0001:00029B64 00000038 C=CODE     S=.text    G=(none)   M=Imm      ACBP=A9
 0001:00029B9C 00000FF8 C=CODE     S=.text    G=(none)   M=HelpIntfs ACBP=A9
 0001:0002AB94 00000038 C=CODE     S=.text    G=(none)   M=WinSpool ACBP=A9
 0001:0002ABCC 00000044 C=CODE     S=.text    G=(none)   M=Printers ACBP=A9
 0001:0002AC10 0000031F C=CODE     S=.text    G=(none)   M=FlatSB   ACBP=A9
 0001:0002AF30 000001A4 C=CODE     S=.text    G=(none)   M=SyncObjs ACBP=A9
 0001:0002B0D4 000009BB C=CODE     S=.text    G=(none)   M=UxTheme  ACBP=A9
 0001:0002BA90 00000038 C=CODE     S=.text    G=(none)   M=RichEdit ACBP=A9
 0001:0002BAC8 00000038 C=CODE     S=.text    G=(none)   M=ToolWin  ACBP=A9
 0001:0002BB00 00000038 C=CODE     S=.text    G=(none)   M=ShellAPI ACBP=A9
 0001:0002BB38 00000038 C=CODE     S=.text    G=(none)   M=RegStr   ACBP=A9
 0001:0002BB70 00000038 C=CODE     S=.text    G=(none)   M=WinInet  ACBP=A9
 0001:0002BBA8 00000038 C=CODE     S=.text    G=(none)   M=UrlMon   ACBP=A9
 0001:0002BBE0 0000006C C=CODE     S=.text    G=(none)   M=ShlObj   ACBP=A9
 0001:0002BC4C 00000038 C=CODE     S=.text    G=(none)   M=CommDlg  ACBP=A9
 0001:0002BC84 00000038 C=CODE     S=.text    G=(none)   M=Dlgs     ACBP=A9
 0001:0002BCBC 00000A0D C=CODE     S=.text    G=(none)   M=Dialogs  ACBP=A9
 0001:0002C6CC 00000048 C=CODE     S=.text    G=(none)   M=ComStrs  ACBP=A9
 0001:0002C714 00000094 C=CODE     S=.text    G=(none)   M=Clipbrd  ACBP=A9
 0001:0002C7A8 00000038 C=CODE     S=.text    G=(none)   M=StrUtils ACBP=A9
 0001:0002C7E0 00002731 C=CODE     S=.text    G=(none)   M=Buttons  ACBP=A9
 0001:0002EF14 00000038 C=CODE     S=.text    G=(none)   M=ExtDlgs  ACBP=A9
 0001:0002EF4C 00001014 C=CODE     S=.text    G=(none)   M=IniFiles ACBP=A9
 0001:0002FF60 000007D8 C=CODE     S=.text    G=(none)   M=Registry ACBP=A9
 0001:00030738 0000006C C=CODE     S=.text    G=(none)   M=Mapi     ACBP=A9
 0001:000307A4 00000058 C=CODE     S=.text    G=(none)   M=ExtActns ACBP=A9
 0001:000307FC 00001C44 C=CODE     S=.text    G=(none)   M=ListActns ACBP=A9
 0001:00032440 0000A140 C=CODE     S=.text    G=(none)   M=ComCtrls ACBP=A9
 0001:0003C580 00000C28 C=CODE     S=.text    G=(none)   M=Themes   ACBP=A9
 0001:0003D1A8 0000BBE4 C=CODE     S=.text    G=(none)   M=StdCtrls ACBP=A9
 0001:00048D8C 00000168 C=CODE     S=.text    G=(none)   M=StdActns ACBP=A9
 0001:00048EF4 00000D1F C=CODE     S=.text    G=(none)   M=WinHelpViewer ACBP=A9
 0001:00049C14 00001326 C=CODE     S=.text    G=(none)   M=ActnList ACBP=A9
 0001:0004AF3C 0000C2A0 C=CODE     S=.text    G=(none)   M=Forms    ACBP=A9
 0001:000571DC 00001B9C C=CODE     S=.text    G=(none)   M=ImgList  ACBP=A9
 0001:00058D78 00006639 C=CODE     S=.text    G=(none)   M=Menus    ACBP=A9
 0001:0005F3B4 0001127F C=CODE     S=.text    G=(none)   M=Controls ACBP=A9
 0001:00070634 00000F7E C=CODE     S=.text    G=(none)   M=ExtCtrls ACBP=A9
 0001:000715B4 00000054 C=CODE     S=.text    G=(none)   M=PlugShare ACBP=A9
 0001:00071608 00000280 C=CODE     S=.text    G=(none)   M=HUtil32  ACBP=A9
 0001:00071888 00001B70 C=CODE     S=.text    G=(none)   M=PlayShop ACBP=A9
 0001:000733F8 00000054 C=CODE     S=.text    G=(none)   M=PlugMain ACBP=A9
 0001:0007344C 00001BFC C=CODE     S=.text    G=(none)   M=Spin     ACBP=A9
 0001:00075048 000031F6 C=CODE     S=.text    G=(none)   M=RzCommon ACBP=A9
 0001:00078240 00001044 C=CODE     S=.text    G=(none)   M=RzGrafx  ACBP=A9
 0001:00079284 00000038 C=CODE     S=.text    G=(none)   M=DateUtils ACBP=A9
 0001:000792BC 00000038 C=CODE     S=.text    G=(none)   M=MaskUtils ACBP=A9
 0001:000792F4 00000038 C=CODE     S=.text    G=(none)   M=Mask     ACBP=A9
 0001:0007932C 000004E0 C=CODE     S=.text    G=(none)   M=RzBorder ACBP=A9
 0001:0007980C 00000038 C=CODE     S=.text    G=(none)   M=RzEdit   ACBP=A9
 0001:00079844 00000038 C=CODE     S=.text    G=(none)   M=RzCommonCursors ACBP=A9
 0001:0007987C 00000038 C=CODE     S=.text    G=(none)   M=RzSpnEdt ACBP=A9
 0001:000798B4 00000038 C=CODE     S=.text    G=(none)   M=RzCommonBitmaps ACBP=A9
 0001:000798EC 00000038 C=CODE     S=.text    G=(none)   M=RzPopups ACBP=A9
 0001:00079924 00000038 C=CODE     S=.text    G=(none)   M=RzLabel  ACBP=A9
 0001:0007995C 00000038 C=CODE     S=.text    G=(none)   M=RzIntLst ACBP=A9
 0001:00079994 00000038 C=CODE     S=.text    G=(none)   M=RzRadChk ACBP=A9
 0001:000799CC 00000038 C=CODE     S=.text    G=(none)   M=RzRadGrp ACBP=A9
 0001:00079A04 000003CC C=CODE     S=.text    G=(none)   M=RzCmboBx ACBP=A9
 0001:00079DD0 00000038 C=CODE     S=.text    G=(none)   M=RzLstBox ACBP=A9
 0001:00079E08 00000038 C=CODE     S=.text    G=(none)   M=RzChkLst ACBP=A9
 0001:00079E40 00000038 C=CODE     S=.text    G=(none)   M=RzToolbarForm ACBP=A9
 0001:00079E78 000000E1 C=CODE     S=.text    G=(none)   M=RzButton ACBP=A9
 0001:00079F5C 000028D0 C=CODE     S=.text    G=(none)   M=RzPanel  ACBP=A9
 0001:0007C82C 00000038 C=CODE     S=.text    G=(none)   M=RzTabs   ACBP=A9
 0001:0007C864 0000165C C=CODE     S=.text    G=(none)   M=ShopConfig ACBP=A9
 0001:0007DEC0 0000046D C=CODE     S=.text    G=(none)   M=zPlugOfShop ACBP=A9
 0002:00000000 0000009C C=DATA     S=.data    G=DGROUP   M=System   ACBP=A9
 0002:0000009C 00000030 C=DATA     S=.data    G=DGROUP   M=SysInit  ACBP=A9
 0002:000000CC 00000250 C=DATA     S=.data    G=DGROUP   M=SysUtils ACBP=A9
 0002:0000031C 00000008 C=DATA     S=.data    G=DGROUP   M=VarUtils ACBP=A9
 0002:00000324 00000136 C=DATA     S=.data    G=DGROUP   M=Variants ACBP=A9
 0002:0000045C 0000000C C=DATA     S=.data    G=DGROUP   M=TypInfo  ACBP=A9
 0002:00000468 000000E4 C=DATA     S=.data    G=DGROUP   M=Classes  ACBP=A9
 0002:0000054C 00000304 C=DATA     S=.data    G=DGROUP   M=Graphics ACBP=A9
 0002:00000850 00000004 C=DATA     S=.data    G=DGROUP   M=Printers ACBP=A9
 0002:00000854 00000010 C=DATA     S=.data    G=DGROUP   M=ShlObj   ACBP=A9
 0002:00000864 00000074 C=DATA     S=.data    G=DGROUP   M=Dialogs  ACBP=A9
 0002:000008D8 00000046 C=DATA     S=.data    G=DGROUP   M=Buttons  ACBP=A9
 0002:00000920 00000008 C=DATA     S=.data    G=DGROUP   M=IniFiles ACBP=A9
 0002:00000928 00000008 C=DATA     S=.data    G=DGROUP   M=Registry ACBP=A9
 0002:00000930 00000008 C=DATA     S=.data    G=DGROUP   M=Mapi     ACBP=A9
 0002:00000938 000000F4 C=DATA     S=.data    G=DGROUP   M=ComCtrls ACBP=A9
 0002:00000A2C 00000068 C=DATA     S=.data    G=DGROUP   M=Themes   ACBP=A9
 0002:00000A94 00000144 C=DATA     S=.data    G=DGROUP   M=StdCtrls ACBP=A9
 0002:00000BD8 0000011C C=DATA     S=.data    G=DGROUP   M=Forms    ACBP=A9
 0002:00000CF4 00000020 C=DATA     S=.data    G=DGROUP   M=ImgList  ACBP=A9
 0002:00000D14 000000EC C=DATA     S=.data    G=DGROUP   M=Menus    ACBP=A9
 0002:00000E00 0000013C C=DATA     S=.data    G=DGROUP   M=Controls ACBP=A9
 0002:00000F3C 0000018C C=DATA     S=.data    G=DGROUP   M=ExtCtrls ACBP=A9
 0002:000010C8 00000009 C=DATA     S=.data    G=DGROUP   M=PlugShare ACBP=A9
 0002:000010D4 000000C8 C=DATA     S=.data    G=DGROUP   M=RzCommon ACBP=A9
 0002:0000119C 00000230 C=DATA     S=.data    G=DGROUP   M=RzBorder ACBP=A9
 0002:000013CC 0000015C C=DATA     S=.data    G=DGROUP   M=RzCmboBx ACBP=A9
 0002:00001528 0000002C C=DATA     S=.data    G=DGROUP   M=RzButton ACBP=A9
 0002:00002000 0000065C C=BSS      S=.bss     G=DGROUP   M=System   ACBP=A9
 0002:0000265C 00000014 C=BSS      S=.bss     G=DGROUP   M=SysInit  ACBP=A9
 0002:00002670 00000004 C=BSS      S=.bss     G=DGROUP   M=Types    ACBP=A9
 0002:00002674 00000004 C=BSS      S=.bss     G=DGROUP   M=Windows  ACBP=A9
 0002:00002678 00000004 C=BSS      S=.bss     G=DGROUP   M=SysConst ACBP=A9
 0002:0000267C 00000120 C=BSS      S=.bss     G=DGROUP   M=SysUtils ACBP=A9
 0002:0000279C 00000004 C=BSS      S=.bss     G=DGROUP   M=Messages ACBP=A9
 0002:000027A0 0000005C C=BSS      S=.bss     G=DGROUP   M=VarUtils ACBP=A9
 0002:000027FC 00000040 C=BSS      S=.bss     G=DGROUP   M=Variants ACBP=A9
 0002:0000283C 00000004 C=BSS      S=.bss     G=DGROUP   M=RTLConsts ACBP=A9
 0002:00002840 00000004 C=BSS      S=.bss     G=DGROUP   M=TypInfo  ACBP=A9
 0002:00002844 00000004 C=BSS      S=.bss     G=DGROUP   M=ActiveX  ACBP=A9
 0002:00002848 00000040 C=BSS      S=.bss     G=DGROUP   M=Classes  ACBP=A9
 0002:00002888 00000004 C=BSS      S=.bss     G=DGROUP   M=EngineType ACBP=A9
 0002:0000288C 00000004 C=BSS      S=.bss     G=DGROUP   M=EngineAPI ACBP=A9
 0002:00002890 00000031 C=BSS      S=.bss     G=DGROUP   M=MultiMon ACBP=A9
 0002:000028C4 00000004 C=BSS      S=.bss     G=DGROUP   M=Consts   ACBP=A9
 0002:000028C8 00000060 C=BSS      S=.bss     G=DGROUP   M=Graphics ACBP=A9
 0002:00002928 00000004 C=BSS      S=.bss     G=DGROUP   M=Math     ACBP=A9
 0002:0000292C 00000004 C=BSS      S=.bss     G=DGROUP   M=Contnrs  ACBP=A9
 0002:00002930 0000000C C=BSS      S=.bss     G=DGROUP   M=CommCtrl ACBP=A9
 0002:0000293C 00000004 C=BSS      S=.bss     G=DGROUP   M=Imm      ACBP=A9
 0002:00002940 00000008 C=BSS      S=.bss     G=DGROUP   M=HelpIntfs ACBP=A9
 0002:00002948 00000004 C=BSS      S=.bss     G=DGROUP   M=WinSpool ACBP=A9
 0002:0000294C 00000004 C=BSS      S=.bss     G=DGROUP   M=Printers ACBP=A9
 0002:00002950 00000034 C=BSS      S=.bss     G=DGROUP   M=FlatSB   ACBP=A9
 0002:00002984 00000004 C=BSS      S=.bss     G=DGROUP   M=SyncObjs ACBP=A9
 0002:00002988 000000CC C=BSS      S=.bss     G=DGROUP   M=UxTheme  ACBP=A9
 0002:00002A54 00000004 C=BSS      S=.bss     G=DGROUP   M=RichEdit ACBP=A9
 0002:00002A58 00000004 C=BSS      S=.bss     G=DGROUP   M=ToolWin  ACBP=A9
 0002:00002A5C 00000004 C=BSS      S=.bss     G=DGROUP   M=ShellAPI ACBP=A9
 0002:00002A60 00000004 C=BSS      S=.bss     G=DGROUP   M=RegStr   ACBP=A9
 0002:00002A64 00000004 C=BSS      S=.bss     G=DGROUP   M=WinInet  ACBP=A9
 0002:00002A68 00000004 C=BSS      S=.bss     G=DGROUP   M=UrlMon   ACBP=A9
 0002:00002A6C 00000004 C=BSS      S=.bss     G=DGROUP   M=ShlObj   ACBP=A9
 0002:00002A70 00000004 C=BSS      S=.bss     G=DGROUP   M=CommDlg  ACBP=A9
 0002:00002A74 00000004 C=BSS      S=.bss     G=DGROUP   M=Dlgs     ACBP=A9
 0002:00002A78 0000000C C=BSS      S=.bss     G=DGROUP   M=Dialogs  ACBP=A9
 0002:00002A84 00000004 C=BSS      S=.bss     G=DGROUP   M=ComStrs  ACBP=A9
 0002:00002A88 0000000C C=BSS      S=.bss     G=DGROUP   M=Clipbrd  ACBP=A9
 0002:00002A94 00000004 C=BSS      S=.bss     G=DGROUP   M=StrUtils ACBP=A9
 0002:00002A98 00000030 C=BSS      S=.bss     G=DGROUP   M=Buttons  ACBP=A9
 0002:00002AC8 00000004 C=BSS      S=.bss     G=DGROUP   M=ExtDlgs  ACBP=A9
 0002:00002ACC 00000004 C=BSS      S=.bss     G=DGROUP   M=IniFiles ACBP=A9
 0002:00002AD0 00000004 C=BSS      S=.bss     G=DGROUP   M=Registry ACBP=A9
 0002:00002AD4 00000004 C=BSS      S=.bss     G=DGROUP   M=Mapi     ACBP=A9
 0002:00002AD8 00000009 C=BSS      S=.bss     G=DGROUP   M=ExtActns ACBP=A9
 0002:00002AE4 00000004 C=BSS      S=.bss     G=DGROUP   M=ListActns ACBP=A9
 0002:00002AE8 00000015 C=BSS      S=.bss     G=DGROUP   M=ComCtrls ACBP=A9
 0002:00002B00 00000008 C=BSS      S=.bss     G=DGROUP   M=Themes   ACBP=A9
 0002:00002B08 00000004 C=BSS      S=.bss     G=DGROUP   M=StdCtrls ACBP=A9
 0002:00002B0C 00000004 C=BSS      S=.bss     G=DGROUP   M=StdActns ACBP=A9
 0002:00002B10 00000014 C=BSS      S=.bss     G=DGROUP   M=WinHelpViewer ACBP=A9
 0002:00002B24 00000004 C=BSS      S=.bss     G=DGROUP   M=ActnList ACBP=A9
 0002:00002B28 00000020 C=BSS      S=.bss     G=DGROUP   M=Forms    ACBP=A9
 0002:00002B48 0000000C C=BSS      S=.bss     G=DGROUP   M=ImgList  ACBP=A9
 0002:00002B54 00000010 C=BSS      S=.bss     G=DGROUP   M=Menus    ACBP=A9
 0002:00002B64 00000080 C=BSS      S=.bss     G=DGROUP   M=Controls ACBP=A9
 0002:00002BE4 00000004 C=BSS      S=.bss     G=DGROUP   M=ExtCtrls ACBP=A9
 0002:00002BE8 0000000C C=BSS      S=.bss     G=DGROUP   M=PlugShare ACBP=A9
 0002:00002BF4 00000004 C=BSS      S=.bss     G=DGROUP   M=HUtil32  ACBP=A9
 0002:00002BF8 00000008 C=BSS      S=.bss     G=DGROUP   M=PlayShop ACBP=A9
 0002:00002C00 00000004 C=BSS      S=.bss     G=DGROUP   M=PlugMain ACBP=A9
 0002:00002C04 00000004 C=BSS      S=.bss     G=DGROUP   M=Spin     ACBP=A9
 0002:00002C08 00000008 C=BSS      S=.bss     G=DGROUP   M=RzCommon ACBP=A9
 0002:00002C10 00000004 C=BSS      S=.bss     G=DGROUP   M=RzGrafx  ACBP=A9
 0002:00002C14 00000004 C=BSS      S=.bss     G=DGROUP   M=DateUtils ACBP=A9
 0002:00002C18 00000004 C=BSS      S=.bss     G=DGROUP   M=MaskUtils ACBP=A9
 0002:00002C1C 00000004 C=BSS      S=.bss     G=DGROUP   M=Mask     ACBP=A9
 0002:00002C20 00000004 C=BSS      S=.bss     G=DGROUP   M=RzBorder ACBP=A9
 0002:00002C24 00000004 C=BSS      S=.bss     G=DGROUP   M=RzEdit   ACBP=A9
 0002:00002C28 00000004 C=BSS      S=.bss     G=DGROUP   M=RzCommonCursors ACBP=A9
 0002:00002C2C 00000004 C=BSS      S=.bss     G=DGROUP   M=RzSpnEdt ACBP=A9
 0002:00002C30 00000004 C=BSS      S=.bss     G=DGROUP   M=RzCommonBitmaps ACBP=A9
 0002:00002C34 00000004 C=BSS      S=.bss     G=DGROUP   M=RzPopups ACBP=A9
 0002:00002C38 00000004 C=BSS      S=.bss     G=DGROUP   M=RzLabel  ACBP=A9
 0002:00002C3C 00000004 C=BSS      S=.bss     G=DGROUP   M=RzIntLst ACBP=A9
 0002:00002C40 00000004 C=BSS      S=.bss     G=DGROUP   M=RzRadChk ACBP=A9
 0002:00002C44 00000004 C=BSS      S=.bss     G=DGROUP   M=RzRadGrp ACBP=A9
 0002:00002C48 00000004 C=BSS      S=.bss     G=DGROUP   M=RzCmboBx ACBP=A9
 0002:00002C4C 00000004 C=BSS      S=.bss     G=DGROUP   M=RzLstBox ACBP=A9
 0002:00002C50 00000004 C=BSS      S=.bss     G=DGROUP   M=RzChkLst ACBP=A9
 0002:00002C54 00000004 C=BSS      S=.bss     G=DGROUP   M=RzToolbarForm ACBP=A9
 0002:00002C58 00000030 C=BSS      S=.bss     G=DGROUP   M=RzButton ACBP=A9
 0002:00002C88 00000004 C=BSS      S=.bss     G=DGROUP   M=RzPanel  ACBP=A9
 0002:00002C8C 00000004 C=BSS      S=.bss     G=DGROUP   M=RzTabs   ACBP=A9
 0002:00002C90 00000008 C=BSS      S=.bss     G=DGROUP   M=ShopConfig ACBP=A9
 0002:00002C98 00000004 C=BSS      S=.bss     G=DGROUP   M=zPlugOfShop ACBP=A9


  Address         Publics by Name

 0002:00002C0C       .01
 0002:00002A54       .1
 0002:00002A6C       .1
 0002:00002A5C       .1
 0002:00002A60       .1
 0002:00002A64       .1
 0002:00002888       .1
 0002:0000288C       .1
 0002:00002C28       .1
 0002:00002A70       .1
 0002:00002A74       .1
 0002:000028B0       .1
 0002:00002C14       .1
 0002:00002930       .1
 0002:00002C10       .1
 0002:0000279C       .1
 0002:00002A84       .1
 0002:00002C30       .1
 0002:00002C00       .1
 0002:00002BFC       .1
 0002:00002BF4       .1
 0002:00002BF0       .1
 0002:000028C4       .1
 0002:00002A94       .1
 0002:0000283C       .1
 0002:00002AD4       .1
 0002:00002668       .1
 0002:0000293C       .1
 0002:00002678       .1
 0002:00002670       .1
 0002:00002970       .1
 0002:00002A68       .1
 0002:00002B18       .1
 0002:00002A44       .1
 0002:00002A78       .11
 0002:00002C4C       .11
 0002:00002C24       .11
 0002:00002BE4       .12
 0002:000028CC       .12
 0002:00002C18       .2
 0002:00002C50       .2
 0002:00002C54       .2
 0002:00002C94       .2
 0002:00002B00       .2
 0002:00002940       .2
 0002:00002A8C       .2
 0002:00002928       .2
 0002:0000292C       .21
 0002:00002AC8       .3
 0002:00002C3C       .3
 0002:00002844       .3
 0002:00002C38       .3
 0002:00002948       .3
 0002:00002674       .3
 0002:00002B48       .3
 0002:0000294C       .3
 0002:00002C88       .31
 0002:00002C58       .31
 0002:0000278C       .35
 0002:00002AE8       .36
 0002:00002A58       .4
 0002:00002A98       .4
 0002:00002B30       .41
 0002:00002B08       .42
 0002:00002854       .45
 0002:00002AD0       .5
 0002:000025B4       .5
 0002:00002C44       .5
 0002:00002C04       .5
 0002:000027F8       .5
 0002:00002C1C       .5
 0002:00002C20       .5
 0002:00002C2C       .5
 0002:00002C48       .51
 0002:00002C40       .6
 0002:00002984       .6
 0002:00002840       .6
 0002:00002AD8       .72
 0002:00002B6C       .72
 0002:00002B0C       .73
 0002:00002ACC       .8
 0002:00002C34       .8
 0002:00002AE4       .8
 0002:00002B24       .8
 0002:00002C8C       .81
 0002:0000281C       .81
 0002:00002B5C       .9
 0001:0000195C       @AbstractError
 0001:000024C4       @AfterConstruction
 0001:000022D0       @AsClass
 0001:00001AC4       @AStrCmp
 0001:000024D4       @BeforeDestruction
 0001:00002060       @BoundErr
 0001:0000231C       @CallDynaInst
 0001:0000246C       @ClassCreate
 0001:000024BC       @ClassDestroy
 0001:000019CC       @Close
 0001:00001864       @Copy
 0001:00003BC8       @CopyArray
 0001:00003AAC       @CopyRecord
 0001:00003CBC       @DispCallByIDError
 0001:0000DBEC       @DispInvokeError
 0001:00002950       @DoneExcept
 0001:0000411C       @DynArrayAsg
 0001:000040E0       @DynArrayClear
 0001:00003F20       @DynArrayHigh
 0001:00003F18       @DynArrayLength
 0001:000040D4       @DynArraySetLength
 0001:00002A38       @ExceptionHandler
 0001:00001B34       @FillChar
 0001:00003A88       @Finalize
 0001:0000399C       @FinalizeArray
 0001:00003950       @FinalizeRecord
 0001:00002054       @FpuInit
 0001:00001F90       @FpuMaskInit
 0001:000016EC       @FreeMem
 0001:000016CC       @GetMem
 0001:00004F44       @GetTls
 0001:00002F08       @Halt
 0001:00002E30       @Halt0
 0001:000025E8       @HandleAnyException
 0001:0000289C       @HandleFinally
 0001:00002714       @HandleOnException
 0001:000038BC       @InitializeArray
 0001:0000388C       @InitializeRecord
 0001:00002CF4       @InitImports
 0001:00004F90       @InitLib
 0001:00002CCC       @InitResStringImports
 0001:00002CA8       @InitResStrings
 0001:00004800       @IntfAddRef
 0001:000047D0       @IntfCast
 0001:0000478C       @IntfClear
 0001:000047A4       @IntfCopy
 0001:000022AC       @IsClass
 0001:00001F60       @isNECWindows
 0001:000033D0       @LStrAddRef
 0001:00002F44       @LStrArrayClr
 0001:00002F74       @LStrAsg
 0001:000031E8       @LStrCat
 0001:0000322C       @LStrCat3
 0001:000032A0       @LStrCatN
 0001:00002F20       @LStrClr
 0001:0000332C       @LStrCmp
 0001:00003440       @LStrCopy
 0001:00003480       @LStrDelete
 0001:00003190       @LStrFromArray
 0001:00003108       @LStrFromChar
 0001:00003118       @LStrFromPChar
 0001:00003010       @LStrFromPCharLen
 0001:00003148       @LStrFromPWChar
 0001:0000307C       @LStrFromPWCharLen
 0001:00003184       @LStrFromString
 0001:000031A8       @LStrFromWStr
 0001:000034C8       @LStrInsert
 0001:00002FB8       @LStrLAsg
 0001:000031E0       @LStrLen
 0001:00003524       @LStrPos
 0001:0000356C       @LStrSetLength
 0001:000033E0       @LStrToPChar
 0001:000031BC       @LStrToString
 0001:00002FE4       @NewAnsiString
 0001:000035D8       @NewWideString
 0001:00001C74       @Pow10
 0001:00001A40       @PStrCmp
 0001:00001A24       @PStrNCpy
 0001:000028FC       @RaiseAgain
 0001:000028D4       @RaiseExcept
 0001:0000170C       @ReallocMem
 0001:0000192C       @ROUND
 0001:00002F14       @RunError
 0001:00001C58       @SetEq
 0001:00002BE0       @StartLib
 0001:000002AC       @strlen
 0001:00001938       @TRUNC
 0001:00002980       @TryFinallyExit
 0001:00003438       @UniqueStringA
 0001:00003CE8       @ValInt64
 0001:00001B54       @ValLong
 0001:00012C98       @VarAddRef
 0001:0000E4CC       @VarCast
 0001:0000DED8       @VarClear
 0001:00003984       @VarClr
 0001:0000DEEC       @VarClr
 0001:00013594       @VarCmpEQ
 0001:00003A94       @VarCopy
 0001:0000E200       @VarCopy
 0001:00012238       @VarFromBool
 0001:000120C4       @VarFromByte
 0001:00012288       @VarFromCurr
 0001:000121E0       @VarFromCurrency
 0001:0001220C       @VarFromDate
 0001:0001232C       @VarFromDisp
 0001:000121B4       @VarFromDouble
 0001:00012068       @VarFromInt
 0001:00012164       @VarFromInt64
 0001:000120A4       @VarFromInteger
 0001:00012300       @VarFromIntf
 0001:00012104       @VarFromLongWord
 0001:0001229C       @VarFromLStr
 0001:00012260       @VarFromReal
 0001:00012124       @VarFromShortInt
 0001:00012190       @VarFromSingle
 0001:00012144       @VarFromSmallInt
 0001:00012274       @VarFromTDateTime
 0001:000120E4       @VarFromWord
 0001:000122C8       @VarFromWStr
 0001:0000DC40       @VarNull
 0001:0000FC98       @VarToBool
 0001:0000F950       @VarToBoolean
 0001:0000ED90       @VarToByte
 0001:00010B3C       @VarToCurrency
 0001:000105D4       @VarToDate
 0001:00011FBC       @VarToDisp
 0001:0000FE64       @VarToDouble
 0001:0000F354       @VarToInt64
 0001:0000E890       @VarToInteger
 0001:00011EF0       @VarToIntf
 0001:0000F008       @VarToLongWord
 0001:000111F0       @VarToLStr
 0001:000101E0       @VarToReal
 0001:0000ECE0       @VarToShortInt
 0001:000101FC       @VarToSingle
 0001:0000EE38       @VarToSmallInt
 0001:0000EF30       @VarToWord
 0001:00011918       @VarToWStr
 0001:00003618       @WStrArrayClr
 0001:0000363C       @WStrAsg
 0001:00003600       @WStrClr
 0001:00003778       @WStrCmp
 0001:000037FC       @WStrCopy
 0001:0000374C       @WStrFromLStr
 0001:00003660       @WStrFromPCharLen
 0001:00003710       @WStrFromPWChar
 0001:000036EC       @WStrFromPWCharLen
 0001:0000376C       @WStrLen
 0001:00003848       @WStrSetLength
 0001:0000375C       @WStrToPWChar
 0001:00001C34       @_CLenToPasStr
 0001:00001C28       @_CToPasStr
 0001:00001834       @_IOTest
 0001:00003CC4       @_llmul
 0001:00062578       AbsMin
 0001:0000ABE8       AbstractErrorHandler
 0002:00002028       AbstractErrorProc
 0002:0000014C       AccessMode
 0001:0000179C       AcquireExceptionObject
 0001:00017110       ActivateClassGroup
 0001:000055F8       ActivateKeyboardLayout
 0002:00002BA0       ActiveDrag
 0001:00014AA4       ActiveX
 0001:0004AF10       ActnList
 0001:000003D8       AddBlockAfter
 0002:00000468       AddDataModule
 0001:0001AC9C       AddFinished
 0001:0005A9AC       AddIn
 0001:00004630       AddModuleUnloadProc
 0001:00004620       AddModuleUnloadProc
 0001:0001ACD4       AddNotFinished
 0001:0001B6F8       AddSubComponentsToLoaded
 0001:000255F0       AdjustColor
 0001:00076284       AdjustColor
 0001:00070E30       AdjustColors
 0001:00006F20       AdjustLineBreaks
 0001:0004D560       Adjustment
 0001:0007B874       AdjustRect
 0001:00005600       AdjustWindowRectEx
 0002:00000B74       Alignments
 0002:00000A9C       Alignments
 0002:00000DD8       Alignments
 0002:00000DE8       Alignments
 0002:00000F44       Alignments
 0002:00000ADC       Alignments
 0001:00067BE4       AlignWork
 0001:00054458       AlignWork
 0001:0002100C       AllocateHWnd
 0001:00006CC8       AllocMem
 0002:000025AC       AllocMemCount
 0002:000025B0       AllocMemSize
 0001:00029094       AllocPatternBitmap
 0001:00004E74       AllocTlsBuffer
 0001:0001E480       AncestorIsValid
 0002:00000E0C       AnchorAlign
 0002:00000E00       AnimateWindowProc
 0002:00000F08       AnimationStyle
 0001:00006E28       AnsiCompareStr
 0001:00006E60       AnsiCompareText
 0001:00007684       AnsiLastChar
 0001:00005608       AnsiLower
 0001:0000B4E8       AnsiPos
 0001:0005F1C0       AnsiSameCaption
 0001:00006E98       AnsiSameText
 0001:00006EB0       AnsiStrLIComp
 0001:0000B520       AnsiStrPos
 0001:0000B5C0       AnsiStrRScan
 0001:0000B5E8       AnsiStrScan
 0001:00004C00       AnsiToUtf8
 0001:00011E78       AnyToIntf
 0001:00008ADC       AppendChars
 0001:00008EA0       AppendFormat
 0001:00008B40       AppendNumber
 0001:00008B20       AppendString
 0002:00002B28       Application
 0002:00000478       ApplicationHandleException
 0002:00000480       ApplicationShowException
 0002:00000CEC       AppVisible
 0002:00000980       Arrangements
 0001:0000ABCC       AssertErrorHandler
 0002:00002020       AssertErrorProc
 0001:0001411C       AssignLongStr
 0001:00014798       AssignVariant
 0002:00000988       AutoArrange
 0002:00002604       avail
 0001:00007778       BackfillGetDiskFreeSpaceEx
 0001:0006510C       BackgroundClipped
 0001:0000CAA0       BackupVarBoolFromStr
 0001:0000CC00       BackupVarBStrFromBool
 0001:0000CB20       BackupVarBStrFromCy
 0001:0000CB90       BackupVarBStrFromDate
 0001:0000CA34       BackupVarCyFromStr
 0001:0000C9C8       BackupVarDateFromStr
 0001:0000C884       BackupVarI4FromStr
 0001:0000C830       BackupVariantChangeTypeEx
 0001:0000C8F0       BackupVarR4FromStr
 0001:0000C95C       BackupVarR8FromStr
 0002:0000033C       BaseTypeMap
 0001:000174E4       BeginGlobalLoading
 0001:00005610       BeginPaint
 0001:000255FC       BetterSize
 0001:0005B820       BiDiDraw
 0001:0001FC18       BinToHex
 0001:00005400       BitBlt
 0002:000008D8       BitBtnCaptions
 0002:00001528       BitBtnCaptions
 0002:00002C5C       BitBtnGlyphs
 0002:00002A9C       BitBtnGlyphs
 0001:00078240       BitFillBlit
 0002:00000804       BitmapCanvasList
 0002:000028E4       BitmapImageLock
 0001:0000C86C       BiUnimplemented
 0002:00000520       BlockCode
 0002:000025DC       blockDescBlockList
 0002:000025E0       blockDescFreeList
 0002:0000045C       BooleanIdents
 0002:00000338       BooleanToStringRule
 0001:000074A4       BoolToStr
 0001:00010F78       BoolToWStrViaOS
 0002:00000A94       BorderStyles
 0002:00000960       BorderStyles
 0002:00000F3C       BorderStyles
 0001:0001640C       Bounds
 0001:0000504C       Bounds
 0001:00078308       BoxBitMirrorBlit
 0002:00000D80       Breaks
 0002:0000291C       BrushManager
 0001:0005DFD4       BuildImage
 0002:000008AC       ButtonCaptions
 0002:00000908       ButtonCount
 0002:00000880       ButtonNames
 0002:00000DFC       Buttons
 0001:0002EEEC       Buttons
 0002:00000B6C       ButtonStyles
 0001:00024DDC       BytesPerScanline
 0001:00025134       ByteSwapColors
 0001:0000B29C       ByteToCharIndex
 0001:0000B274       ByteToCharLen
 0001:0000B238       ByteType
 0001:0000B1C0       ByteTypeTest
 0002:00002B4C       CachedComCtrlVer
 0001:00020F48       CalcJmpOffset
 0001:0006F908       CalcSplitterPos
 0001:00005618       CallNextHookEx
 0001:0000BCB4       CallTerminateProcs
 0001:00005620       CallWindowProc
 0001:000635B0       CancelDrag
 0002:00002BB4       CanvasList
 0002:00002920       CanvasList
 0002:0000086C       Captions
 0002:00000EC4       CaptureControl
 0002:00000D20       cBooleanToItemAutoFlag
 0002:0000036C       CBooleanToRelationship
 0001:00005068       CenterPoint
 0002:00002A8A       CF_COMPONENT
 0002:00002A88       CF_PICTURE
 0002:00002814       ChangeAnyProc
 0001:00061ADC       ChangeBiDiModeAlignment
 0002:00000ABC       CharCases
 0002:00000B20       CharCases
 0001:00003040       CharFromWChar
 0001:0000B470       CharLength
 0001:0000022C       CharNext
 0001:00005628       CharNext
 0001:0002354C       CharsetToIdent
 0001:0000B384       CharToByteIndex
 0001:0000B3E8       CharToByteLen
 0001:00005630       CharToOemA
 0001:00025BAC       CheckBool
 0001:000351E4       CheckCommonControl
 0001:00002564       CheckJmp
 0001:00005638       CheckMenuItem
 0002:00000D70       Checks
 0001:0001B734       CheckSubComponents
 0001:0001FD20       CheckSynchronize
 0001:0004CF80       CheckTaskWindow
 0001:00012358       CheckType
 0001:00063264       CheckUndock
 0001:0000B0B4       CheckWin32Version
 0001:00005640       ChildWindowFromPoint
 0002:00000354       CInvalidCustomVariantType
 0002:00000D24       cItemAutoFlagToBoolean
 0002:00000D1C       cItemAutoFlagToMenu
 0001:00021198       Classes
 0001:00016ED4       ClassNotFound
 0002:00002810       ClearAnyProc
 0001:00022DDC       ClearColor
 0001:00013148       ClearVariantTypeList
 0001:00072210       ClientBuyShopItem
 0001:00071E14       ClientBuyShopItemGive
 0001:0007215C       ClientExchangeGameGird
 0001:00071914       ClientGetShopItemList
 0001:00005648       ClientToScreen
 0001:0006CEAC       ClientToWindow
 0002:000007FC       ClipboardFormats
 0001:0002C750       Clipbrd
 0001:000051C0       CloseHandle
 0002:0000298C       CloseThemeData
 0002:00000854       CLSID_AutoComplete
 0002:0000203C       CmdLine
 0002:00002038       CmdShow
 0002:00000D18       cMenuAutoFlagToItem
 0002:00000378       CmpTypeMap
 0001:0000C878       CmpUnimplemented
 0001:00014A64       CoCreateInstance
 0002:00000950       Codes
 0002:000009DC       Codes
 0002:00002AFC       CoInitExProcLoaded
 0001:00014A54       CoInitialize
 0002:00002AF8       CoInitializeExProc
 0001:000177A0       CollectionsEqual
 0002:0000117C       Colors
 0002:0000057C       Colors
 0002:0000115C       Colors
 0002:0000119C       ColorSwatches
 0001:00075C78       ColorToHSL
 0001:00023344       ColorToIdent
 0002:00000F50       ColorToPretyName
 0001:00023334       ColorToRGB
 0002:000009B0       ColumnClicks
 0002:00000A0C       ComboBoxExStyles
 0002:00000B0C       ComboBoxStyles
 0002:00000A18       ComboExStyles
 0002:00002934       ComCtl32DLL
 0002:00002AF4       ComCtlVersion
 0001:0003C578       ComCtrls
 0002:00002B60       CommandPool
 0001:00029B5C       CommCtrl
 0001:0002BC7C       CommDlg
 0001:000006B8       Commit
 0002:00002620       committedRoot
 0001:00059F90       CompareFront
 0001:00006D90       CompareMem
 0001:00006D60       CompareStr
 0001:000051C8       CompareString
 0001:00006DB0       CompareText
 0001:000073CC       CompareWith
 0001:0001B814       ComponentCreated
 0001:0002C70C       ComStrs
 0001:0007DFF8       Config
 0001:00021DAC       Consts
 0001:00029594       Contnrs
 0002:00002B72       ControlAtom
 0002:00002B78       ControlAtomString
 0001:00051D28       ControlHasHelp
 0001:000705A4       Controls
 0002:000004AC       Convert
 0002:0000049C       Convert
 0001:0000A628       ConvertAddr
 0001:00008C30       ConvertEraString
 0001:00006CA4       ConvertErrorFmt
 0001:00038680       ConvertFlags
 0001:000384EC       ConvertMask
 0001:000386A4       ConvertStates
 0001:00008D98       ConvertYearString
 0001:00003F28       CopyArray
 0001:00026684       CopyBitmap
 0001:00026D4C       CopyBitmapAsMask
 0001:0002ECEC       CopyImage
 0001:00005B10       CopyMemory
 0001:00026CE8       CopyPalette
 0002:00000A30       Copyright
 0001:0005D080       CopyToBest
 0001:00014A6C       CoTaskMemAlloc
 0001:00014A5C       CoUninitialize
 0001:0000B2F4       CountChars
 0002:000028FC       CounterLock
 0002:00000358       CRangeToType
 0001:0000AB10       CreateAssertException
 0001:0000AC98       CreateAVObject
 0001:00005408       CreateBitmap
 0001:00005410       CreateBrushIndirect
 0001:00005418       CreateCompatibleBitmap
 0001:00005420       CreateCompatibleDC
 0001:0001B894       CreateComponent
 0001:00005430       CreateDIBitmap
 0001:00005428       CreateDIBSection
 0001:000051D0       CreateEvent
 0001:000051D8       CreateFile
 0001:00005438       CreateFontIndirect
 0001:00005440       CreateHalftonePalette
 0001:00005650       CreateIcon
 0001:0000AA3C       CreateInOutError
 0001:00005658       CreateMenu
 0001:00005448       CreatePalette
 0001:00005450       CreatePenIndirect
 0001:00005660       CreatePopupMenu
 0001:00005458       CreateSolidBrush
 0001:0002518C       CreateSystemPalette
 0001:000051E0       CreateThread
 0001:00005C2C       CreateWindow
 0001:00005BD4       CreateWindowEx
 0002:00000864       CreationControl
 0002:00000E04       CreationControl
 0002:00000448       CRelationshipToBoolean
 0002:0000031C       CResult
 0002:00000BC8       CSHREDRAW
 0002:00000144       cSimpleBoolStrs
 0002:000003F4       CText
 0002:00000F00       Ctl3DStyles
 0002:00000B64       Ctl3DStyles
 0002:00002618       curAlloc
 0001:000125EC       CurrCompare
 0002:00002684       CurrencyDecimals
 0002:00002680       CurrencyFormat
 0002:0000267C       CurrencyString
 0002:00002C08       CurrentXPColorScheme
 0001:00008AC8       CurrentYear
 0001:00008624       CurrToStr
 0001:00010F08       CurrToWStrViaOS
 0002:00000C70       CursorMap
 0002:00000E14       Cursors
 0001:00061DFC       CursorToIdent
 0002:00000C60       cUseAlpha
 0002:00000C68       cUseColorKey
 0002:000013D4       CustomColorItem
 0001:000070EC       CvtInt
 0001:00007158       CvtInt64
 0002:00000184       CWNear
 0001:00076208       DarkerColor
 0002:00000BD0       Data
 0001:000300D4       DataTypeToRegData
 0001:000125C4       DateCompare
 0002:00002685       DateSeparator
 0001:000096E0       DateTimeToStr
 0001:00009654       DateTimeToString
 0001:00008720       DateTimeToTimeStamp
 0001:000096B0       DateToStr
 0001:00010F40       DateToWStrViaOS
 0001:000792B4       DateUtils
 0001:00008AA0       DayOfWeek
 0002:00000180       DCon10
 0002:00000578       DDBsOnly
 0001:000210C0       DeallocateHWnd
 0002:00000028       DebugHook
 0002:00002683       DecimalSeparator
 0001:00008A80       DecodeDate
 0001:00008934       DecodeDateFully
 0001:000087D4       DecodeTime
 0001:0000074C       Decommit
 0001:00000D68       DecommitFree
 0002:000025F4       decommittedRoot
 0001:0004F9B0       Default
 0001:00055080       Default
 0002:00000020       Default8087CW
 0002:000013CC       DefaultColorItem
 0002:00000E08       DefaultDockTreeClass
 0001:00036F4C       DefaultListViewSort
 0002:000025B8       DefaultUserCodePage
 0002:000007CC       DefBrushData
 0002:0000054C       DefFontData
 0001:00005668       DefFrameProc
 0002:00000210       DefLongDayNames
 0002:000001C4       DefLongMonthNames
 0001:00005670       DefMDIChildProc
 0002:000007AC       DefPenData
 0002:000001F4       DefShortDayNames
 0002:00000194       DefShortMonthNames
 0001:00005678       DefWindowProc
 0001:00004174       DelayLoadResourceModule
 0001:00000408       DeleteBlock
 0001:000051E8       DeleteCriticalSection
 0001:00000378       DeleteCriticalSection
 0001:00005460       DeleteDC
 0001:00000BB0       DeleteFree
 0001:00005680       DeleteMenu
 0001:00005468       DeleteObject
 0001:00045CE0       DeleteSelectedText
 0001:00026240       DeselectBitmap
 0001:00005688       DestroyCursor
 0001:00005690       DestroyIcon
 0001:0002EE1C       DestroyLocals
 0001:00005698       DestroyMenu
 0001:000056A0       DestroyWindow
 0001:000498C8       DialogEnumerationTester
 0001:0002C68C       Dialogs
 0002:00000808       DIBPalSizes
 0002:0000008C       dig
 0002:000009C8       Directions
 0001:0004CDD4       DisableTaskWindows
 0001:000056A8       DispatchMessage
 0001:00053008       DispatchShortCut
 0002:00002000       DispCallByIDProc
 0001:00006C88       DivMod
 0001:0002BCB4       Dlgs
 0002:00002664       DllProc
 0001:0005430C       DoAlign
 0001:00067A74       DoAlign
 0001:0006BB6C       DoCalcConstraints
 0002:00002BA8       DockSiteList
 0001:0005DCA0       DoClick
 0001:000691B8       DoControlMsg
 0001:0004CD84       DoDisableWindow
 0001:00062B90       DoDragOver
 0001:0006DBDC       DoFindControlZone
 0001:0004CEC0       DoFindWindow
 0001:0006E168       DoFindZone
 0001:0006DC60       DoForEach
 0001:0006F56C       DoGetNextLimit
 0001:0004CD4C       DoneApplication
 0001:000702CC       DoneControls
 0001:0000AFC4       DoneExceptions
 0001:00051384       DoNestedActivation
 0001:0001FCE0       DoneThreadSynchronization
 0001:00067634       DoPosition
 0001:0005415C       DoPosition
 0001:0006EB94       DoPrune
 0001:000708C4       DoRect
 0001:0006F06C       DoSaveZone
 0001:0006F270       DoSetNewBounds
 0002:00000464       DotSep
 0002:0000090C       DownStyles
 0001:00018D04       DoWrite
 0001:00025E04       DoWrite
 0001:000585F0       DoWrite
 0001:000687A0       DoWriteDesignSize
 0001:0006620C       DoWriteIsControl
 0002:00002B8C       DragCapture
 0002:00002B80       DragControl
 0001:000632D8       DragDone
 0001:00062B40       DragFindTarget
 0001:00062B14       DragFindWindow
 0002:00002BA4       DragImageList
 0001:00062F30       DragInit
 0001:000630A0       DragInitControl
 0002:00002B88       DragInternalObject
 0001:00062A5C       DragMessage
 0002:00002B84       DragObject
 0002:00002BB0       DragSave
 0002:00002B98       DragSaveCursor
 0002:00002B90       DragStartPos
 0002:00002B9C       DragThreshold
 0001:00062C60       DragTo
 0001:000550BC       DrawAppIcon
 0001:00076618       DrawBevel
 0001:00076770       DrawBorderSides
 0001:000766F8       DrawButtonBorderSides
 0001:0006E700       DrawCloseButton
 0001:00076680       DrawCtl3DBorderSides
 0001:000056B0       DrawEdge
 0001:000056B8       DrawFocusRect
 0001:000056C0       DrawFrameControl
 0001:0006E758       DrawGrabberLine
 0001:0007BDD0       DrawHorzLine
 0001:000056C8       DrawIcon
 0001:000056D0       DrawIconEx
 0002:00000CF4       DrawingStyles
 0001:00076BE8       DrawInnerOuterBorders
 0001:000056D8       DrawMenuBar
 0001:0005EFE0       DrawMenuItem
 0001:000790FC       DrawParentImage
 0001:000769D4       DrawRoundedFlatBorder
 0001:00076524       DrawSides
 0001:000056E0       DrawText
 0002:0000112C       DrawTextAlignments
 0002:00001134       DrawTextWordWrap
 0002:00002990       DrawThemeBackground
 0002:000029B4       DrawThemeEdge
 0002:000029B8       DrawThemeIcon
 0002:00002A3C       DrawThemeParentBackground
 0002:00002994       DrawThemeText
 0001:0007BE68       DrawVertLine
 0001:00024C5C       DupBits
 0001:00003F40       DynArrayClear
 0001:00003F48       DynArraySetLength
 0001:0002128C       EDcode_DeCodeString
 0001:0002129C       EDcode_EncodeBuffer
 0001:00021294       EDcode_EncodeString
 0002:00000DE0       EdgeStyle
 0002:00000B54       EdgeStyles
 0002:00000EF0       EdgeStyles
 0002:00000968       EditStyles
 0001:0000AA10       EHeapException.FreeInstance
 0002:00000AD8       Empty
 0001:00012450       EmptyCompare
 0002:000027FC       EmptyParam
 0002:000000CC       EmptyStr
 0002:000000D0       EmptyWideStr
 0001:000056E8       EnableMenuItem
 0002:00000D78       Enables
 0001:000056F0       EnableScrollBar
 0001:0004CE88       EnableTaskWindows
 0002:00002A24       EnableThemeDialogTexture
 0002:00002A40       EnableTheming
 0001:000056F8       EnableWindow
 0001:0001756C       EndGlobalLoading
 0001:00005700       EndPaint
 0001:00021364       EngineAPI
 0001:0002125C       EngineType
 0001:00000368       EnterCriticalSection
 0001:000051F0       EnterCriticalSection
 0001:000051F8       EnumCalendarInfoA
 0002:000028AC       EnumDisplayMonitors
 0001:0000A29C       EnumEraNames
 0001:0000A2D8       EnumEraYearOffsets
 0001:0004FF74       EnumMonitorsProc
 0001:00005708       EnumThreadWindows
 0001:0001B044       EnumValue
 0001:00005710       EnumWindows
 0001:00005718       EqualRect
 0002:0000274C       EraNames
 0001:00009958       EraToYear
 0002:00002768       EraYearOffsets
 0002:00000064       errCaption
 0001:0001A828       Error
 0001:00016A78       Error
 0001:00001828       Error
 0001:00059CE0       Error
 0002:00000004       ErrorAddr
 0001:000017DC       ErrorAt
 0001:0000AABC       ErrorHandler
 0002:0000022C       ErrorMap
 0002:00002008       ErrorProc
 0002:000023E0       ErrOutput
 0001:0000177C       ExceptAddr
 0002:0000200C       ExceptClsProc
 0001:0000AF30       ExceptHandler
 0001:0000A884       Exception.Create
 0001:0000A8C0       Exception.CreateFmt
 0001:0000A940       Exception.CreateRes
 0001:0000A97C       Exception.CreateResFmt
 0002:0000201C       ExceptionClass
 0001:0000A634       ExceptionErrorMessage
 0002:00000264       ExceptMap
 0001:0000175C       ExceptObject
 0002:00002010       ExceptObjProc
 0002:00002004       ExceptProc
 0001:00005470       ExcludeClipRect
 0002:00000000       ExitCode
 0001:00002D74       ExitDll
 0002:00002040       ExitProc
 0001:00000234       ExitProcess
 0002:00002024       ExitProcessProc
 0001:00004F20       ExitProcessTLS
 0001:00004EF8       ExitThreadTLS
 0001:0000773C       ExpandFileName
 0001:000307F4       ExtActns
 0001:00071584       ExtCtrls
 0001:0002EF44       ExtDlgs
 0002:00000BA8       ExtendSelects
 0001:00007704       ExtractFileName
 0001:00005478       ExtTextOut
 0002:00002788       FalseBoolStrs
 0002:00002A90       FClipboard
 0002:00000174       FCon1E18
 0001:0000760C       FileAge
 0001:00007604       FileClose
 0001:00007548       FileCreate
 0001:0000756C       FileCreate
 0001:00007674       FileExists
 0002:00000800       FileFormats
 0002:00000008       FileMode
 0001:000074F0       FileOpen
 0001:00007574       FileRead
 0002:00000490       FilerSignature
 0001:000075CC       FileSeek
 0001:00005200       FileTimeToDosDateTime
 0001:00005208       FileTimeToLocalFileTime
 0001:000075A0       FileWrite
 0001:00000C98       FillAfterGap
 0001:00000C44       FillBeforeGap
 0001:00000D30       FillerSizeAfterGap
 0001:00000CC0       FillerSizeBeforeGap
 0001:00078834       FillGrad
 0001:00078D18       FillGradDiag
 0001:00078AB0       FillGradRect
 0001:00005720       FillRect
 0002:00000914       FillStyles
 0001:0007924C       Finalization
 0001:000781F0       Finalization
 0001:0000C5D8       Finalization
 0001:0000C7D8       Finalization
 0001:00075010       Finalization
 0001:0000CFCC       Finalization
 0001:00073414       Finalization
 0001:000733C0       Finalization
 0001:00071850       Finalization
 0001:000715C4       Finalization
 0001:0007995C       Finalization
 0001:0007153C       Finalization
 0001:00079994       Finalization
 0001:0007053C       Finalization
 0001:000799CC       Finalization
 0001:0005713C       Finalization
 0001:000135A4       Finalization
 0001:000137D8       Finalization
 0001:000149FC       Finalization
 0001:00079284       Finalization
 0001:00014A74       Finalization
 0001:0004AEE0       Finalization
 0001:00049B40       Finalization
 0001:000792BC       Finalization
 0001:00048EBC       Finalization
 0001:00048D54       Finalization
 0001:00005094       Finalization
 0001:0003D15C       Finalization
 0001:00058D40       Finalization
 0001:00004FD8       Finalization
 0001:0003C500       Finalization
 0001:00079D44       Finalization
 0001:00004D1C       Finalization
 0001:00079DD0       Finalization
 0001:00079E08       Finalization
 0001:00079E40       Finalization
 0001:0005F2BC       Finalization
 0001:00079EE8       Finalization
 0001:0007C7F4       Finalization
 0001:0007C82C       Finalization
 0001:00032408       Finalization
 0001:000307A4       Finalization
 0001:0003074C       Finalization
 0001:000306E8       Finalization
 0001:0002FF10       Finalization
 0001:0002EF14       Finalization
 0001:0002EEB4       Finalization
 0001:000792F4       Finalization
 0001:0002C7A8       Finalization
 0001:0002C714       Finalization
 0001:0002C6DC       Finalization
 0001:0002C630       Finalization
 0001:0002BC84       Finalization
 0001:0002BC4C       Finalization
 0001:0002BC14       Finalization
 0001:0002BBA8       Finalization
 0001:00079924       Finalization
 0001:0007957C       Finalization
 0001:0002BB70       Finalization
 0001:000798EC       Finalization
 0001:0002BB38       Finalization
 0001:000798B4       Finalization
 0001:0002BB00       Finalization
 0001:0002BAC8       Finalization
 0001:0002BA90       Finalization
 0001:0002BA20       Finalization
 0001:000210E8       Finalization
 0001:0007DE88       Finalization
 0001:0002122C       Finalization
 0001:00021334       Finalization
 0001:00021AB4       Finalization
 0001:00021D7C       Finalization
 0001:0007980C       Finalization
 0001:0002B09C       Finalization
 0001:0002AEF0       Finalization
 0001:0002ABCC       Finalization
 0001:0002AB94       Finalization
 0001:0002AB4C       Finalization
 0001:00029B64       Finalization
 0001:0007E028       Finalization
 0001:00029B2C       Finalization
 0001:00029564       Finalization
 0001:000292AC       Finalization
 0001:000290CC       Finalization
 0001:00079844       Finalization
 0001:00005D7C       Finalization
 0001:000060B4       Finalization
 0001:0007987C       Finalization
 0001:00003F38       FinalizeArray
 0001:00002B20       FinalizeUnits
 0001:0005DA60       Find
 0001:0001DB78       FindAncestor
 0001:000041E4       FindBS
 0001:00016F94       FindClass
 0001:0000416C       FindClassHInstance
 0001:00005210       FindClose
 0001:00000244       FindClose
 0001:00000C14       FindCommitted
 0001:00061BDC       FindControl
 0001:0006E394       FindControlAtPos
 0001:000134A4       FindCustomVariantType
 0001:000133EC       FindCustomVariantType
 0001:000635FC       FindDragTarget
 0001:0001BA44       FindExistingComponent
 0001:0000024C       FindFirstFile
 0001:00005218       FindFirstFile
 0001:0004CFCC       FindGlobalComponent
 0001:000173FC       FindGlobalComponent
 0002:00002860       FindGlobalComponentProcs
 0001:00004144       FindHInstance
 0001:000172A4       FindIdentToInt
 0001:00017228       FindIntToIdent
 0002:00002A80       FindMsg
 0001:0001ABD4       FindNestedComponent
 0001:00059CA8       FindPopupControl
 0001:0000CC94       FindProc
 0001:0001398C       FindPropInfo
 0001:00005220       FindResource
 0001:000041BC       FindResourceHInstance
 0001:00056990       FindScanline
 0001:00048908       FindString
 0001:0004CF24       FindTopMostWindow
 0001:0001C928       FindUniqueName
 0001:00012F90       FindVarData
 0001:000635C8       FindVCLWindow
 0001:00005728       FindWindow
 0001:00049920       FindWinHelp
 0001:00026638       FixupBitFields
 0002:00000DF0       Flags
 0002:00002798       FLanguages
 0001:0002AF20       FlatSB
 0002:00002950       FlatSB_EnableScrollBar
 0002:0000295C       FlatSB_GetScrollInfo
 0002:00002960       FlatSB_GetScrollPos
 0002:00002958       FlatSB_GetScrollRange
 0002:00002968       FlatSB_SetScrollInfo
 0002:00002964       FlatSB_SetScrollPos
 0001:0002AC10       FlatSB_SetScrollProp
 0002:0000296C       FlatSB_SetScrollRange
 0002:00002954       FlatSB_ShowScrollBar
 0001:000082B4       FloatToDecimal
 0001:000085F4       FloatToStr
 0001:00007FE0       FloatToText
 0001:000019C0       Flush
 0002:00000188       FMSecsPerDay
 0001:00007EDC       FmtStr
 0002:00000BE4       FocusCount
 0002:00000BE0       FocusMessages
 0002:0000071C       FontCharsets
 0002:00002914       FontManager
 0001:0004CFA0       ForegroundTask
 0001:00007EC8       Format
 0002:00000190       Format
 0001:00007AD0       FormatBuf
 0001:00007AC4       FormatClearStr
 0001:00007A48       FormatError
 0002:0000016C       FormatErrorStrs
 0001:00005228       FormatMessage
 0001:00007AA0       FormatVarToStr
 0001:00057198       Forms
 0001:00001C6C       FPower10
 0002:00000850       FPrinter
 0001:00070988       Frame3D
 0001:00005730       FrameRect
 0001:0000C164       FreeAndNil
 0001:00079E78       FreeBitmaps
 0001:00000980       FreeCommitted
 0001:00000EA0       FreeCurAlloc
 0001:000636BC       FreeDeviceContext
 0001:00063778       FreeDeviceContexts
 0001:00020EB4       FreeIntConstList
 0001:00000254       FreeLibrary
 0001:00005230       FreeLibrary
 0001:00026194       FreeMemoryContexts
 0001:00020FE8       FreeObjectInstance
 0001:0004D060       FreeObjectInstance
 0001:00005240       FreeResource
 0001:00000600       FreeSpace
 0001:0000BCD0       FreeTerminateProcs
 0001:0002B0D4       FreeThemeLibrary
 0002:00002AF0       FRichEditModule
 0002:00002C90       FrmShopItem
 0002:00002C09       FullColorSupported
 0001:00024C4C       GDICheck
 0001:00024BA4       GDIError
 0001:00001924       Get8087CW
 0001:00005248       GetACP
 0001:00005738       GetActiveWindow
 0001:000547E8       GetAnimation
 0001:0002C098       GetAveCharSize
 0001:00005480       GetBitmapBits
 0001:00000380       GetBlockDesc
 0001:00005488       GetBrushOrgEx
 0001:00005B8C       GetBValue
 0001:00005740       GetCapture
 0001:00061EF8       GetCaptureControl
 0001:00016F40       GetClass
 0001:00005748       GetClassInfo
 0001:00005750       GetClassName
 0001:00005758       GetClientRect
 0001:00005490       GetClipBox
 0001:0000031C       GetCmdShow
 0001:000573D8       GetColor
 0001:0003520C       GetComCtlVersion
 0001:0000025C       GetCommandLine
 0001:000007CC       GetCommitted
 0001:0000085C       GetCommittedAt
 0001:0001EF30       GetComponentValue
 0001:00068D6C       GetControlAtPos
 0001:00008B8C       GetCount
 0001:00005250       GetCPInfo
 0001:00005498       GetCurrentPositionEx
 0001:00005258       GetCurrentProcessId
 0002:00002A34       GetCurrentThemeName
 0001:0000030C       GetCurrentThreadId
 0001:00005260       GetCurrentThreadId
 0001:00005B08       GetCurrentTime
 0001:00005760       GetCursor
 0001:000569A0       GetCursorHeightMargin
 0001:00005768       GetCursorPos
 0001:00008BB8       GetDate
 0001:00005268       GetDateFormat
 0001:00009870       GetDateOrder
 0001:00005770       GetDC
 0001:00005778       GetDCEx
 0001:000054A0       GetDCOrgEx
 0001:00028CDC       GetDefFontCharSet
 0001:000182AC       GetDesigner
 0001:00005780       GetDesktopWindow
 0001:000054B8       GetDeviceCaps
 0001:00025B94       GetDIB
 0001:000054A8       GetDIBColorTable
 0001:000054B0       GetDIBits
 0001:00025ADC       GetDIBSizes
 0001:00024DBC       GetDInColors
 0001:00005270       GetDiskFreeSpaceA
 0002:00000140       GetDiskFreeSpaceEx
 0001:0006F64C       GetDockAlign
 0001:000628A0       GetDockSiteAtPos
 0001:00062BCC       GetDropCtl
 0001:000022EC       GetDynaMethod
 0001:00013A50       GetEnumName
 0001:00013B28       GetEnumNameValue
 0001:00013B74       GetEnumValue
 0001:0000A350       GetEraNamesAndYearOffsets
 0001:00009904       GetEraYearOffset
 0001:0000AC80       GetExceptionClass
 0001:0000AE64       GetExceptionObject
 0001:00016EC8       GetFieldClassTable
 0001:0000B0D4       GetFileVersion
 0001:000053E8       GetFileVersionInfo
 0001:000053F0       GetFileVersionInfoSize
 0001:00014488       GetFloatProp
 0001:00005788       GetFocus
 0001:0002356C       GetFontData
 0001:00005790       GetForegroundWindow
 0001:0000B888       GetFormatSettings
 0001:00005278       GetFullPathName
 0001:00021284       GetGameGoldName
 0001:00076400       GetGradientPanelColors
 0001:00076478       GetGradientPanelFrameColor
 0001:00005B88       GetGValue
 0001:00022AD8       GetHashCode
 0001:00051D60       GetHelpInfo
 0001:00029FE4       GetHelpSystem
 0001:000545CC       GetHint
 0001:00054604       GetHintControl
 0001:0005F15C       GetHotkey
 0001:00005798       GetIconInfo
 0001:000148A4       GetInt64Prop
 0001:00014908       GetInterfaceProp
 0001:000057B0       GetKeyboardLayout
 0001:000057B8       GetKeyboardLayoutList
 0001:000057C0       GetKeyboardState
 0001:00001F58       GetKeyboardType
 0001:000057A0       GetKeyNameText
 0001:000057A8       GetKeyState
 0001:000057C8       GetLastActivePopup
 0001:0006D914       GetLastChildZone
 0001:00005280       GetLastError
 0001:00036BA8       GetLength
 0001:0000A114       GetLocaleChar
 0001:00000264       GetLocaleInfo
 0001:00005290       GetLocaleInfo
 0001:0000A0C8       GetLocaleStr
 0001:00005288       GetLocalTime
 0001:00061E60       GetLongHint
 0001:00014130       GetLongStrProp
 0001:000057D0       GetMenu
 0001:00051CE8       GetMenuHelpContext
 0001:000057D8       GetMenuItemCount
 0001:000057E0       GetMenuItemID
 0001:000057E8       GetMenuItemInfo
 0001:0005C2AC       GetMenuSize
 0001:000057F0       GetMenuState
 0001:000057F8       GetMenuString
 0001:00005800       GetMessagePos
 0001:0001482C       GetMethodProp
 0001:0000026C       GetModuleFileName
 0001:00005298       GetModuleFileName
 0001:000052A0       GetModuleHandle
 0001:00000274       GetModuleHandle
 0002:000028A0       GetMonitorInfo
 0002:000028A4       GetMonitorInfoA
 0002:000028A8       GetMonitorInfoW
 0001:0000A178       GetMonthDayNames
 0001:00005808       GetNextWindow
 0001:000054C0       GetObject
 0001:00013D04       GetOrdProp
 0001:000139B4       GetOrdProp
 0001:000718EC       GetPageCount
 0001:000054C8       GetPaletteEntries
 0001:00005810       GetParent
 0001:0004D1B4       GetParentForm
 0001:000054D0       GetPixel
 0001:000052A8       GetPrivateProfileString
 0001:0000027C       GetProcAddress
 0001:000052B0       GetProcAddress
 0001:00005818       GetProp
 0001:00013C48       GetPropInfo
 0001:00013BD8       GetPropInfo
 0001:0001394C       GetPropInfo
 0001:0001396C       GetPropInfo
 0001:00013C80       GetPropInfos
 0001:0004D674       GetRealScrollPosition
 0001:000573B8       GetRGBColor
 0001:00005B84       GetRValue
 0001:00005820       GetScrollInfo
 0001:00005828       GetScrollPos
 0001:00005830       GetScrollRange
 0001:000139F4       GetSetProp
 0001:00013DD4       GetSetProp
 0001:00061E1C       GetShortHint
 0001:00014028       GetShortStrProp
 0001:000140C0       GetShortStrPropAsLongStr
 0001:00000524       GetSpace
 0001:00000588       GetSpaceAt
 0001:00059D38       GetSpecialName
 0001:00000284       GetStartupInfo
 0001:000052B8       GetStdHandle
 0001:00000204       GetStdHandle
 0001:00071D60       GetStdItem
 0001:000054D8       GetStockObject
 0001:000052C0       GetStringTypeEx
 0001:00014260       GetStrProp
 0001:00005838       GetSubMenu
 0001:00005840       GetSysColor
 0001:00005848       GetSysColorBrush
 0001:000052C8       GetSystemInfo
 0001:00005850       GetSystemMenu
 0001:00005858       GetSystemMetrics
 0002:00002890       GetSystemMetrics
 0001:000054E0       GetSystemPaletteEntries
 0001:000054E8       GetTextAlign
 0001:000054F8       GetTextExtentPoint
 0001:000054F0       GetTextExtentPoint32
 0001:00005500       GetTextMetrics
 0002:00002A2C       GetThemeAppProperties
 0002:00002998       GetThemeBackgroundContentRect
 0002:0000299C       GetThemeBackgroundExtent
 0002:000029AC       GetThemeBackgroundRegion
 0002:000029D0       GetThemeBool
 0002:000029C4       GetThemeColor
 0002:00002A38       GetThemeDocumentationProperty
 0002:000029D8       GetThemeEnumValue
 0002:000029F8       GetThemeFilename
 0002:000029E0       GetThemeFont
 0002:000029D4       GetThemeInt
 0002:000029EC       GetThemeIntList
 0002:000029E8       GetThemeMargins
 0002:000029C8       GetThemeMetric
 0002:000029A0       GetThemePartSize
 0002:000029DC       GetThemePosition
 0002:000029F0       GetThemePropertyOrigin
 0002:000029E4       GetThemeRect
 0002:000029CC       GetThemeString
 0002:00002A04       GetThemeSysBool
 0002:000029FC       GetThemeSysColor
 0002:00002A00       GetThemeSysColorBrush
 0002:00002A0C       GetThemeSysFont
 0002:00002A14       GetThemeSysInt
 0002:00002A08       GetThemeSysSize
 0002:00002A10       GetThemeSysString
 0002:000029A4       GetThemeTextExtent
 0002:000029A8       GetThemeTextMetrics
 0001:000052D0       GetThreadLocale
 0001:0000028C       GetThreadLocale
 0001:000052D8       GetTickCount
 0001:00008BF0       GetTime
 0001:00004E80       GetTlsSize
 0001:00054D98       GetTopMostWindows
 0001:00062000       GetTopParent
 0001:00005860       GetTopWindow
 0001:00013A44       GetTypeData
 0001:000716AC       GetValidStr3
 0001:000130B0       GetVarDataArrayInfo
 0001:000147AC       GetVariantProp
 0001:000052E0       GetVersion
 0001:00000314       GetVersion
 0001:000052E8       GetVersionEx
 0001:00005508       GetViewportOrgEx
 0001:000142CC       GetWideStrProp
 0001:000141B0       GetWideStrPropAsLongStr
 0001:00005868       GetWindow
 0001:00005870       GetWindowDC
 0001:00005878       GetWindowLong
 0001:00005510       GetWindowOrgEx
 0001:00005880       GetWindowPlacement
 0001:00005888       GetWindowRect
 0001:00005890       GetWindowText
 0002:00002A20       GetWindowTheme
 0001:00005898       GetWindowThreadProcessId
 0001:000058A0       GetWindowThreadProcessId
 0001:000762A4       GetXPColorScheme
 0001:000052F0       GlobalAddAtom
 0001:000052F8       GlobalAlloc
 0001:00005B1C       GlobalAllocPtr
 0001:00005300       GlobalDeleteAtom
 0001:00005308       GlobalFindAtom
 0002:00002864       GlobalFixupList
 0001:0001AD1C       GlobalFixupReferences
 0001:00005310       GlobalFree
 0001:00005B48       GlobalFreePtr
 0001:00005320       GlobalHandle
 0001:00005318       GlobalLock
 0002:00002848       GlobalNameSpace
 0001:00005328       GlobalReAlloc
 0001:00005B2C       GlobalReAllocPtr
 0001:00005330       GlobalUnlock
 0002:00000904       GlyphCache
 0001:000291A0       Graphics
 0001:000170BC       GroupDescendentsWith
 0002:000010D0       g_boGameGird
 0002:000010CC       g_nGameGold
 0002:00002BEC       g_ShopItemList
 0001:0000DB68       HandleConversionException
 0001:00051F68       HandleEdge
 0001:0001C180       HandleException
 0001:00042894       HasPopup
 0001:00045CB4       HasSelectedText
 0002:00000024       HeapAllocFlags
 0002:000025C0       heapErrorCode
 0002:000025C4       heapLock
 0001:0002AB8C       HelpIntfs
 0002:00002944       HelpManager
 0002:00002A7C       HelpMsg
 0002:00002B1C       HelpViewer
 0002:00002B20       HelpViewerIntf
 0002:0000013C       HexDisplayPrefix
 0001:0001FC54       HexToBin
 0002:00000AC8       HideSelections
 0002:00000978       HideSelections
 0001:0006F6C8       HideZone
 0002:00002660       HInstance
 0002:00002B3C       HintDoneEvent
 0001:000546D4       HintGetMsgHook
 0002:00002B40       HintHook
 0001:00054678       HintMouseThread
 0002:00002B44       HintThread
 0002:00002B38       HintThreadID
 0001:00054624       HintTimerProc
 0002:00000BD8       HintWindowClass
 0002:000029B0       HitTestThemeBackground
 0001:00005B04       HiWord
 0001:00054718       HookHintHooks
 0001:00075E98       HSLtoColor
 0001:00071880       HUtil32
 0001:00005C84       HwndMSWheel
 0002:000009F4       IAlignment
 0002:00000D94       IBreaks
 0002:00000DA0       IChecks
 0002:00000DA8       IDefaults
 0001:0002355C       IdentToCharset
 0001:00023354       IdentToColor
 0001:00061E0C       IdentToCursor
 0001:00017320       IdentToInt
 0002:00000DB0       IEnables
 0001:0005D050       IfHotkeyAvailable
 0002:00002B50       ImageListWriteExProc
 0001:00029650       ImageList_Add
 0001:00029670       ImageList_AddIcon
 0001:000296A0       ImageList_BeginDrag
 0001:00029638       ImageList_Create
 0001:00029640       ImageList_Destroy
 0001:000296B0       ImageList_DragEnter
 0001:000296B8       ImageList_DragLeave
 0001:000296C0       ImageList_DragMove
 0001:000296D0       ImageList_DragShowNolock
 0001:00029680       ImageList_Draw
 0001:00029690       ImageList_DrawEx
 0001:000296A8       ImageList_EndDrag
 0001:00029668       ImageList_GetBkColor
 0001:000296D8       ImageList_GetDragImage
 0001:000296F0       ImageList_GetIconSize
 0001:00029648       ImageList_GetImageCount
 0001:000296E0       ImageList_Read
 0001:00029698       ImageList_Remove
 0001:00029688       ImageList_Replace
 0001:00029658       ImageList_ReplaceIcon
 0001:00029660       ImageList_SetBkColor
 0001:000296C8       ImageList_SetDragCursorImage
 0001:000296F8       ImageList_SetIconSize
 0001:000296E8       ImageList_Write
 0002:00000D04       Images
 0001:00058D70       ImgList
 0001:00029B94       Imm
 0002:00000F30       IMM32DLL
 0001:000702B8       Imm32IsIME
 0002:0000018C       IMSecsPerDay
 0001:0000DC54       InBounds
 0001:0000DEF4       InBounds
 0001:0000DC84       Increment
 0001:0000DF24       Increment
 0001:0002967C       IndexToOverlayMask
 0001:00029744       IndexToStateImageMask
 0001:000058A8       InflateRect
 0001:0002FF58       IniFiles
 0001:0007DEC8       Init
 0001:00000A0C       InitAllocator
 0001:0002136C       InitAnApi
 0002:000028B8       InitApis
 0001:000295A4       InitComCtl
 0001:000351B8       InitCommonControl
 0001:0002959C       InitCommonControls
 0001:00029604       InitCommonControlsEx
 0001:000175C8       InitComponent
 0002:00002630       InitContext
 0001:00070354       InitControls
 0001:00028D20       InitDefFontData
 0001:0000BCF0       InitDriveSpacePtr
 0001:0000AF40       InitExceptions
 0001:0002AC6C       InitFlatSB
 0001:0002C4DC       InitGlobals
 0001:00025994       InitializeBitmapInfoHeader
 0001:00005338       InitializeCriticalSection
 0001:00000360       InitializeCriticalSection
 0002:000025BC       initialized
 0001:0002AC44       InitializeFlatSB
 0001:00004F84       InitializeModule
 0001:0000CCC0       InitializeVarUtils
 0001:0006FF58       InitIMM32
 0001:00017670       InitInheritedComponent
 0001:0000B69C       InitLeadBytes
 0001:00021A48       InitMultiMonStubs
 0001:0000B044       InitPlatformId
 0001:00071888       InitPlayShop
 0001:000733F8       InitPlug
 0001:00004ECC       InitProcessTLS
 0001:000570B0       InitProcs
 0001:00028CA4       InitScreenLogPixels
 0001:0000B714       InitSysLocale
 0001:0002B294       InitThemeLibrary
 0001:0001FCAC       InitThreadSynchronization
 0001:00004E88       InitThreadTLS
 0001:00002B80       InitUnits
 0001:00061AF0       InitWndProc
 0002:00000B34       InnerStyles
 0002:00000ED0       InnerStyles
 0002:00002048       Input
 0001:0002C4AC       InputBox
 0001:0002C190       InputQuery
 0001:000540FC       InsertBefore
 0001:000675A8       InsertBefore
 0001:00000E18       InsertFree
 0001:0005D104       InsertHotkeyFarEastFormat
 0001:000058B0       InsertMenu
 0001:000058B8       InsertMenuItem
 0002:00002880       InstBlockList
 0002:00002884       InstFreeList
 0001:00012560       Int64Compare
 0001:0001254C       IntCompare
 0002:00002858       IntConstList
 0002:00000BB0       IntegralHeights
 0001:0000BD58       InterlockedDecrement
 0001:00000304       InterlockedDecrement
 0001:00005238       InterlockedExchange
 0001:0000BD64       InterlockedExchange
 0001:0000BD6C       InterlockedExchangeAdd
 0001:0000BD4C       InterlockedIncrement
 0001:000002FC       InterlockedIncrement
 0001:00022A64       InternalDeletePalette
 0001:00001978       InternalFlush
 0001:00000C74       InternalFreeMem
 0001:00025AE4       InternalGetDIB
 0001:00025A78       InternalGetDIBSizes
 0001:00017460       InternalReadComponentRes
 0002:00002B04       InternalServices
 0001:000033EC       InternalUniqueString
 0001:00005518       IntersectClipRect
 0001:000058C0       IntersectRect
 0001:0000724C       IntToHex
 0001:00017360       IntToIdent
 0001:00007224       IntToStr
 0001:00007138       IntToStr
 0001:00076FC0       InvalidateControls
 0001:000058C8       InvalidateRect
 0001:00024B38       InvalidBitmap
 0001:00024B20       InvalidGraphic
 0001:00024B44       InvalidIcon
 0001:00024B08       InvalidOperation
 0001:00016448       InvalidPoint
 0001:00016434       InvalidPoint
 0002:00002794       InvalidPointer
 0001:000021A4       InvokeImplGetter
 0001:000018A8       IOResult
 0002:00000DD0       IOwnerDraw
 0002:00000DB8       IRadios
 0002:00000DC8       IRTL
 0001:0004D144       IsAccel
 0001:0005E2B4       IsAccelChar
 0002:00002A1C       IsAppThemed
 0001:00062658       IsBeforeTargetWindow
 0001:000058D0       IsChild
 0002:00002044       IsConsole
 0001:0001E68C       IsDefault
 0001:0001E508       IsDefaultFloatProp
 0001:0001E564       IsDefaultInt64Prop
 0001:0001E830       IsDefaultInterfaceProp
 0001:0001E90C       IsDefaultMethodProp
 0001:0001E6E4       IsDefaultObjectProp
 0001:0001E4B0       IsDefaultOrdProp
 0001:0001EA1C       IsDefaultPropertyValue
 0001:0001E5BC       IsDefaultStrProp
 0001:0001E764       IsDefaultValue
 0001:0001E984       IsDefaultVariantProp
 0001:00062AB4       IsDelphiHandle
 0001:000058D8       IsDialogMessage
 0002:00000DC0       ISeparators
 0001:000764CC       IsFullColorSupported
 0001:000058E0       IsIconic
 0001:0005E310       IsInitialChar
 0001:00008830       IsLeapYear
 0002:00002034       IsLibrary
 0002:00002045       IsMultiThread
 0001:0006D378       IsOrientationSet
 0001:00013928       IsPublishedProp
 0001:000058E8       IsRectEmpty
 0001:000300C0       IsRelative
 0001:0006285C       IsSiteChildOfClient
 0001:00013CD4       IsStoredProp
 0002:00002A18       IsThemeActive
 0002:000029C0       IsThemeBackgroundPartiallyTransparent
 0002:00002A28       IsThemeDialogTextureEnabled
 0002:000029BC       IsThemePartDefined
 0001:0001743C       IsUniqueGlobalComponentName
 0002:0000284C       IsUniqueGlobalComponentNameProc
 0001:00007088       IsValidIdent
 0001:0000B6FC       IsWesternGroup
 0001:000058F0       IsWindow
 0001:000058F8       IsWindowEnabled
 0001:00005900       IsWindowVisible
 0001:00005908       IsZoomed
 0001:0005A104       Iterate
 0001:0005A164       IterateMenus
 0002:0000002C       JITEnable
 0001:0004D0F8       KeyboardStateToShiftState
 0001:0004D0BC       KeyDataToShiftState
 0001:0004D068       KeysToShiftState
 0001:00005910       KillTimer
 0001:000076B4       LastDelimiter
 0001:00004CA8       LCIDToCodePage
 0001:0000B628       LCIDToCodePage
 0002:0000011C       LeadBytes
 0001:00000370       LeaveCriticalSection
 0001:00005340       LeaveCriticalSection
 0002:00000034       LibModuleList
 0001:00076244       LighterColor
 0001:00005520       LineTo
 0001:00032438       ListActns
 0001:00063644       ListAdd
 0001:00031644       ListItemsCompare
 0001:0006366C       ListRemove
 0002:0000274A       ListSeparator
 0001:00029858       ListView_Arrange
 0001:00029904       ListView_CreateDragImage
 0001:000297A8       ListView_DeleteAllItems
 0001:000298B0       ListView_DeleteColumn
 0001:00029790       ListView_DeleteItem
 0001:000297E0       ListView_FindItem
 0001:000299D8       ListView_GetCheckState
 0001:00029AD4       ListView_GetColumnOrderArray
 0001:000298C8       ListView_GetColumnWidth
 0001:00029870       ListView_GetEditControl
 0001:00029B1C       ListView_GetHoverTime
 0001:00029748       ListView_GetItem
 0001:00029734       ListView_GetItemCount
 0001:000297F0       ListView_GetItemRect
 0001:000299C8       ListView_GetItemState
 0001:000297BC       ListView_GetNextItem
 0001:00029960       ListView_GetOrigin
 0001:00029A90       ListView_GetSelectedCount
 0001:00029950       ListView_GetTopIndex
 0001:0002982C       ListView_HitTest
 0001:000298A0       ListView_InsertColumn
 0001:00029778       ListView_InsertItem
 0001:0002983C       ListView_RedrawItems
 0001:00029700       ListView_SetBkColor
 0001:000299F8       ListView_SetCheckState
 0001:00029884       ListView_SetColumn
 0001:00029AB8       ListView_SetColumnOrderArray
 0001:000298E0       ListView_SetColumnWidth
 0001:00029AA0       ListView_SetExtendedListViewStyle
 0001:00029B0C       ListView_SetHoverTime
 0001:00029718       ListView_SetImageList
 0001:00029760       ListView_SetItem
 0001:00029A54       ListView_SetItemCount
 0001:00029A64       ListView_SetItemCountEx
 0001:00029998       ListView_SetItemState
 0001:00029A24       ListView_SetItemText
 0001:00029938       ListView_SetTextBkColor
 0001:00029920       ListView_SetTextColor
 0001:00029AF0       ListView_SetWorkAreas
 0001:00029A74       ListView_SortItems
 0001:00029978       ListView_Update
 0001:00005918       LoadBitmap
 0001:00005920       LoadCursor
 0001:00005928       LoadIcon
 0001:00005930       LoadKeyboardLayout
 0001:00005348       LoadLibrary
 0001:00000294       LoadLibraryEx
 0001:00005350       LoadResource
 0001:000043B0       LoadResourceModule
 0001:00004C50       LoadResString
 0001:00072E70       LoadShopItemList
 0001:0000029C       LoadString
 0001:00005938       LoadString
 0001:00004E44       LocalAlloc
 0001:00000340       LocalAlloc
 0001:00004E4C       LocalFree
 0001:00000348       LocalFree
 0001:0000A13C       LocalGetLocaleStr
 0002:00002A50       Lock
 0001:00005358       LockResource
 0002:0000268C       LongDateFormat
 0002:00002720       LongDayNames
 0002:000026D4       LongMonthNames
 0002:000026A0       LongTimeFormat
 0001:00006D24       LowerCase
 0002:00001100       LRFrameColor
 0001:000053D8       lstrcmp
 0001:000053E0       lstrcpy
 0001:000002A4       lstrcpyn
 0002:00002820       LVarTypes
 0002:00002824       LVarTypeSync
 0002:0000202C       MainInstance
 0001:0007DF58       MainOutMessasge
 0002:00002030       MainThreadID
 0001:000718C4       MakeDefaultMsg
 0001:000003D0       MakeEmpty
 0001:00002D18       MakeErrorMessage
 0002:00000F1C       MakeLast
 0001:00005AF8       MakeLong
 0001:00005BC4       MakeLParam
 0001:0004D04C       MakeObjectInstance
 0001:00020F50       MakeObjectInstance
 0001:00005B5C       MakeROP4
 0001:00005BBC       MakeWParam
 0001:0000AC00       MapException
 0001:0003079C       Mapi
 0002:00000930       MAPIDLL
 0002:00000934       MAPIModule
 0001:00002998       MapToRunError
 0001:00005940       MapVirtualKey
 0001:00005948       MapWindowPoints
 0002:00000D0C       Mask
 0001:00079324       Mask
 0001:00005528       MaskBlt
 0001:000792EC       MaskUtils
 0001:000292DC       Math
 0001:000292A4       Max
 0001:00077148       Max
 0001:0004F9FC       MaximizedChildren
 0002:0000003C       MemoryManager
 0002:00000D28       MenuKeyCaps
 0001:0005F32C       Menus
 0001:00000420       MergeBlockAfter
 0001:00000EEC       MergeCommit
 0001:00005950       MessageBeep
 0001:0000023C       MessageBox
 0001:00005958       MessageBox
 0001:0000C808       Messages
 0001:00017EB8       Min
 0001:00077140       Min
 0001:0002929C       Min
 0001:00066EF0       MinVar
 0002:000028C0       MMAvailable
 0002:00000F34       ModeMap
 0001:000516F4       ModifySystemMenu
 0002:000000A4       Module
 0002:0000265D       ModuleIsCpp
 0002:0000265C       ModuleIsLib
 0001:00020F20       ModuleUnload
 0002:00000038       ModuleUnloadList
 0002:0000289C       MonitorFromPoint
 0002:00002898       MonitorFromRect
 0002:00002894       MonitorFromWindow
 0002:000000EC       MonthDays
 0002:00002B64       Mouse
 0001:000018C8       Move
 0001:00005530       MoveToEx
 0001:0006368C       MoveWindowOrg
 0001:00005360       MulDiv
 0001:000002B4       MultiByteToWideChar
 0002:00000BB8       MultiColumns
 0001:00056B54       MultiLineWidth
 0001:00021AE4       MultiMon
 0002:00000970       MultiSelections
 0002:00000BA0       MultiSelects
 0002:00002681       NegCurrFormat
 0001:00000F78       NewCommit
 0001:00000FA4       NewCommitAt
 0002:0000091C       NewState
 0002:00002B68       NewStyleControls
 0001:0000B4AC       NextCharIndex
 0001:0006D35C       NextVisibleZone
 0001:00013EE8       NextWord
 0002:00000494       NilMethod
 0002:00000030       NoErrMsg
 0001:0005AF18       NormalDraw
 0002:00001524       NOSTRING
 0001:00002550       NotifyAnyExcept
 0001:00018344       NotifyDesigner
 0001:00002524       NotifyExcept
 0001:00002584       NotifyExceptFinally
 0001:0001753C       NotifyGlobalLoading
 0001:000046B0       NotifyModuleUnload
 0001:00002500       NotifyNonDelphiException
 0001:0000253C       NotifyOnExcept
 0001:000024E4       NotifyReRaise
 0001:000025AC       NotifyTerminate
 0001:000025C8       NotifyUnhandled
 0001:0005DC90       NthParentOf
 0001:0001358C       Null
 0002:00000330       NullAsStringValue
 0001:00012464       NullCompare
 0002:00000324       NullEqualityRule
 0002:00000328       NullMagnitudeRule
 0002:0000032C       NullStrictConvert
 0001:0001E64C       ObjectAncestorMatch
 0001:00061BA8       ObjectFromHWnd
 0002:00000AD0       OEMConverts
 0001:00005960       OemToAnsi
 0001:00005034       OffsetRect
 0001:00005968       OffsetRect
 0002:00002BF8       OldPlayOperateMessage
 0002:00002988       OpenThemeData
 0002:00000F14       OrientArray
 0002:00000EE0       OuterStyles
 0002:00000B44       OuterStyles
 0002:00002C98       OutMessage
 0002:00002790       OutOfMemory
 0001:00024B50       OutOfResources
 0002:00002214       Output
 0001:0001EF18       OwnedBy
 0002:00000334       PackVarCreation
 0001:0007839C       PaintGradient
 0001:00048478       PaintListBox
 0002:00000810       Pal16
 0001:00022E48       PaletteChanged
 0001:0002533C       PaletteFromDIBColorTable
 0001:000253E0       PaletteToDIBColorTable
 0002:0000080C       PalSize
 0001:0006D740       ParentNotLast
 0002:00000AAC       Passwords
 0001:00005538       PatBlt
 0002:00002924       PatternManager
 0001:00005970       PeekMessage
 0002:00002918       PenManager
 0002:000007DC       PenModes
 0002:000007BC       PenStyles
 0001:00061EA4       PerformEraseBackground
 0001:00072368       PlayObjectOperateMessage
 0001:000733F0       PlayShop
 0002:000010C8       PlugClass
 0002:00002BE8       PlugHandle
 0001:00073444       PlugMain
 0001:00071600       PlugShare
 0001:000163BC       Point
 0001:0000502C       Point
 0001:00016810       PointerInModule
 0001:0006878C       PointsEqual
 0001:00005BA4       PointToSmallPoint
 0001:00005540       Polygon
 0001:00005548       Polyline
 0002:00002B54       PopupList
 0001:00005978       PostMessage
 0001:00005980       PostQuitMessage
 0001:0002AC08       Printers
 0001:00052E08       ProcessExecute
 0001:0004D374       ProcessHorz
 0001:00052F08       ProcessUpdate
 0001:0004D3E0       ProcessVert
 0001:0001B018       PropertyNotFound
 0001:000138FC       PropertyNotFound
 0001:0001C280       PropPathError
 0002:00000C08       Props
 0001:0001B00C       PropValueError
 0001:00005988       PtInRect
 0002:000000A0       PtrToNil
 0001:00007F9C       PutExponent
 0002:00002BAC       QualifyingSites
 0001:0000ABBC       RaiseAssertException
 0001:00019FC8       RaiseException
 0001:0000020C       RaiseException
 0002:00002014       RaiseExceptionProc
 0001:0000BC08       RaiseLastOSError
 0001:000373CC       ReadCols
 0001:0006E4B0       ReadControlName
 0001:0001D4C0       ReadCustomVariant
 0001:00030094       ReadError
 0001:0001AFF4       ReadError
 0001:00005368       ReadFile
 0001:0002568C       ReadIcon
 0002:00000AB4       ReadOnlys
 0001:0001259C       RealCompare
 0001:00005550       RealizePalette
 0001:0001B834       Recover
 0001:000163E4       Rect
 0001:00005010       Rect
 0001:00005560       Rectangle
 0001:00005558       RectVisible
 0001:00005990       RedrawWindow
 0002:00002818       RefAnyProc
 0002:00002A4C       ReferenceCount
 0001:00005198       RegCloseKey
 0001:000002BC       RegCloseKey
 0001:000051A0       RegCreateKeyEx
 0001:000051A8       RegFlushKey
 0002:0000285C       RegGroups
 0001:00005998       RegisterClass
 0001:00016FB4       RegisterClass
 0001:000059A0       RegisterClipboardFormat
 0001:000629FC       RegisterDockSite
 0001:000173A4       RegisterFindGlobalComponentProc
 0001:000171FC       RegisterIntegerConsts
 0001:0000470C       RegisterModule
 0001:00029F60       RegisterViewer
 0001:000059A8       RegisterWindowMessage
 0001:00030730       Registry
 0001:000051B0       RegOpenKeyEx
 0001:000002C4       RegOpenKeyEx
 0001:000051B8       RegQueryValueEx
 0001:000002CC       RegQueryValueEx
 0001:0002BB68       RegStr
 0001:000059B0       ReleaseCapture
 0001:000059B8       ReleaseDC
 0002:00000048       reMap
 0002:00002614       remBytes
 0001:00000490       RemoveBlock
 0002:00000470       RemoveDataModule
 0001:0001AEC4       RemoveFixupReferences
 0001:0001AF70       RemoveFixups
 0001:0001B268       RemoveGlobalFixup
 0001:000059C0       RemoveMenu
 0001:00004628       RemoveModuleUnloadProc
 0001:00004650       RemoveModuleUnloadProc
 0001:000059C8       RemoveProp
 0001:00005370       ResetEvent
 0001:0001FCF8       ResetSyncEvent
 0001:0000142C       ResizeInPlace
 0001:00005568       RestoreDC
 0001:0004CCF8       RestoreFocusState
 0001:0001798C       ReturnAddr
 0001:00018E64       ReturnAddr
 0001:00059CD8       ReturnAddr
 0001:00005B68       RGB
 0001:000250BC       RGBQuadToTriple
 0001:00025084       RGBTripleToQuad
 0001:0002BAC0       RichEdit
 0002:00002B7C       RM_GetObjectInstance
 0002:00002B34       RM_TaskbarCreated
 0001:00077030       RotateFont
 0002:00002610       rover
 0002:00000938       RTFConversionFormat
 0001:00013808       RTLConsts
 0001:00000214       RtlUnwind
 0002:00002018       RTLUnwindProc
 0002:0000006C       runErrMsg
 0001:000017D0       RunErrorAt
 0001:000797F8       RzBorder
 0001:00079F34       RzButton
 0001:00079E38       RzChkLst
 0001:00079DC8       RzCmboBx
 0001:00078220       RzCommon
 0001:000798E4       RzCommonBitmaps
 0001:00079874       RzCommonCursors
 0001:0007983C       RzEdit
 0001:0007927C       RzGrafx
 0001:0007998C       RzIntLst
 0001:00079954       RzLabel
 0001:00079E00       RzLstBox
 0001:0007C824       RzPanel
 0001:0007991C       RzPopups
 0001:000799C4       RzRadChk
 0001:000799FC       RzRadGrp
 0001:000798AC       RzSpnEdt
 0001:0007C85C       RzTabs
 0001:00079E70       RzToolbarForm
 0001:0000CC74       SafeArrayCreate
 0001:0000CC7C       SafeArrayGetLBound
 0001:0000CC84       SafeArrayGetUBound
 0001:0000CC8C       SafeArrayPtrOfIndex
 0001:0000C284       SafeLoadLibrary
 0001:00006E04       SameText
 0001:00005570       SaveDC
 0001:0004CCF0       SaveFocusState
 0001:000096F4       ScanBlanks
 0001:00009838       ScanChar
 0001:000099B4       ScanDate
 0001:00009718       ScanNumber
 0001:000097AC       ScanString
 0001:00009CF8       ScanTime
 0001:000098BC       ScanToNumber
 0002:00002B2C       Screen
 0002:000028D0       ScreenLogPixels
 0001:000059D0       ScreenToClient
 0002:00000AF4       ScrollBar
 0001:0004D52C       ScrollBarVisible
 0001:000059D8       ScrollWindow
 0001:00000FD8       SearchSmallBlocks
 0001:00005578       SelectClipRgn
 0001:00005580       SelectObject
 0001:00005588       SelectPalette
 0001:00061C38       SendAppMessage
 0001:0004CF60       SendFocusMessage
 0001:000059E0       SendMessage
 0002:00000D8C       Separators
 0001:00001914       Set8087CW
 0001:000059E8       SetActiveWindow
 0001:00054818       SetAnimation
 0001:00005590       SetBkColor
 0001:00005598       SetBkMode
 0001:000777B4       SetBooleanProp
 0001:000055A0       SetBrushOrgEx
 0001:000059F0       SetCapture
 0001:00061F20       SetCaptureControl
 0001:000059F8       SetClassLong
 0001:000130A4       SetClearVarToEmptyParam
 0001:00077838       SetColorProp
 0001:0001B9A4       SetCompName
 0001:00005A00       SetCursor
 0001:000055A8       SetDIBColorTable
 0001:00005378       SetEndOfFile
 0001:00005380       SetErrorMode
 0001:00005388       SetEvent
 0001:00002AD8       SetExceptionHandler
 0001:00005390       SetFilePointer
 0001:000145A0       SetFloatProp
 0001:00005A08       SetFocus
 0001:00005A10       SetForegroundWindow
 0001:00077864       SetFrameSidesProp
 0001:000701DC       SetImeMode
 0001:00001854       SetInOutRes
 0001:000148CC       SetInt64Prop
 0001:00014988       SetInterfaceProp
 0001:0001C560       SetInterfaceReference
 0001:0001C47C       SetIntIdent
 0002:00000BDC       SetLayeredWindowAttributes
 0001:00014170       SetLongStrProp
 0001:00005A18       SetMenu
 0001:00005A20       SetMenuItemInfo
 0001:0001486C       SetMethodProp
 0001:0001C4C4       SetObjectIdent
 0001:000139D0       SetOrdProp
 0001:00013D78       SetOrdProp
 0001:00005A28       SetParent
[...]
 0002:00002964       FlatSB_SetScrollPos
 0002:00002968       FlatSB_SetScrollInfo
 0002:0000296C       FlatSB_SetScrollRange
 0002:00002970       .1
 0002:00002974       _FlatSB_GetScrollProp
 0002:00002978       _FlatSB_SetScrollProp
 0002:0000297C       _InitializeFlatSB
 0002:00002980       _UninitializeFlatSB
 0002:00002984       .6
 0002:00002988       OpenThemeData
 0002:0000298C       CloseThemeData
 0002:00002990       DrawThemeBackground
 0002:00002994       DrawThemeText
 0002:00002998       GetThemeBackgroundContentRect
 0002:0000299C       GetThemeBackgroundExtent
 0002:000029A0       GetThemePartSize
 0002:000029A4       GetThemeTextExtent
 0002:000029A8       GetThemeTextMetrics
 0002:000029AC       GetThemeBackgroundRegion
 0002:000029B0       HitTestThemeBackground
 0002:000029B4       DrawThemeEdge
 0002:000029B8       DrawThemeIcon
 0002:000029BC       IsThemePartDefined
 0002:000029C0       IsThemeBackgroundPartiallyTransparent
 0002:000029C4       GetThemeColor
 0002:000029C8       GetThemeMetric
 0002:000029CC       GetThemeString
 0002:000029D0       GetThemeBool
 0002:000029D4       GetThemeInt
 0002:000029D8       GetThemeEnumValue
 0002:000029DC       GetThemePosition
 0002:000029E0       GetThemeFont
 0002:000029E4       GetThemeRect
 0002:000029E8       GetThemeMargins
 0002:000029EC       GetThemeIntList
 0002:000029F0       GetThemePropertyOrigin
 0002:000029F4       SetWindowTheme
 0002:000029F8       GetThemeFilename
 0002:000029FC       GetThemeSysColor
 0002:00002A00       GetThemeSysColorBrush
 0002:00002A04       GetThemeSysBool
 0002:00002A08       GetThemeSysSize
 0002:00002A0C       GetThemeSysFont
 0002:00002A10       GetThemeSysString
 0002:00002A14       GetThemeSysInt
 0002:00002A18       IsThemeActive
 0002:00002A1C       IsAppThemed
 0002:00002A20       GetWindowTheme
 0002:00002A24       EnableThemeDialogTexture
 0002:00002A28       IsThemeDialogTextureEnabled
 0002:00002A2C       GetThemeAppProperties
 0002:00002A30       SetThemeAppProperties
 0002:00002A34       GetCurrentThemeName
 0002:00002A38       GetThemeDocumentationProperty
 0002:00002A3C       DrawThemeParentBackground
 0002:00002A40       EnableTheming
 0002:00002A44       .1
 0002:00002A48       ThemeLibrary
 0002:00002A4C       ReferenceCount
 0002:00002A50       Lock
 0002:00002A54       .1
 0002:00002A58       .4
 0002:00002A5C       .1
 0002:00002A60       .1
 0002:00002A64       .1
 0002:00002A68       .1
 0002:00002A6C       .1
 0002:00002A70       .1
 0002:00002A74       .1
 0002:00002A78       .11
 0002:00002A7C       HelpMsg
 0002:00002A80       FindMsg
 0002:00002A84       .1
 0002:00002A88       CF_PICTURE
 0002:00002A8A       CF_COMPONENT
 0002:00002A8C       .2
 0002:00002A90       FClipboard
 0002:00002A94       .1
 0002:00002A98       .4
 0002:00002A9C       BitBtnGlyphs
 0002:00002AC8       .3
 0002:00002ACC       .8
 0002:00002AD0       .5
 0002:00002AD4       .1
 0002:00002AD8       .72
 0002:00002ADC       UrlMonHandle
 0002:00002AE0       UrlMonInitialized
 0002:00002AE4       .8
 0002:00002AE8       .36
 0002:00002AEC       ShellModule
 0002:00002AF0       FRichEditModule
 0002:00002AF4       ComCtlVersion
 0002:00002AF8       CoInitializeExProc
 0002:00002AFC       CoInitExProcLoaded
 0002:00002B00       .2
 0002:00002B04       InternalServices
 0002:00002B08       .42
 0002:00002B0C       .73
 0002:00002B10       WinHelpTester
 0002:00002B14       ViewerName
 0002:00002B18       .1
 0002:00002B1C       HelpViewer
 0002:00002B20       HelpViewerIntf
 0002:00002B24       .8
 0002:00002B28       Application
 0002:00002B2C       Screen
 0002:00002B30       .41
 0002:00002B34       RM_TaskbarCreated
 0002:00002B38       HintThreadID
 0002:00002B3C       HintDoneEvent
 0002:00002B40       HintHook
 0002:00002B44       HintThread
 0002:00002B48       .3
 0002:00002B4C       CachedComCtrlVer
 0002:00002B50       ImageListWriteExProc
 0002:00002B54       PopupList
 0002:00002B58       ShortCutItems
 0002:00002B5C       .9
 0002:00002B60       CommandPool
 0002:00002B64       Mouse
 0002:00002B68       NewStyleControls
 0002:00002B6C       .72
 0002:00002B70       WindowAtom
 0002:00002B72       ControlAtom
 0002:00002B74       WindowAtomString
 0002:00002B78       ControlAtomString
 0002:00002B7C       RM_GetObjectInstance
 0002:00002B80       DragControl
 0002:00002B84       DragObject
 0002:00002B88       DragInternalObject
 0002:00002B8C       DragCapture
 0002:00002B90       DragStartPos
 0002:00002B98       DragSaveCursor
 0002:00002B9C       DragThreshold
 0002:00002BA0       ActiveDrag
 0002:00002BA4       DragImageList
 0002:00002BA8       DockSiteList
 0002:00002BAC       QualifyingSites
 0002:00002BB0       DragSave
 0002:00002BB4       CanvasList
 0002:00002BB8       _WINNLSEnableIME
 0002:00002BBC       _ImmGetContext
 0002:00002BC0       _ImmReleaseContext
 0002:00002BC4       _ImmGetConversionStatus
 0002:00002BC8       _ImmSetConversionStatus
 0002:00002BCC       _ImmSetOpenStatus
 0002:00002BD0       _ImmSetCompositionWindow
 0002:00002BD4       _ImmSetCompositionFont
 0002:00002BD8       _ImmGetCompositionString
 0002:00002BDC       _ImmIsIME
 0002:00002BE0       _ImmNotifyIME
 0002:00002BE4       .12
 0002:00002BE8       PlugHandle
 0002:00002BEC       g_ShopItemList
 0002:00002BF0       .1
 0002:00002BF4       .1
 0002:00002BF8       OldPlayOperateMessage
 0002:00002BFC       .1
 0002:00002C00       .1
 0002:00002C04       .5
 0002:00002C08       CurrentXPColorScheme
 0002:00002C09       FullColorSupported
 0002:00002C0C       .01
 0002:00002C10       .1
 0002:00002C14       .1
 0002:00002C18       .2
 0002:00002C1C       .5
 0002:00002C20       .5
 0002:00002C24       .11
 0002:00002C28       .1
 0002:00002C2C       .5
 0002:00002C30       .1
 0002:00002C34       .8
 0002:00002C38       .3
 0002:00002C3C       .3
 0002:00002C40       .6
 0002:00002C44       .5
 0002:00002C48       .51
 0002:00002C4C       .11
 0002:00002C50       .2
 0002:00002C54       .2
 0002:00002C58       .31
 0002:00002C5C       BitBtnGlyphs
 0002:00002C88       .31
 0002:00002C8C       .81
 0002:00002C90       FrmShopItem
 0002:00002C94       .2
 0002:00002C98       OutMessage


Line numbers for EngineType(..\PlugInCommon\EngineType.pas) segment .text

   411 0001:0002125C   411 0001:00021263

Line numbers for EngineAPI(..\PlugInCommon\EngineAPI.pas) segment .text

   402 0001:00021264   403 0001:0002126A   404 0001:00021278   405 0001:00021280
   436 0001:00021284   442 0001:0002128C   443 0001:00021294   444 0001:0002129C
   543 0001:000212A4   547 0001:000212AC   559 0001:000212B4   571 0001:000212BC
   590 0001:000212C4   603 0001:000212CC   605 0001:000212D4   611 0001:000212DC
   612 0001:000212E4   625 0001:000212EC   626 0001:000212F4   633 0001:000212FC
   671 0001:00021304   674 0001:0002130C   717 0001:00021314   723 0001:0002131C
   725 0001:00021324   730 0001:0002132C   804 0001:00021334   807 0001:00021360
   798 0001:00021364   803 0001:0002136B

Line numbers for PlugShare(PlugShare.pas) segment .text

    26 0001:00071600    26 0001:00071607

Line numbers for HUtil32(..\PlugInCommon\HUtil32.pas) segment .text

    13 0001:00071608    14 0001:0007162C    15 0001:0007162F    16 0001:00071635
    17 0001:00071652    18 0001:00071660    22 0001:0007167F    24 0001:000716A4
    35 0001:000716AC    36 0001:000716E7    37 0001:000716EB    38 0001:000716F9
    39 0001:00071704    40 0001:00071706    42 0001:0007170B    43 0001:00071714
    44 0001:0007171C    45 0001:00071724    48 0001:00071731    49 0001:00071737
    50 0001:0007173F    51 0001:0007174A    53 0001:00071757    56 0001:00071761
    57 0001:00071766    58 0001:00071770    59 0001:0007177C    60 0001:00071783
    58 0001:00071784    62 0001:00071787    64 0001:0007178C    65 0001:00071790
    66 0001:00071798    67 0001:000717A0    68 0001:000717B3    70 0001:000717C7
    72 0001:000717C9    73 0001:000717CE    74 0001:000717D6    75 0001:000717E9
    79 0001:000717EB    80 0001:000717F3    81 0001:000717FD    85 0001:000717FE
    55 0001:000717FF    88 0001:00071813    89 0001:0007181B    91 0001:00071845
    92 0001:00071880    92 0001:00071887

Line numbers for PlayShop(PlayShop.pas) segment .text

    52 0001:00071888    53 0001:00071892    54 0001:000718A4    58 0001:000718A8
    59 0001:000718BB    60 0001:000718C0    63 0001:000718C4    64 0001:000718CB
    65 0001:000718CD    66 0001:000718D1    67 0001:000718D5    68 0001:000718DD
    69 0001:000718E5    83 0001:000718EC    84 0001:000718EF    85 0001:000718F1
    86 0001:000718F5    87 0001:00071901    89 0001:00071912    99 0001:00071914
   100 0001:0007197C   101 0001:0007198A   102 0001:0007198F   103 0001:00071994
   104 0001:00071999   105 0001:000719A1   107 0001:000719A9   108 0001:000719B7
   109 0001:000719C7   110 0001:000719D7   111 0001:000719E7   112 0001:00071A05
   114 0001:00071A08   108 0001:00071A09   116 0001:00071A0C   117 0001:00071A17
   131 0001:00071A21   132 0001:00071A3B   133 0001:00071A4A   134 0001:00071A5C
   135 0001:00071A6C   136 0001:00071A7E   137 0001:00071A9C   138 0001:00071AA6
   133 0001:00071AA7   139 0001:00071AAA   140 0001:00071ABE   141 0001:00071ACA
   142 0001:00071ADA   143 0001:00071ADD   144 0001:00071AFA   145 0001:00071B26
   146 0001:00071B2C   139 0001:00071B2D   147 0001:00071B30   150 0001:00071B3D
   151 0001:00071B4F   152 0001:00071B63   154 0001:00071B73   156 0001:00071B83
   157 0001:00071BA1   158 0001:00071BA4   159 0001:00071BC1   160 0001:00071BED
   162 0001:00071BF3   151 0001:00071BF4   165 0001:00071BFB   166 0001:00071C01
   169 0001:00071C2B   170 0001:00071C3D   171 0001:00071C51   172 0001:00071C61
   173 0001:00071C71   174 0001:00071C8F   175 0001:00071C92   176 0001:00071CAF
   177 0001:00071CDB   179 0001:00071CE1   170 0001:00071CE2   181 0001:00071CE9
   182 0001:00071CEF   184 0001:00071D4B   190 0001:00071D60   191 0001:00071D87
   192 0001:00071D8C   193 0001:00071D92   194 0001:00071DA0   195 0001:00071DB0
   196 0001:00071DC0   197 0001:00071DD9   198 0001:00071DDC   200 0001:00071DDE
   194 0001:00071DDF   202 0001:00071E0A   217 0001:00071E14   218 0001:00071E3F
   219 0001:00071E6D   220 0001:00071E9C   222 0001:00071ECB   223 0001:00071EE5
   224 0001:00071EFF   226 0001:00071F19   227 0001:00071F27   228 0001:00071F35
   229 0001:00071F43   230 0001:00071F4D   231 0001:00071F55   232 0001:00071F67
   233 0001:00071F6F   234 0001:00071F7C   235 0001:00071F80   236 0001:00071FA0
   238 0001:00071FA5   239 0001:00071FB5   240 0001:00071FC3   241 0001:00071FD0
   242 0001:00071FE2   243 0001:00071FF4   244 0001:00071FFB   245 0001:00072005
   246 0001:00072050   248 0001:00072098   250 0001:000720A7   253 0001:000720C9
   256 0001:000720EB   258 0001:00072148   264 0001:0007215C   265 0001:00072165
   266 0001:0007216F   267 0001:00072188   269 0001:0007218A   270 0001:00072192
   271 0001:00072196   272 0001:000721AF   274 0001:000721B1   275 0001:000721C0
   276 0001:000721CC   277 0001:000721D3   279 0001:000721ED   280 0001:00072206
   291 0001:00072210   294 0001:00072232   295 0001:0007223C   296 0001:00072246
   297 0001:0007224E   298 0001:00072256   299 0001:00072263   300 0001:00072273
   301 0001:0007227D   302 0001:0007228A   303 0001:0007229C   304 0001:000722AA
   305 0001:000722B1   306 0001:000722BB   308 0001:000722D8   310 0001:000722E7
   313 0001:00072306   316 0001:00072325   318 0001:0007235F   340 0001:00072368
   341 0001:0007238E   342 0001:00072390   346 0001:0007240C   347 0001:00072414
   351 0001:0007242A   352 0001:00072434   353 0001:00072442   354 0001:0007244A
   356 0001:0007245C   357 0001:00072464   358 0001:00072479   359 0001:0007248E
   364 0001:000724A4   365 0001:000724AE   366 0001:000724BC   367 0001:000724C4
   369 0001:000724D6   370 0001:000724DE   371 0001:000724F3   372 0001:00072508
   377 0001:0007251E   378 0001:00072528   379 0001:00072536   380 0001:0007253E
   382 0001:00072550   383 0001:00072558   384 0001:0007256D   385 0001:00072582
   389 0001:00072598   396 0001:0007259E   399 0001:000725E7   400 0001:000725ED
   401 0001:0007261C   402 0001:0007264B   403 0001:0007267A   404 0001:00072685
   407 0001:000726BA   408 0001:000726F5   411 0001:000726FA   412 0001:0007270F
   413 0001:00072724   416 0001:0007273A   418 0001:0007274F   419 0001:00072754
   420 0001:0007275F   421 0001:00072772   423 0001:000727B3   424 0001:000727E7
   426 0001:00072819   427 0001:0007282E   428 0001:00072843   432 0001:00072859
   434 0001:00072875   435 0001:0007287A   436 0001:00072885   437 0001:00072898
   439 0001:000728DC   440 0001:00072910   441 0001:00072944   443 0001:00072980
   444 0001:00072995   445 0001:000729AA   449 0001:000729C0   451 0001:000729CC
   452 0001:000729D1   453 0001:000729DC   454 0001:000729EF   456 0001:00072A41
   458 0001:00072A49   459 0001:00072A5E   460 0001:00072A73   464 0001:00072A89
   465 0001:00072A8F   466 0001:00072ACB   467 0001:00072AE0   468 0001:00072AF5
   471 0001:00072B0B   472 0001:00072B2A   475 0001:00072B3A   476 0001:00072B59
   479 0001:00072B69   480 0001:00072B72   490 0001:00072B9D   492 0001:00072BA9
   493 0001:00072BAF   497 0001:00072BF5   518 0001:00072E70   519 0001:00072E90
   520 0001:00072E9A   522 0001:00072E9F   523 0001:00072EB3   524 0001:00072EC0
   525 0001:00072ECC   526 0001:00072EDA   527 0001:00072EE6   528 0001:00072EF2
   529 0001:00072EFC   530 0001:00072F03   532 0001:00072F08   533 0001:00072F14
   534 0001:00072F22   535 0001:00072F2C   536 0001:00072F46   537 0001:00072F53
   538 0001:00072F69   539 0001:00072F76   540 0001:00072F9D   541 0001:00072FC4
   542 0001:00072FEB   543 0001:00073012   544 0001:00073039   545 0001:00073060
   546 0001:00073087   547 0001:00073095   548 0001:000730BD   549 0001:000730CE
   550 0001:000730D8   551 0001:000730E4   552 0001:0007310A   553 0001:00073130
   554 0001:00073156   555 0001:0007317C   556 0001:0007318D   557 0001:00073194
   558 0001:000731A6   559 0001:000731C3   563 0001:000731D1   535 0001:000731D4
   564 0001:000731DB   568 0001:000731E2   569 0001:000731F5   570 0001:00073216
   571 0001:00073237   573 0001:0007327A   579 0001:0007335C   580 0001:0007335E
   581 0001:00073368   582 0001:00073376   583 0001:00073386   584 0001:00073394
   585 0001:00073398   586 0001:000733A2   582 0001:000733A3   588 0001:000733A6
   589 0001:000733B2   591 0001:000733BB   593 0001:000733F0   593 0001:000733F7

Line numbers for PlugMain(PlugMain.pas) segment .text

    15 0001:000733F8    16 0001:000733FD    20 0001:00073400    21 0001:00073405
    24 0001:00073408    25 0001:00073409    26 0001:0007340B    27 0001:00073412
    29 0001:00073444    29 0001:0007344B

Line numbers for ShopConfig(ShopConfig.pas) segment .text

    73 0001:0007CD90    74 0001:0007CDB5    75 0001:0007CDB9    76 0001:0007CDCD
    77 0001:0007CDDB    78 0001:0007CDF9    79 0001:0007CE11    80 0001:0007CE20
    81 0001:0007CE24    83 0001:0007CE26    77 0001:0007CE27    85 0001:0007CE37
    87 0001:0007CE73   105 0001:0007CE7C   106 0001:0007CE9D   107 0001:0007CEAE
   108 0001:0007CEBC   109 0001:0007CECE   110 0001:0007CEE8   111 0001:0007CEF9
   112 0001:0007CF07   113 0001:0007CF11   114 0001:0007CF24   115 0001:0007CF32
   116 0001:0007CF40   118 0001:0007CF4E   120 0001:0007CF5C   121 0001:0007CF70
   130 0001:0007CF7E   131 0001:0007CF94   132 0001:0007CF9E   133 0001:0007CFA9
   135 0001:0007CFB4   136 0001:0007CFBF   137 0001:0007CFCA   138 0001:0007CFD5
   141 0001:0007CFED   143 0001:0007D009   109 0001:0007D00C   146 0001:0007D037
   153 0001:0007D03C   154 0001:0007D05A   155 0001:0007D067   156 0001:0007D074
   157 0001:0007D081   158 0001:0007D092   159 0001:0007D099   160 0001:0007D09D
   161 0001:0007D0A4   162 0001:0007D0B4   163 0001:0007D0C0   164 0001:0007D0E0
   161 0001:0007D0E3   168 0001:0007D0E8   169 0001:0007D0EF   170 0001:0007D116
   176 0001:0007D120   177 0001:0007D140   178 0001:0007D14E   179 0001:0007D15F
   180 0001:0007D176   181 0001:0007D187   182 0001:0007D1B1   183 0001:0007D1D2
   184 0001:0007D1F3   185 0001:0007D214   186 0001:0007D23E   187 0001:0007D25F
   188 0001:0007D26F   190 0001:0007D28E   191 0001:0007D29E   193 0001:0007D2D5
   199 0001:0007D2DC   200 0001:0007D2FE   201 0001:0007D30C   202 0001:0007D31A
   203 0001:0007D32E   204 0001:0007D351   205 0001:0007D374   206 0001:0007D39D
   207 0001:0007D3C6   208 0001:0007D3EF   209 0001:0007D418   211 0001:0007D434
   212 0001:0007D493   215 0001:0007D49C   216 0001:0007D4A3   217 0001:0007D4B7
   218 0001:0007D4C5   219 0001:0007D4D6   221 0001:0007D4F3   223 0001:0007D50F
   237 0001:0007D514   238 0001:0007D536   239 0001:0007D54F   240 0001:0007D56B
   242 0001:0007D581   243 0001:0007D59D   244 0001:0007D5B9   245 0001:0007D5D5
   246 0001:0007D5F1   247 0001:0007D5F7   248 0001:0007D60F   250 0001:0007D614
   251 0001:0007D61A   252 0001:0007D632   254 0001:0007D637   255 0001:0007D646
   256 0001:0007D65E   258 0001:0007D663   259 0001:0007D677   260 0001:0007D685
   261 0001:0007D69B   262 0001:0007D6A6   263 0001:0007D6B0   264 0001:0007D6BB
   265 0001:0007D6C6   266 0001:0007D6D1   267 0001:0007D6DC   268 0001:0007D6E7
   270 0001:0007D704   272 0001:0007D74F   277 0001:0007D7C4   278 0001:0007D7E3
   279 0001:0007D7F1   280 0001:0007D804   281 0001:0007D82E   283 0001:0007D84D
   285 0001:0007D87F   304 0001:0007D888   306 0001:0007D8AB   307 0001:0007D8B8
   308 0001:0007D8C7   309 0001:0007D8D4   310 0001:0007D8E1   311 0001:0007D8F5
   312 0001:0007D903   313 0001:0007D92A   315 0001:0007D943   317 0001:0007D950
   318 0001:0007D95B   320 0001:0007D96B   321 0001:0007D97B   322 0001:0007D98B
   324 0001:0007D99B   326 0001:0007D9AB   327 0001:0007D9EB   328 0001:0007D9F6
   312 0001:0007D9F9   330 0001:0007DA0D   332 0001:0007DA29   333 0001:0007DA34
   334 0001:0007DA3C   335 0001:0007DA54   338 0001:0007DA64   339 0001:0007DA77
   340 0001:0007DA90   341 0001:0007DAA9   343 0001:0007DAD2   348 0001:0007DBDC
   349 0001:0007DBE1   352 0001:0007DBEE   353 0001:0007DC01   354 0001:0007DC22
   355 0001:0007DC43   357 0001:0007DC4A   358 0001:0007DC4F   359 0001:0007DC56
   360 0001:0007DC6E   361 0001:0007DC7B   365 0001:0007DCFC   366 0001:0007DD01
   369 0001:0007DD04   370 0001:0007DD07   371 0001:0007DD1D   372 0001:0007DD2A
   375 0001:0007DD2C   376 0001:0007DD2F   377 0001:0007DD42   378 0001:0007DD4F
   381 0001:0007DD54   382 0001:0007DD57   383 0001:0007DD6D   384 0001:0007DD80
   388 0001:0007DD84   389 0001:0007DD87   390 0001:0007DD8D   391 0001:0007DD93
   394 0001:0007DD98   400 0001:0007DD9C   401 0001:0007DDB9   402 0001:0007DDCE
   403 0001:0007DDE9   404 0001:0007DE11   405 0001:0007DE24   407 0001:0007DE26
   402 0001:0007DE27   408 0001:0007DE4C   410 0001:0007DEB8   410 0001:0007DEBF

Line numbers for zPlugOfShop(E:\我的文档\清客\Plug\PlugOfShop\zPlugOfShop.dpr) segment .text

    37 0001:0007DEC0    38 0001:0007DEC5    44 0001:0007DEC8    45 0001:0007DED2
    46 0001:0007DEDC    47 0001:0007DEE1    48 0001:0007DEEC    50 0001:0007DEFA
    51 0001:0007DEFE    52 0001:0007DF05    53 0001:0007DF0A    54 0001:0007DF0F
    57 0001:0007DF58    58 0001:0007DF78    59 0001:0007DF81    61 0001:0007DFB7
    65 0001:0007DFBC    66 0001:0007DFC1    67 0001:0007DFCD    71 0001:0007DFF8
    72 0001:0007E00E    73 0001:0007E01A    74 0001:0007E026    78 0001:0007E318
    80 0001:0007E328

Bound resource files

f:\program files\borland\delphi7\Lib\Buttons.res
f:\program files\borland\delphi7\Lib\ExtDlgs.res
f:\program files\borland\delphi7\Lib\Controls.res
f:\program files\borland\delphi7\Lib\SPIN.RES
C:\Program Files\Raize\RC4\Lib\Delphi7\RzCommonCursors.res
C:\Program Files\Raize\RC4\Lib\Delphi7\RzCommonBitmaps.res
C:\Program Files\Raize\RC4\Lib\Delphi7\RzCmboBx.res
C:\Program Files\Raize\RC4\Lib\Delphi7\RzToolbarForm.DFM
ShopConfig.dfm
zPlugOfShop.res
zPlugOfShop.drf


Program entry point at 0001:0007E318
