
 Start         Length     Name                   Class
 0001:00000000 000DA53CH .text                   CODE
 0002:00000000 00009278H .data                   DATA
 0002:00009278 0000E1D5H .bss                    BSS


Detailed map of segments

 0001:00000000 00005C13 C=CODE     S=.text    G=(none)   M=System   ACBP=A9
 0001:00005C14 00000140 C=CODE     S=.text    G=(none)   M=SysInit  ACBP=A9
 0001:00005D54 000000A4 C=CODE     S=.text    G=(none)   M=Types    ACBP=A9
 0001:00005DF8 00000F3C C=CODE     S=.text    G=(none)   M=Windows  ACBP=A9
 0001:00006D34 00000038 C=CODE     S=.text    G=(none)   M=Messages ACBP=A9
 0001:00006D6C 00000350 C=CODE     S=.text    G=(none)   M=SysConst ACBP=A9
 0001:000070BC 000073E0 C=CODE     S=.text    G=(none)   M=SysUtils ACBP=A9
 0001:0000E49C 000007FB C=CODE     S=.text    G=(none)   M=VarUtils ACBP=A9
 0001:0000EC98 00005D1E C=CODE     S=.text    G=(none)   M=Variants ACBP=A9
 0001:000149B8 00000190 C=CODE     S=.text    G=(none)   M=RTLConsts ACBP=A9
 0001:00014B48 00000DA8 C=CODE     S=.text    G=(none)   M=TypInfo  ACBP=A9
 0001:000158F0 00000338 C=CODE     S=.text    G=(none)   M=ActiveX  ACBP=A9
 0001:00015C28 0000B1AE C=CODE     S=.text    G=(none)   M=Classes  ACBP=A9
 0001:00020DD8 00000330 C=CODE     S=.text    G=(none)   M=Consts   ACBP=A9
 0001:00021108 00009C03 C=CODE     S=.text    G=(none)   M=Graphics ACBP=A9
 0001:0002AD0C 00000048 C=CODE     S=.text    G=(none)   M=Math     ACBP=A9
 0001:0002AD54 000002B8 C=CODE     S=.text    G=(none)   M=Contnrs  ACBP=A9
 0001:0002B00C 00000414 C=CODE     S=.text    G=(none)   M=CommCtrl ACBP=A9
 0001:0002B420 00000787 C=CODE     S=.text    G=(none)   M=MultiMon ACBP=A9
 0001:0002BBA8 00000038 C=CODE     S=.text    G=(none)   M=Imm      ACBP=A9
 0001:0002BBE0 00000FF8 C=CODE     S=.text    G=(none)   M=HelpIntfs ACBP=A9
 0001:0002CBD8 00000038 C=CODE     S=.text    G=(none)   M=WinSpool ACBP=A9
 0001:0002CC10 00000044 C=CODE     S=.text    G=(none)   M=Printers ACBP=A9
 0001:0002CC54 0000031F C=CODE     S=.text    G=(none)   M=FlatSB   ACBP=A9
 0001:0002CF74 000003F0 C=CODE     S=.text    G=(none)   M=SyncObjs ACBP=A9
 0001:0002D364 000009BB C=CODE     S=.text    G=(none)   M=UxTheme  ACBP=A9
 0001:0002DD20 00000038 C=CODE     S=.text    G=(none)   M=RichEdit ACBP=A9
 0001:0002DD58 00000038 C=CODE     S=.text    G=(none)   M=ToolWin  ACBP=A9
 0001:0002DD90 00000040 C=CODE     S=.text    G=(none)   M=ShellAPI ACBP=A9
 0001:0002DDD0 00000038 C=CODE     S=.text    G=(none)   M=RegStr   ACBP=A9
 0001:0002DE08 000000A8 C=CODE     S=.text    G=(none)   M=WinInet  ACBP=A9
 0001:0002DEB0 00000038 C=CODE     S=.text    G=(none)   M=UrlMon   ACBP=A9
 0001:0002DEE8 0000008C C=CODE     S=.text    G=(none)   M=ShlObj   ACBP=A9
 0001:0002DF74 00000040 C=CODE     S=.text    G=(none)   M=CommDlg  ACBP=A9
 0001:0002DFB4 00000038 C=CODE     S=.text    G=(none)   M=Dlgs     ACBP=A9
 0001:0002DFEC 00002321 C=CODE     S=.text    G=(none)   M=Dialogs  ACBP=A9
 0001:00030310 00001AD6 C=CODE     S=.text    G=(none)   M=ExtCtrls ACBP=A9
 0001:00031DE8 00000048 C=CODE     S=.text    G=(none)   M=ComStrs  ACBP=A9
 0001:00031E30 00000094 C=CODE     S=.text    G=(none)   M=Clipbrd  ACBP=A9
 0001:00031EC4 00000038 C=CODE     S=.text    G=(none)   M=StrUtils ACBP=A9
 0001:00031EFC 00000405 C=CODE     S=.text    G=(none)   M=Buttons  ACBP=A9
 0001:00032304 00000038 C=CODE     S=.text    G=(none)   M=ExtDlgs  ACBP=A9
 0001:0003233C 00001014 C=CODE     S=.text    G=(none)   M=IniFiles ACBP=A9
 0001:00033350 000007D8 C=CODE     S=.text    G=(none)   M=Registry ACBP=A9
 0001:00033B28 0000006C C=CODE     S=.text    G=(none)   M=Mapi     ACBP=A9
 0001:00033B94 00000058 C=CODE     S=.text    G=(none)   M=ExtActns ACBP=A9
 0001:00033BEC 00000038 C=CODE     S=.text    G=(none)   M=ListActns ACBP=A9
 0001:00033C24 00006638 C=CODE     S=.text    G=(none)   M=ComCtrls ACBP=A9
 0001:0003A25C 00000A0C C=CODE     S=.text    G=(none)   M=Themes   ACBP=A9
 0001:0003AC68 0000767C C=CODE     S=.text    G=(none)   M=StdCtrls ACBP=A9
 0001:000422E4 00000168 C=CODE     S=.text    G=(none)   M=StdActns ACBP=A9
 0001:0004244C 00000D1F C=CODE     S=.text    G=(none)   M=WinHelpViewer ACBP=A9
 0001:0004316C 000110A7 C=CODE     S=.text    G=(none)   M=Controls ACBP=A9
 0001:00054214 00001292 C=CODE     S=.text    G=(none)   M=ActnList ACBP=A9
 0001:000554A8 00001738 C=CODE     S=.text    G=(none)   M=ImgList  ACBP=A9
 0001:00056BE0 000066E1 C=CODE     S=.text    G=(none)   M=Menus    ACBP=A9
 0001:0005D2C4 0000C4FC C=CODE     S=.text    G=(none)   M=Forms    ACBP=A9
 0001:000697C0 00000118 C=CODE     S=.text    G=(none)   M=WinSock  ACBP=A9
 0001:000698D8 00003984 C=CODE     S=.text    G=(none)   M=JSocket  ACBP=A9
 0001:0006D25C 00000038 C=CODE     S=.text    G=(none)   M=Grobal2  ACBP=A9
 0001:0006D294 0000031C C=CODE     S=.text    G=(none)   M=EDcode   ACBP=A9
 0001:0006D5B0 000015B4 C=CODE     S=.text    G=(none)   M=RzGrafx  ACBP=A9
 0001:0006EB64 000034C2 C=CODE     S=.text    G=(none)   M=RzCommon ACBP=A9
 0001:00072028 00000038 C=CODE     S=.text    G=(none)   M=RzCommonCursors ACBP=A9
 0001:00072060 0000284C C=CODE     S=.text    G=(none)   M=RzLabel  ACBP=A9
 0001:000748AC 00000CA8 C=CODE     S=.text    G=(none)   M=IdException ACBP=A9
 0001:00075554 00000038 C=CODE     S=.text    G=(none)   M=IdAssignedNumbers ACBP=A9
 0001:0007558C 00000358 C=CODE     S=.text    G=(none)   M=IdResourceStrings ACBP=A9
 0001:000758E4 00001127 C=CODE     S=.text    G=(none)   M=IdWinSock2 ACBP=A9
 0001:00076A0C 00000038 C=CODE     S=.text    G=(none)   M=IdStackConsts ACBP=A9
 0001:00076A44 00000A18 C=CODE     S=.text    G=(none)   M=IdStack  ACBP=A9
 0001:0007745C 00001114 C=CODE     S=.text    G=(none)   M=IdStackWindows ACBP=A9
 0001:00078570 00000804 C=CODE     S=.text    G=(none)   M=IdURI    ACBP=A9
 0001:00078D74 00001888 C=CODE     S=.text    G=(none)   M=IdGlobal ACBP=A9
 0001:0007A5FC 00000A84 C=CODE     S=.text    G=(none)   M=IdHeaderList ACBP=A9
 0001:0007B080 000000FC C=CODE     S=.text    G=(none)   M=IdBaseComponent ACBP=A9
 0001:0007B17C 00000260 C=CODE     S=.text    G=(none)   M=IdCoder  ACBP=A9
 0001:0007B3DC 00000688 C=CODE     S=.text    G=(none)   M=IdCoder3to4 ACBP=A9
 0001:0007BA64 000001AB C=CODE     S=.text    G=(none)   M=IdCoderMIME ACBP=A9
 0001:0007BC10 00000918 C=CODE     S=.text    G=(none)   M=IdAuthentication ACBP=A9
 0001:0007C528 00001D44 C=CODE     S=.text    G=(none)   M=IdHTTPHeaderInfo ACBP=A9
 0001:0007E26C 000002EC C=CODE     S=.text    G=(none)   M=IdAntiFreezeBase ACBP=A9
 0001:0007E558 00000645 C=CODE     S=.text    G=(none)   M=IdComponent ACBP=A9
 0001:0007EBA0 00000948 C=CODE     S=.text    G=(none)   M=IdSocketHandle ACBP=A9
 0001:0007F4E8 00001344 C=CODE     S=.text    G=(none)   M=IdSSLOpenSSLHeaders ACBP=A9
 0001:0008082C 0000015C C=CODE     S=.text    G=(none)   M=IdIOHandler ACBP=A9
 0001:00080988 000003A4 C=CODE     S=.text    G=(none)   M=IdIntercept ACBP=A9
 0001:00080D2C 000003D8 C=CODE     S=.text    G=(none)   M=IdRFCReply ACBP=A9
 0001:00081104 00000B58 C=CODE     S=.text    G=(none)   M=IdSocks  ACBP=A9
 0001:00081C5C 00000038 C=CODE     S=.text    G=(none)   M=IdTCPStream ACBP=A9
 0001:00081C94 00000038 C=CODE     S=.text    G=(none)   M=IdStream ACBP=A9
 0001:00081CCC 00000874 C=CODE     S=.text    G=(none)   M=IdIOHandlerSocket ACBP=A9
 0001:00082540 000020DC C=CODE     S=.text    G=(none)   M=IdTCPConnection ACBP=A9
 0001:0008461C 00000038 C=CODE     S=.text    G=(none)   M=IdThread ACBP=A9
 0001:00084654 00000038 C=CODE     S=.text    G=(none)   M=IdThreadMgrDefault ACBP=A9
 0001:0008468C 0000011C C=CODE     S=.text    G=(none)   M=IdServerIOHandler ACBP=A9
 0001:000847A8 00000038 C=CODE     S=.text    G=(none)   M=IdServerIOHandlerSocket ACBP=A9
 0001:000847E0 00000038 C=CODE     S=.text    G=(none)   M=IdStrings ACBP=A9
 0001:00084818 00000038 C=CODE     S=.text    G=(none)   M=IdThreadSafe ACBP=A9
 0001:00084850 00000038 C=CODE     S=.text    G=(none)   M=IdThreadMgr ACBP=A9
 0001:00084888 00000038 C=CODE     S=.text    G=(none)   M=IdTCPServer ACBP=A9
 0001:000848C0 00002720 C=CODE     S=.text    G=(none)   M=IdSSLOpenSSL ACBP=A9
 0001:00086FE0 000004A0 C=CODE     S=.text    G=(none)   M=IdTCPClient ACBP=A9
 0001:00087480 000016F8 C=CODE     S=.text    G=(none)   M=IdCookie ACBP=A9
 0001:00088B78 00000854 C=CODE     S=.text    G=(none)   M=IdCookieManager ACBP=A9
 0001:000893CC 00000204 C=CODE     S=.text    G=(none)   M=IdAuthenticationManager ACBP=A9
 0001:000895D0 00000038 C=CODE     S=.text    G=(none)   M=IdMultipartFormData ACBP=A9
 0001:00089608 00003220 C=CODE     S=.text    G=(none)   M=IdHTTP   ACBP=A9
 0001:0008C828 00000C58 C=CODE     S=.text    G=(none)   M=Md5      ACBP=A9
 0001:0008D480 00000060 C=CODE     S=.text    G=(none)   M=ComConst ACBP=A9
 0001:0008D4E0 000011B5 C=CODE     S=.text    G=(none)   M=ComObj   ACBP=A9
 0001:0008E698 000001CC C=CODE     S=.text    G=(none)   M=KpSmall  ACBP=A9
 0001:0008E864 0000004C C=CODE     S=.text    G=(none)   M=kpSHuge  ACBP=A9
 0001:0008E8B0 00000038 C=CODE     S=.text    G=(none)   M=kpZcnst  ACBP=A9
 0001:0008E8E8 0000061C C=CODE     S=.text    G=(none)   M=kpSStrm  ACBP=A9
 0001:0008EF04 0000079C C=CODE     S=.text    G=(none)   M=kpMatch  ACBP=A9
 0001:0008F6A0 00000C30 C=CODE     S=.text    G=(none)   M=kpCntn   ACBP=A9
 0001:000902D0 00001BC1 C=CODE     S=.text    G=(none)   M=kpZipObj ACBP=A9
 0001:00091E94 00000748 C=CODE     S=.text    G=(none)   M=KpLib    ACBP=A9
 0001:000925DC 0000578C C=CODE     S=.text    G=(none)   M=FileCtrl ACBP=A9
 0001:00097D68 0000B4A0 C=CODE     S=.text    G=(none)   M=VCLUnZip ACBP=A9
 0001:000A3208 00000038 C=CODE     S=.text    G=(none)   M=kpDiskIOWin9x ACBP=A9
 0001:000A3240 00000038 C=CODE     S=.text    G=(none)   M=kpDiskIOs ACBP=A9
 0001:000A3278 0000137C C=CODE     S=.text    G=(none)   M=VCLZip   ACBP=A9
 0001:000A45F4 00000038 C=CODE     S=.text    G=(none)   M=DCPconst ACBP=A9
 0001:000A462C 0000035C C=CODE     S=.text    G=(none)   M=Base64   ACBP=A9
 0001:000A4988 0000157A C=CODE     S=.text    G=(none)   M=Sha1     ACBP=A9
 0001:000A5F04 000014CA C=CODE     S=.text    G=(none)   M=DCPcrypt ACBP=A9
 0001:000A73D0 00000D94 C=CODE     S=.text    G=(none)   M=Gost     ACBP=A9
 0001:000A8164 00002344 C=CODE     S=.text    G=(none)   M=Common   ACBP=A9
 0001:000AA4A8 0000009C C=CODE     S=.text    G=(none)   M=GameLoginShare ACBP=A9
 0001:000AA544 000024D0 C=CODE     S=.text    G=(none)   M=RzBmpBtn ACBP=A9
 0001:000ACA14 00000038 C=CODE     S=.text    G=(none)   M=DateUtils ACBP=A9
 0001:000ACA4C 00000038 C=CODE     S=.text    G=(none)   M=MaskUtils ACBP=A9
 0001:000ACA84 00000038 C=CODE     S=.text    G=(none)   M=Mask     ACBP=A9
 0001:000ACABC 000004E0 C=CODE     S=.text    G=(none)   M=RzBorder ACBP=A9
 0001:000ACF9C 00000038 C=CODE     S=.text    G=(none)   M=RzEdit   ACBP=A9
 0001:000ACFD4 00000038 C=CODE     S=.text    G=(none)   M=RzSpnEdt ACBP=A9
 0001:000AD00C 00000038 C=CODE     S=.text    G=(none)   M=RzCommonBitmaps ACBP=A9
 0001:000AD044 00000038 C=CODE     S=.text    G=(none)   M=RzPopups ACBP=A9
 0001:000AD07C 00000038 C=CODE     S=.text    G=(none)   M=RzIntLst ACBP=A9
 0001:000AD0B4 00000038 C=CODE     S=.text    G=(none)   M=RzRadChk ACBP=A9
 0001:000AD0EC 00000038 C=CODE     S=.text    G=(none)   M=RzRadGrp ACBP=A9
 0001:000AD124 000003CC C=CODE     S=.text    G=(none)   M=RzCmboBx ACBP=A9
 0001:000AD4F0 00000038 C=CODE     S=.text    G=(none)   M=RzLstBox ACBP=A9
 0001:000AD528 00000038 C=CODE     S=.text    G=(none)   M=RzChkLst ACBP=A9
 0001:000AD560 00000038 C=CODE     S=.text    G=(none)   M=RzToolbarForm ACBP=A9
 0001:000AD598 000000E1 C=CODE     S=.text    G=(none)   M=RzButton ACBP=A9
 0001:000AD67C 000028D0 C=CODE     S=.text    G=(none)   M=RzPanel  ACBP=A9
 0001:000AFF4C 00000060 C=CODE     S=.text    G=(none)   M=OleConst ACBP=A9
 0001:000AFFAC 000008EA C=CODE     S=.text    G=(none)   M=OleServer ACBP=A9
 0001:000B0898 00000038 C=CODE     S=.text    G=(none)   M=StdVCL   ACBP=A9
 0001:000B08D0 00001793 C=CODE     S=.text    G=(none)   M=AxCtrls  ACBP=A9
 0001:000B2064 00003549 C=CODE     S=.text    G=(none)   M=OleCtrls ACBP=A9
 0001:000B55B0 00000FD0 C=CODE     S=.text    G=(none)   M=SHDocVw  ACBP=A9
 0001:000B6580 00000134 C=CODE     S=.text    G=(none)   M=IdAntiFreeze ACBP=A9
 0001:000B66B4 00000BAC C=CODE     S=.text    G=(none)   M=WinThread ACBP=A9
 0001:000B7260 00004868 C=CODE     S=.text    G=(none)   M=WinHTTP  ACBP=A9
 0001:000BBAC8 00000050 C=CODE     S=.text    G=(none)   M=JConsts  ACBP=A9
 0001:000BBB18 000133EC C=CODE     S=.text    G=(none)   M=jpeg     ACBP=A9
 0001:000CEF04 00000584 C=CODE     S=.text    G=(none)   M=ImageProgressbar ACBP=A9
 0001:000CF488 00000038 C=CODE     S=.text    G=(none)   M=DESTR    ACBP=A9
 0001:000CF4C0 000012D2 C=CODE     S=.text    G=(none)   M=DES      ACBP=A9
 0001:000D0794 00000500 C=CODE     S=.text    G=(none)   M=EDcodeUnit ACBP=A9
 0001:000D0C94 00000150 C=CODE     S=.text    G=(none)   M=Reg      ACBP=A9
 0001:000D0DE4 00000604 C=CODE     S=.text    G=(none)   M=HUtil32  ACBP=A9
 0001:000D13E8 00000310 C=CODE     S=.text    G=(none)   M=MsgBox   ACBP=A9
 0001:000D16F8 00000EB0 C=CODE     S=.text    G=(none)   M=NewAccount ACBP=A9
 0001:000D25A8 000006FC C=CODE     S=.text    G=(none)   M=ChangePassword ACBP=A9
 0001:000D2CA4 0000083C C=CODE     S=.text    G=(none)   M=GetBackPassword ACBP=A9
 0001:000D34E0 000008DC C=CODE     S=.text    G=(none)   M=Secrch   ACBP=A9
 0001:000D3DBC 00000354 C=CODE     S=.text    G=(none)   M=TlHelp32 ACBP=A9
 0001:000D4110 00000D44 C=CODE     S=.text    G=(none)   M=GameMon  ACBP=A9
 0001:000D4E54 000050B4 C=CODE     S=.text    G=(none)   M=Main     ACBP=A9
 0001:000D9F08 00000632 C=CODE     S=.text    G=(none)   M=GameLogin ACBP=A9
 0002:00000000 000000C0 C=DATA     S=.data    G=DGROUP   M=System   ACBP=A9
 0002:000000C0 00000020 C=DATA     S=.data    G=DGROUP   M=SysInit  ACBP=A9
 0002:000000E0 00000254 C=DATA     S=.data    G=DGROUP   M=SysUtils ACBP=A9
 0002:00000334 00000008 C=DATA     S=.data    G=DGROUP   M=VarUtils ACBP=A9
 0002:0000033C 0000008E C=DATA     S=.data    G=DGROUP   M=Variants ACBP=A9
 0002:000003CC 0000000C C=DATA     S=.data    G=DGROUP   M=TypInfo  ACBP=A9
 0002:000003D8 00000010 C=DATA     S=.data    G=DGROUP   M=ActiveX  ACBP=A9
 0002:000003E8 00000100 C=DATA     S=.data    G=DGROUP   M=Classes  ACBP=A9
 0002:000004E8 0000030C C=DATA     S=.data    G=DGROUP   M=Graphics ACBP=A9
 0002:000007F4 00000004 C=DATA     S=.data    G=DGROUP   M=Printers ACBP=A9
 0002:000007F8 00000010 C=DATA     S=.data    G=DGROUP   M=ShlObj   ACBP=A9
 0002:00000808 00000114 C=DATA     S=.data    G=DGROUP   M=Dialogs  ACBP=A9
 0002:0000091C 0000018C C=DATA     S=.data    G=DGROUP   M=ExtCtrls ACBP=A9
 0002:00000AA8 0000002C C=DATA     S=.data    G=DGROUP   M=Buttons  ACBP=A9
 0002:00000AD4 00000008 C=DATA     S=.data    G=DGROUP   M=IniFiles ACBP=A9
 0002:00000ADC 00000008 C=DATA     S=.data    G=DGROUP   M=Registry ACBP=A9
 0002:00000AE4 00000008 C=DATA     S=.data    G=DGROUP   M=Mapi     ACBP=A9
 0002:00000AEC 00000080 C=DATA     S=.data    G=DGROUP   M=ComCtrls ACBP=A9
 0002:00000B6C 00000068 C=DATA     S=.data    G=DGROUP   M=Themes   ACBP=A9
 0002:00000BD4 00000100 C=DATA     S=.data    G=DGROUP   M=StdCtrls ACBP=A9
 0002:00000CD4 0000013C C=DATA     S=.data    G=DGROUP   M=Controls ACBP=A9
 0002:00000E10 00000020 C=DATA     S=.data    G=DGROUP   M=ImgList  ACBP=A9
 0002:00000E30 000000EC C=DATA     S=.data    G=DGROUP   M=Menus    ACBP=A9
 0002:00000F1C 0000011C C=DATA     S=.data    G=DGROUP   M=Forms    ACBP=A9
 0002:00001038 00000005 C=DATA     S=.data    G=DGROUP   M=EDcode   ACBP=A9
 0002:00001040 000000CC C=DATA     S=.data    G=DGROUP   M=RzCommon ACBP=A9
 0002:0000110C 0000000C C=DATA     S=.data    G=DGROUP   M=RzLabel  ACBP=A9
 0002:00001118 00000544 C=DATA     S=.data    G=DGROUP   M=IdWinSock2 ACBP=A9
 0002:0000165C 00000004 C=DATA     S=.data    G=DGROUP   M=IdStackConsts ACBP=A9
 0002:00001660 0000000C C=DATA     S=.data    G=DGROUP   M=IdStack  ACBP=A9
 0002:0000166C 00000001 C=DATA     S=.data    G=DGROUP   M=IdStackWindows ACBP=A9
 0002:00001670 0000009C C=DATA     S=.data    G=DGROUP   M=IdGlobal ACBP=A9
 0002:0000170C 00000004 C=DATA     S=.data    G=DGROUP   M=IdCoderMIME ACBP=A9
 0002:00001710 00000004 C=DATA     S=.data    G=DGROUP   M=IdAuthentication ACBP=A9
 0002:00001714 00000004 C=DATA     S=.data    G=DGROUP   M=IdAntiFreezeBase ACBP=A9
 0002:00001718 00000028 C=DATA     S=.data    G=DGROUP   M=IdComponent ACBP=A9
 0002:00001740 00000140 C=DATA     S=.data    G=DGROUP   M=IdSSLOpenSSLHeaders ACBP=A9
 0002:00001880 00000004 C=DATA     S=.data    G=DGROUP   M=IdSSLOpenSSL ACBP=A9
 0002:00001884 0000004C C=DATA     S=.data    G=DGROUP   M=IdCookie ACBP=A9
 0002:000018D0 00000008 C=DATA     S=.data    G=DGROUP   M=IdHTTP   ACBP=A9
 0002:000018D8 00000050 C=DATA     S=.data    G=DGROUP   M=Md5      ACBP=A9
 0002:00001928 00000030 C=DATA     S=.data    G=DGROUP   M=ComObj   ACBP=A9
 0002:00001958 00000008 C=DATA     S=.data    G=DGROUP   M=kpCntn   ACBP=A9
 0002:00001960 000008C8 C=DATA     S=.data    G=DGROUP   M=kpZipObj ACBP=A9
 0002:00002228 00000016 C=DATA     S=.data    G=DGROUP   M=FileCtrl ACBP=A9
 0002:00002240 00002C08 C=DATA     S=.data    G=DGROUP   M=VCLUnZip ACBP=A9
 0002:00004E48 00000040 C=DATA     S=.data    G=DGROUP   M=Base64   ACBP=A9
 0002:00004E88 00000028 C=DATA     S=.data    G=DGROUP   M=Sha1     ACBP=A9
 0002:00004EB0 00001060 C=DATA     S=.data    G=DGROUP   M=Gost     ACBP=A9
 0002:00005F10 00000B08 C=DATA     S=.data    G=DGROUP   M=Common   ACBP=A9
 0002:00006A18 00000005 C=DATA     S=.data    G=DGROUP   M=GameLoginShare ACBP=A9
 0002:00006A20 00000230 C=DATA     S=.data    G=DGROUP   M=RzBorder ACBP=A9
 0002:00006C50 0000015C C=DATA     S=.data    G=DGROUP   M=RzCmboBx ACBP=A9
 0002:00006DAC 0000002C C=DATA     S=.data    G=DGROUP   M=RzButton ACBP=A9
 0002:00006DD8 0000002C C=DATA     S=.data    G=DGROUP   M=OleCtrls ACBP=A9
 0002:00006E04 0000009C C=DATA     S=.data    G=DGROUP   M=SHDocVw  ACBP=A9
 0002:00006EA0 00000048 C=DATA     S=.data    G=DGROUP   M=WinThread ACBP=A9
 0002:00006EE8 00000078 C=DATA     S=.data    G=DGROUP   M=WinHTTP  ACBP=A9
 0002:00006F60 00000908 C=DATA     S=.data    G=DGROUP   M=jpeg     ACBP=A9
 0002:00007868 00001068 C=DATA     S=.data    G=DGROUP   M=DES      ACBP=A9
 0002:000088D0 00000005 C=DATA     S=.data    G=DGROUP   M=EDcodeUnit ACBP=A9
 0002:000088D8 000000B0 C=DATA     S=.data    G=DGROUP   M=HUtil32  ACBP=A9
 0002:00008988 00000005 C=DATA     S=.data    G=DGROUP   M=Secrch   ACBP=A9
 0002:00008990 00000015 C=DATA     S=.data    G=DGROUP   M=GameMon  ACBP=A9
 0002:000089A8 00000004 C=DATA     S=.data    G=DGROUP   M=Main     ACBP=A9
 0002:0000A000 00000664 C=BSS      S=.bss     G=DGROUP   M=System   ACBP=A9
 0002:0000A664 00000010 C=BSS      S=.bss     G=DGROUP   M=SysInit  ACBP=A9
 0002:0000A674 00000004 C=BSS      S=.bss     G=DGROUP   M=Types    ACBP=A9
 0002:0000A678 00000004 C=BSS      S=.bss     G=DGROUP   M=Windows  ACBP=A9
 0002:0000A67C 00000004 C=BSS      S=.bss     G=DGROUP   M=Messages ACBP=A9
 0002:0000A680 00000004 C=BSS      S=.bss     G=DGROUP   M=SysConst ACBP=A9
 0002:0000A684 00000120 C=BSS      S=.bss     G=DGROUP   M=SysUtils ACBP=A9
 0002:0000A7A4 0000005C C=BSS      S=.bss     G=DGROUP   M=VarUtils ACBP=A9
 0002:0000A800 00000040 C=BSS      S=.bss     G=DGROUP   M=Variants ACBP=A9
 0002:0000A840 00000004 C=BSS      S=.bss     G=DGROUP   M=RTLConsts ACBP=A9
 0002:0000A844 00000004 C=BSS      S=.bss     G=DGROUP   M=TypInfo  ACBP=A9
 0002:0000A848 00000004 C=BSS      S=.bss     G=DGROUP   M=ActiveX  ACBP=A9
 0002:0000A84C 00000044 C=BSS      S=.bss     G=DGROUP   M=Classes  ACBP=A9
 0002:0000A890 00000004 C=BSS      S=.bss     G=DGROUP   M=Consts   ACBP=A9
 0002:0000A894 00000060 C=BSS      S=.bss     G=DGROUP   M=Graphics ACBP=A9
 0002:0000A8F4 00000004 C=BSS      S=.bss     G=DGROUP   M=Math     ACBP=A9
 0002:0000A8F8 00000004 C=BSS      S=.bss     G=DGROUP   M=Contnrs  ACBP=A9
 0002:0000A8FC 0000000C C=BSS      S=.bss     G=DGROUP   M=CommCtrl ACBP=A9
 0002:0000A908 00000031 C=BSS      S=.bss     G=DGROUP   M=MultiMon ACBP=A9
 0002:0000A93C 00000004 C=BSS      S=.bss     G=DGROUP   M=Imm      ACBP=A9
 0002:0000A940 00000008 C=BSS      S=.bss     G=DGROUP   M=HelpIntfs ACBP=A9
 0002:0000A948 00000004 C=BSS      S=.bss     G=DGROUP   M=WinSpool ACBP=A9
 0002:0000A94C 00000004 C=BSS      S=.bss     G=DGROUP   M=Printers ACBP=A9
 0002:0000A950 00000034 C=BSS      S=.bss     G=DGROUP   M=FlatSB   ACBP=A9
 0002:0000A984 00000004 C=BSS      S=.bss     G=DGROUP   M=SyncObjs ACBP=A9
 0002:0000A988 000000CC C=BSS      S=.bss     G=DGROUP   M=UxTheme  ACBP=A9
 0002:0000AA54 00000004 C=BSS      S=.bss     G=DGROUP   M=RichEdit ACBP=A9
 0002:0000AA58 00000004 C=BSS      S=.bss     G=DGROUP   M=ToolWin  ACBP=A9
 0002:0000AA5C 00000004 C=BSS      S=.bss     G=DGROUP   M=ShellAPI ACBP=A9
 0002:0000AA60 00000004 C=BSS      S=.bss     G=DGROUP   M=RegStr   ACBP=A9
 0002:0000AA64 00000004 C=BSS      S=.bss     G=DGROUP   M=WinInet  ACBP=A9
 0002:0000AA68 00000004 C=BSS      S=.bss     G=DGROUP   M=UrlMon   ACBP=A9
 0002:0000AA6C 00000004 C=BSS      S=.bss     G=DGROUP   M=ShlObj   ACBP=A9
 0002:0000AA70 00000004 C=BSS      S=.bss     G=DGROUP   M=CommDlg  ACBP=A9
 0002:0000AA74 00000004 C=BSS      S=.bss     G=DGROUP   M=Dlgs     ACBP=A9
 0002:0000AA78 00000038 C=BSS      S=.bss     G=DGROUP   M=Dialogs  ACBP=A9
 0002:0000AAB0 00000004 C=BSS      S=.bss     G=DGROUP   M=ExtCtrls ACBP=A9
 0002:0000AAB4 00000004 C=BSS      S=.bss     G=DGROUP   M=ComStrs  ACBP=A9
 0002:0000AAB8 0000000C C=BSS      S=.bss     G=DGROUP   M=Clipbrd  ACBP=A9
 0002:0000AAC4 00000004 C=BSS      S=.bss     G=DGROUP   M=StrUtils ACBP=A9
 0002:0000AAC8 00000030 C=BSS      S=.bss     G=DGROUP   M=Buttons  ACBP=A9
 0002:0000AAF8 00000004 C=BSS      S=.bss     G=DGROUP   M=ExtDlgs  ACBP=A9
 0002:0000AAFC 00000004 C=BSS      S=.bss     G=DGROUP   M=IniFiles ACBP=A9
 0002:0000AB00 00000004 C=BSS      S=.bss     G=DGROUP   M=Registry ACBP=A9
 0002:0000AB04 00000004 C=BSS      S=.bss     G=DGROUP   M=Mapi     ACBP=A9
 0002:0000AB08 00000009 C=BSS      S=.bss     G=DGROUP   M=ExtActns ACBP=A9
 0002:0000AB14 00000004 C=BSS      S=.bss     G=DGROUP   M=ListActns ACBP=A9
 0002:0000AB18 00000010 C=BSS      S=.bss     G=DGROUP   M=ComCtrls ACBP=A9
 0002:0000AB28 00000008 C=BSS      S=.bss     G=DGROUP   M=Themes   ACBP=A9
 0002:0000AB30 00000004 C=BSS      S=.bss     G=DGROUP   M=StdCtrls ACBP=A9
 0002:0000AB34 00000004 C=BSS      S=.bss     G=DGROUP   M=StdActns ACBP=A9
 0002:0000AB38 00000014 C=BSS      S=.bss     G=DGROUP   M=WinHelpViewer ACBP=A9
 0002:0000AB4C 00000080 C=BSS      S=.bss     G=DGROUP   M=Controls ACBP=A9
 0002:0000ABCC 00000004 C=BSS      S=.bss     G=DGROUP   M=ActnList ACBP=A9
 0002:0000ABD0 0000000C C=BSS      S=.bss     G=DGROUP   M=ImgList  ACBP=A9
 0002:0000ABDC 00000010 C=BSS      S=.bss     G=DGROUP   M=Menus    ACBP=A9
 0002:0000ABEC 00000020 C=BSS      S=.bss     G=DGROUP   M=Forms    ACBP=A9
 0002:0000AC0C 00000004 C=BSS      S=.bss     G=DGROUP   M=WinSock  ACBP=A9
 0002:0000AC10 00000194 C=BSS      S=.bss     G=DGROUP   M=JSocket  ACBP=A9
 0002:0000ADA4 00000004 C=BSS      S=.bss     G=DGROUP   M=Grobal2  ACBP=A9
 0002:0000ADA8 00000004 C=BSS      S=.bss     G=DGROUP   M=EDcode   ACBP=A9
 0002:0000ADAC 00000004 C=BSS      S=.bss     G=DGROUP   M=RzGrafx  ACBP=A9
 0002:0000ADB0 00000008 C=BSS      S=.bss     G=DGROUP   M=RzCommon ACBP=A9
 0002:0000ADB8 00000004 C=BSS      S=.bss     G=DGROUP   M=RzCommonCursors ACBP=A9
 0002:0000ADBC 00000004 C=BSS      S=.bss     G=DGROUP   M=RzLabel  ACBP=A9
 0002:0000ADC0 00000004 C=BSS      S=.bss     G=DGROUP   M=IdException ACBP=A9
 0002:0000ADC4 00000004 C=BSS      S=.bss     G=DGROUP   M=IdAssignedNumbers ACBP=A9
 0002:0000ADC8 00000004 C=BSS      S=.bss     G=DGROUP   M=IdResourceStrings ACBP=A9
 0002:0000ADCC 000001C8 C=BSS      S=.bss     G=DGROUP   M=IdWinSock2 ACBP=A9
 0002:0000AF94 00000004 C=BSS      S=.bss     G=DGROUP   M=IdStackConsts ACBP=A9
 0002:0000AF98 00000008 C=BSS      S=.bss     G=DGROUP   M=IdStack  ACBP=A9
 0002:0000AFA0 00000004 C=BSS      S=.bss     G=DGROUP   M=IdStackWindows ACBP=A9
 0002:0000AFA4 00000004 C=BSS      S=.bss     G=DGROUP   M=IdURI    ACBP=A9
 0002:0000AFA8 00000014 C=BSS      S=.bss     G=DGROUP   M=IdGlobal ACBP=A9
 0002:0000AFBC 00000004 C=BSS      S=.bss     G=DGROUP   M=IdHeaderList ACBP=A9
 0002:0000AFC0 00000004 C=BSS      S=.bss     G=DGROUP   M=IdBaseComponent ACBP=A9
 0002:0000AFC4 00000004 C=BSS      S=.bss     G=DGROUP   M=IdCoder  ACBP=A9
 0002:0000AFC8 00000004 C=BSS      S=.bss     G=DGROUP   M=IdCoder3to4 ACBP=A9
 0002:0000AFCC 00000084 C=BSS      S=.bss     G=DGROUP   M=IdCoderMIME ACBP=A9
 0002:0000B050 00000004 C=BSS      S=.bss     G=DGROUP   M=IdAuthentication ACBP=A9
 0002:0000B054 00000004 C=BSS      S=.bss     G=DGROUP   M=IdHTTPHeaderInfo ACBP=A9
 0002:0000B058 00000004 C=BSS      S=.bss     G=DGROUP   M=IdAntiFreezeBase ACBP=A9
 0002:0000B05C 00000008 C=BSS      S=.bss     G=DGROUP   M=IdComponent ACBP=A9
 0002:0000B064 00000004 C=BSS      S=.bss     G=DGROUP   M=IdSocketHandle ACBP=A9
 0002:0000B068 00000004 C=BSS      S=.bss     G=DGROUP   M=IdSSLOpenSSLHeaders ACBP=A9
 0002:0000B06C 00000004 C=BSS      S=.bss     G=DGROUP   M=IdIOHandler ACBP=A9
 0002:0000B070 00000004 C=BSS      S=.bss     G=DGROUP   M=IdIntercept ACBP=A9
 0002:0000B074 00000004 C=BSS      S=.bss     G=DGROUP   M=IdRFCReply ACBP=A9
 0002:0000B078 00000004 C=BSS      S=.bss     G=DGROUP   M=IdSocks  ACBP=A9
 0002:0000B07C 00000004 C=BSS      S=.bss     G=DGROUP   M=IdTCPStream ACBP=A9
 0002:0000B080 00000004 C=BSS      S=.bss     G=DGROUP   M=IdStream ACBP=A9
 0002:0000B084 00000004 C=BSS      S=.bss     G=DGROUP   M=IdIOHandlerSocket ACBP=A9
 0002:0000B088 00000004 C=BSS      S=.bss     G=DGROUP   M=IdTCPConnection ACBP=A9
 0002:0000B08C 00000004 C=BSS      S=.bss     G=DGROUP   M=IdThread ACBP=A9
 0002:0000B090 00000004 C=BSS      S=.bss     G=DGROUP   M=IdThreadMgrDefault ACBP=A9
 0002:0000B094 00000004 C=BSS      S=.bss     G=DGROUP   M=IdServerIOHandler ACBP=A9
 0002:0000B098 00000004 C=BSS      S=.bss     G=DGROUP   M=IdServerIOHandlerSocket ACBP=A9
 0002:0000B09C 00000004 C=BSS      S=.bss     G=DGROUP   M=IdStrings ACBP=A9
 0002:0000B0A0 00000004 C=BSS      S=.bss     G=DGROUP   M=IdThreadSafe ACBP=A9
 0002:0000B0A4 00000004 C=BSS      S=.bss     G=DGROUP   M=IdThreadMgr ACBP=A9
 0002:0000B0A8 00000004 C=BSS      S=.bss     G=DGROUP   M=IdTCPServer ACBP=A9
 0002:0000B0AC 00000010 C=BSS      S=.bss     G=DGROUP   M=IdSSLOpenSSL ACBP=A9
 0002:0000B0BC 00000004 C=BSS      S=.bss     G=DGROUP   M=IdTCPClient ACBP=A9
 0002:0000B0C0 00000004 C=BSS      S=.bss     G=DGROUP   M=IdCookie ACBP=A9
 0002:0000B0C4 00000004 C=BSS      S=.bss     G=DGROUP   M=IdCookieManager ACBP=A9
 0002:0000B0C8 00000004 C=BSS      S=.bss     G=DGROUP   M=IdAuthenticationManager ACBP=A9
 0002:0000B0CC 00000004 C=BSS      S=.bss     G=DGROUP   M=IdMultipartFormData ACBP=A9
 0002:0000B0D0 00000004 C=BSS      S=.bss     G=DGROUP   M=IdHTTP   ACBP=A9
 0002:0000B0D4 00000004 C=BSS      S=.bss     G=DGROUP   M=Md5      ACBP=A9
 0002:0000B0D8 00000004 C=BSS      S=.bss     G=DGROUP   M=ComConst ACBP=A9
 0002:0000B0DC 00000011 C=BSS      S=.bss     G=DGROUP   M=ComObj   ACBP=A9
 0002:0000B0F0 00000004 C=BSS      S=.bss     G=DGROUP   M=KpSmall  ACBP=A9
 0002:0000B0F4 00000004 C=BSS      S=.bss     G=DGROUP   M=kpSHuge  ACBP=A9
 0002:0000B0F8 00000004 C=BSS      S=.bss     G=DGROUP   M=kpZcnst  ACBP=A9
 0002:0000B0FC 00000004 C=BSS      S=.bss     G=DGROUP   M=kpSStrm  ACBP=A9
 0002:0000B100 00000025 C=BSS      S=.bss     G=DGROUP   M=kpMatch  ACBP=A9
 0002:0000B128 0000000C C=BSS      S=.bss     G=DGROUP   M=kpCntn   ACBP=A9
 0002:0000B134 00000020 C=BSS      S=.bss     G=DGROUP   M=kpZipObj ACBP=A9
 0002:0000B154 00000004 C=BSS      S=.bss     G=DGROUP   M=KpLib    ACBP=A9
 0002:0000B158 00000004 C=BSS      S=.bss     G=DGROUP   M=FileCtrl ACBP=A9
 0002:0000B15C 00000008 C=BSS      S=.bss     G=DGROUP   M=VCLUnZip ACBP=A9
 0002:0000B164 00000004 C=BSS      S=.bss     G=DGROUP   M=kpDiskIOWin9x ACBP=A9
 0002:0000B168 00000004 C=BSS      S=.bss     G=DGROUP   M=kpDiskIOs ACBP=A9
 0002:0000B16C 00000004 C=BSS      S=.bss     G=DGROUP   M=VCLZip   ACBP=A9
 0002:0000B170 00000004 C=BSS      S=.bss     G=DGROUP   M=DCPconst ACBP=A9
 0002:0000B174 00000004 C=BSS      S=.bss     G=DGROUP   M=Base64   ACBP=A9
 0002:0000B178 00000004 C=BSS      S=.bss     G=DGROUP   M=Sha1     ACBP=A9
 0002:0000B17C 0000000C C=BSS      S=.bss     G=DGROUP   M=DCPcrypt ACBP=A9
 0002:0000B188 00000004 C=BSS      S=.bss     G=DGROUP   M=Gost     ACBP=A9
 0002:0000B18C 000003CC C=BSS      S=.bss     G=DGROUP   M=Common   ACBP=A9
 0002:0000B558 0000C9C0 C=BSS      S=.bss     G=DGROUP   M=GameLoginShare ACBP=A9
 0002:00017F18 0000000C C=BSS      S=.bss     G=DGROUP   M=RzBmpBtn ACBP=A9
 0002:00017F24 00000004 C=BSS      S=.bss     G=DGROUP   M=DateUtils ACBP=A9
 0002:00017F28 00000004 C=BSS      S=.bss     G=DGROUP   M=MaskUtils ACBP=A9
 0002:00017F2C 00000004 C=BSS      S=.bss     G=DGROUP   M=Mask     ACBP=A9
 0002:00017F30 00000004 C=BSS      S=.bss     G=DGROUP   M=RzBorder ACBP=A9
 0002:00017F34 00000004 C=BSS      S=.bss     G=DGROUP   M=RzEdit   ACBP=A9
 0002:00017F38 00000004 C=BSS      S=.bss     G=DGROUP   M=RzSpnEdt ACBP=A9
 0002:00017F3C 00000004 C=BSS      S=.bss     G=DGROUP   M=RzCommonBitmaps ACBP=A9
 0002:00017F40 00000004 C=BSS      S=.bss     G=DGROUP   M=RzPopups ACBP=A9
 0002:00017F44 00000004 C=BSS      S=.bss     G=DGROUP   M=RzIntLst ACBP=A9
 0002:00017F48 00000004 C=BSS      S=.bss     G=DGROUP   M=RzRadChk ACBP=A9
 0002:00017F4C 00000004 C=BSS      S=.bss     G=DGROUP   M=RzRadGrp ACBP=A9
 0002:00017F50 00000004 C=BSS      S=.bss     G=DGROUP   M=RzCmboBx ACBP=A9
 0002:00017F54 00000004 C=BSS      S=.bss     G=DGROUP   M=RzLstBox ACBP=A9
 0002:00017F58 00000004 C=BSS      S=.bss     G=DGROUP   M=RzChkLst ACBP=A9
 0002:00017F5C 00000004 C=BSS      S=.bss     G=DGROUP   M=RzToolbarForm ACBP=A9
 0002:00017F60 00000030 C=BSS      S=.bss     G=DGROUP   M=RzButton ACBP=A9
 0002:00017F90 00000004 C=BSS      S=.bss     G=DGROUP   M=RzPanel  ACBP=A9
 0002:00017F94 00000004 C=BSS      S=.bss     G=DGROUP   M=OleConst ACBP=A9
 0002:00017F98 00000004 C=BSS      S=.bss     G=DGROUP   M=OleServer ACBP=A9
 0002:00017F9C 00000004 C=BSS      S=.bss     G=DGROUP   M=StdVCL   ACBP=A9
 0002:00017FA0 0000001C C=BSS      S=.bss     G=DGROUP   M=AxCtrls  ACBP=A9
 0002:00017FBC 00000014 C=BSS      S=.bss     G=DGROUP   M=OleCtrls ACBP=A9
 0002:00017FD0 00000004 C=BSS      S=.bss     G=DGROUP   M=SHDocVw  ACBP=A9
 0002:00017FD4 00000004 C=BSS      S=.bss     G=DGROUP   M=IdAntiFreeze ACBP=A9
 0002:00017FD8 00000024 C=BSS      S=.bss     G=DGROUP   M=WinThread ACBP=A9
 0002:00017FFC 00000004 C=BSS      S=.bss     G=DGROUP   M=WinHTTP  ACBP=A9
 0002:00018000 00000004 C=BSS      S=.bss     G=DGROUP   M=JConsts  ACBP=A9
 0002:00018004 00000004 C=BSS      S=.bss     G=DGROUP   M=jpeg     ACBP=A9
 0002:00018008 00000004 C=BSS      S=.bss     G=DGROUP   M=ImageProgressbar ACBP=A9
 0002:0001800C 00000004 C=BSS      S=.bss     G=DGROUP   M=DESTR    ACBP=A9
 0002:00018010 00000004 C=BSS      S=.bss     G=DGROUP   M=DES      ACBP=A9
 0002:00018014 0000001C C=BSS      S=.bss     G=DGROUP   M=EDcodeUnit ACBP=A9
 0002:00018030 00000004 C=BSS      S=.bss     G=DGROUP   M=Reg      ACBP=A9
 0002:00018034 00000004 C=BSS      S=.bss     G=DGROUP   M=HUtil32  ACBP=A9
 0002:00018038 00000008 C=BSS      S=.bss     G=DGROUP   M=MsgBox   ACBP=A9
 0002:00018040 00000105 C=BSS      S=.bss     G=DGROUP   M=NewAccount ACBP=A9
 0002:00018148 0000000C C=BSS      S=.bss     G=DGROUP   M=ChangePassword ACBP=A9
 0002:00018154 0000000C C=BSS      S=.bss     G=DGROUP   M=GetBackPassword ACBP=A9
 0002:00018160 00000004 C=BSS      S=.bss     G=DGROUP   M=Secrch   ACBP=A9
 0002:00018164 00000048 C=BSS      S=.bss     G=DGROUP   M=TlHelp32 ACBP=A9
 0002:000181AC 00000014 C=BSS      S=.bss     G=DGROUP   M=GameMon  ACBP=A9
 0002:000181C0 00000014 C=BSS      S=.bss     G=DGROUP   M=Main     ACBP=A9


  Address         Publics by Name

 0001:000C8AA0       ..
 0001:000BD638       ..
 0001:000CADA4       ..
 0001:000BE29C       ..
 0002:00007208       ..
 0002:00007408       ..
 0002:00006FEC       ..
 0001:000C0CB8       ..
 0001:000CA274       ..
 0001:000C012C       ..
 0002:00004D1C       ..
 0002:00004290       ..
 0001:000C3794       ..
 0001:000C2494       ..
 0001:000CD108       ..
 0002:00006FFC       ..
 0001:000C51F0       ..
 0001:000C9A4C       ..
 0001:000CCBF0       ..
 0001:000C54C0       ..
 0002:000077A8       ..
 0002:000070FC       ..
 0001:000BE800       ..
 0002:00004240       ..
 0002:0000707C       ..
 0001:000CC2C8       ..
 0001:000C6A14       ..
 0001:0009FE2C       ..
 0001:000CB43C       ..
 0001:000CBC40       ..
 0001:000CE174       ..
 0001:000C4EFC       ..
 0001:000C184C       ..
 0002:00002240       ..
 0001:000BF404       ..
 0001:000C8990       ..
 0001:000BECC4       ..
 0001:000C12A4       ..
 0001:000CAF00       ..
 0001:000C3E6C       ..
 0002:0000ADB4       .01
 0002:00017FA0       .02
 0002:0000AA6C       .1
 0002:0000B0D4       .1
 0002:0000AA70       .1
 0002:0000A66C       .1
 0002:0000ADAC       .1
 0002:0000AA54       .1
 0002:00018014       .1
 0002:0000AB04       .1
 0002:0001800C       .1
 0002:0000A840       .1
 0002:0000B0D8       .1
 0002:0000AAB4       .1
 0002:0000AA74       .1
 0002:00018030       .1
 0002:0000AAC4       .1
 0002:00017F3C       .1
 0002:0000AA68       .1
 0002:0000A970       .1
 0002:0000B09C       .1
 0002:00017F9C       .1
 0002:0000B0F0       .1
 0002:0000ADA8       .1
 0002:00017F24       .1
 0002:0000AC0C       .1
 0002:0000B0F4       .1
 0002:0000AA64       .1
 0002:0000AF94       .1
 0002:00017F14       .1
 0002:0000ADB8       .1
 0002:0000B0F8       .1
 0002:0000AA60       .1
 0002:00017F94       .1
 0002:0000B100       .1
 0002:00018160       .1
 0002:0000A67C       .1
 0002:0000B1BC       .1
 0002:0000A680       .1
 0002:0000AB40       .1
 0002:0000B174       .1
 0002:0000B170       .1
 0002:00018164       .1
 0002:0000B168       .1
 0002:000181BC       .1
 0002:0000ADC8       .1
 0002:0000ADC4       .1
 0002:0000A890       .1
 0002:0000B164       .1
 0002:0000B068       .1
 0002:0000A8FC       .1
 0002:00018000       .1
 0002:0000AA44       .1
 0002:0000A674       .1
 0002:0000AA5C       .1
 0002:0000A928       .1
 0002:0000A93C       .1
 0002:00017F34       .11
 0002:0000AFB0       .11
 0002:0000B0A8       .11
 0002:00017F54       .11
 0002:0000AA78       .11
 0002:0000AAB0       .12
 0002:0000A898       .12
 0002:0000B0BC       .2
 0002:0001803C       .2
 0002:0000B098       .2
 0002:0000B078       .2
 0002:00018044       .2
 0002:00017F28       .2
 0002:00017FD4       .2
 0002:00018150       .2
 0002:0000B0FC       .2
 0002:0001815C       .2
 0002:0000AB28       .2
 0002:0000B188       .2
 0002:0000B178       .2
 0002:0000B0C4       .2
 0002:0000B094       .2
 0002:00017F58       .2
 0002:0000B06C       .2
 0002:0000B090       .2
 0002:0000B07C       .2
 0002:0000B084       .2
 0002:00017F5C       .2
 0002:0000A8F4       .2
 0002:0000AFBC       .2
 0002:0000B058       .2
 0002:00018008       .2
 0002:0000AABC       .2
 0002:0000AFC0       .2
 0002:000181D0       .2
 0002:0000A940       .2
 0002:0000A8F8       .21
 0002:0000B0AC       .22
 0002:0000A678       .3
 0002:0000A948       .3
 0002:00018004       .3
 0002:0000B080       .3
 0002:00017F98       .3
 0002:0000B05C       .3
 0002:0000A94C       .3
 0002:0000A848       .3
 0002:0000B04C       .3
 0002:0000AFC8       .3
 0002:0000AFC4       .3
 0002:00017F44       .3
 0002:0000AFA4       .3
 0002:0000AFA0       .3
 0002:00017F18       .3
 0002:0000AF8C       .3
 0002:0000ADA4       .3
 0002:0000ADBC       .3
 0002:0000ABD0       .3
 0002:0000AAF8       .3
 0002:0000B074       .3
 0002:00017F90       .31
 0002:00017F60       .31
 0002:0000B088       .31
 0002:0000A794       .35
 0002:0000AB18       .36
 0002:0000B070       .4
 0002:00018034       .4
 0002:0000AA58       .4
 0002:0000B154       .4
 0002:0000B0A4       .4
 0002:00017FD8       .4
 0002:0000B0C8       .4
 0002:0000B050       .4
 0002:0000AAC8       .4
 0002:00018010       .4
 0002:0000B128       .4
 0002:0000B0DC       .41
 0002:0000AC10       .41
 0002:00017FD0       .41
 0002:0000ABF4       .41
 0002:0000AB30       .42
 0002:0000A858       .45
 0002:0000B0CC       .5
 0002:0000B054       .5
 0002:0000B158       .5
 0002:00017FCC       .5
 0002:0000A7FC       .5
 0002:00017F38       .5
 0002:00017F30       .5
 0002:00017F2C       .5
 0002:0000A5BC       .5
 0002:0000B08C       .5
 0002:0000AB00       .5
 0002:0000B150       .5
 0002:00017F4C       .5
 0002:00017F50       .51
 0002:0000B16C       .6
 0002:0000AF9C       .6
 0002:0000A984       .6
 0002:0000A844       .6
 0002:00017F48       .6
 0002:0000ADC0       .64
 0002:0000B0A0       .7
 0002:0000B184       .7
 0002:0000AB08       .72
 0002:0000AB54       .72
 0002:0000AB34       .73
 0002:00017F40       .8
 0002:0000AB14       .8
 0002:0000AAFC       .8
 0002:0000B0D0       .8
 0002:0000ABCC       .8
 0002:0000A820       .81
 0002:0000B0C0       .9
 0002:0000ABE4       .9
 0002:0000B064       .9
 0002:00017FFC       .9
 0002:0000B160       .91
 0001:00001D48       @AbstractError
 0001:00004654       @AddRefArray
 0001:0000460C       @AddRefRecord
 0001:00002FC0       @AfterConstruction
 0001:00001DC8       @Append
 0001:00002DF4       @AsClass
 0001:0000202C       @Assign
 0001:000022DC       @AStrCmp
 0001:00002FD0       @BeforeDestruction
 0001:00002188       @BlockRead
 0001:00002B84       @BoundErr
 0001:00002E40       @CallDynaInst
 0001:00005650       @CheckAutoResult
 0001:00002F68       @ClassCreate
 0001:00002FB8       @ClassDestroy
 0001:000021A8       @Close
 0001:000023B8       @CloseFile
 0001:000019D0       @Copy
 0001:00004848       @CopyArray
 0001:0000472C       @CopyRecord
 0001:00001CF8       @COS
 0001:000049B4       @DispCallByIDError
 0001:0000F7BC       @DispInvokeError
 0001:00004950       @Dispose
 0001:0000344C       @DoneExcept
 0001:00004EB8       @DynArrayAddRef
 0001:00004E90       @DynArrayAsg
 0001:00004E54       @DynArrayClear
 0001:00004C94       @DynArrayHigh
 0001:00004C8C       @DynArrayLength
 0001:00004E48       @DynArraySetLength
 0001:00003534       @ExceptionHandler
 0001:0000234C       @FileSize
 0001:00002398       @FillChar
 0001:00004600       @Finalize
 0001:00004514       @FinalizeArray
 0001:000044C8       @FinalizeRecord
 0001:00002E58       @FindDynaInst
 0001:000020E8       @Flush
 0001:00002B78       @FpuInit
 0001:00002AB4       @FpuMaskInit
 0001:00001814       @FreeMem
 0001:000017F4       @GetMem
 0001:00005C8C       @GetTls
 0001:0000397C       @Halt
 0001:000038A4       @Halt0
 0001:000030E4       @HandleAnyException
 0001:00003398       @HandleFinally
 0001:00003210       @HandleOnException
 0001:000A0784       @inflate_fast
 0001:000A2CB8       @inflate_table
 0001:00005CD8       @InitExe
 0001:000044BC       @Initialize
 0001:00004428       @InitializeArray
 0001:000043F8       @InitializeRecord
 0001:00003768       @InitImports
 0001:00003740       @InitResStringImports
 0001:0000371C       @InitResStrings
 0001:000055B4       @IntfAddRef
 0001:00005584       @IntfCast
 0001:00005540       @IntfClear
 0001:00005558       @IntfCopy
 0001:00002DD0       @IsClass
 0001:00002A84       @isNECWindows
 0001:000C88E0       @jcopy_block_row
 0001:000C8894       @jcopy_sample_rows
 0001:000C886C       @jdiv_round_up
 0001:000C2400       @jinit_1pass_quantizer
 0001:000C3674       @jinit_2pass_quantizer
 0001:000CC07C       @jinit_color_converter
 0001:000C1680       @jinit_color_deconverter
 0001:000C99A0       @jinit_compress_master
 0001:000CBB78       @jinit_c_coef_controller
 0001:000CAE7C       @jinit_c_main_controller
 0001:000CACDC       @jinit_c_master_control
 0001:000CB394       @jinit_c_prep_controller
 0001:000CCA68       @jinit_downsampler
 0001:000C4DE8       @jinit_d_coef_controller
 0001:000C3D8C       @jinit_d_main_controller
 0001:000C515C       @jinit_d_post_controller
 0001:000CD08C       @jinit_forward_dct
 0001:000C0C78       @jinit_huff_decoder
 0001:000CEDD0       @jinit_huff_encoder
 0001:000BE7B8       @jinit_input_controller
 0001:000C5444       @jinit_inverse_dct
 0001:000C8710       @jinit_marker_reader
 0001:000CA220       @jinit_marker_writer
 0001:000BF3CC       @jinit_master_decompress
 0001:000BE164       @jinit_memory_mgr
 0001:000C1224       @jinit_merged_upsampler
 0001:000C00B8       @jinit_phuff_decoder
 0001:000CDB98       @jinit_phuff_encoder
 0001:000C59A4       @jinit_upsampler
 0001:000C8900       @jpeg_abort
 0001:000C8978       @jpeg_alloc_huff_table
 0001:000C8960       @jpeg_alloc_quant_table
 0001:000CDE48       @jpeg_fdct_float
 0001:000CDBDC       @jpeg_fdct_ifast
 0001:000C0560       @jpeg_fill_bit_buffer
 0001:000BE270       @jpeg_free_large
 0001:000BE260       @jpeg_free_small
 0001:000CEB14       @jpeg_gen_optimal_table
 0001:000BE268       @jpeg_get_large
 0001:000BE258       @jpeg_get_small
 0001:000C06AC       @jpeg_huff_decode
 0001:000C69D8       @jpeg_idct_1x1
 0001:000C67E8       @jpeg_idct_2x2
 0001:000C6434       @jpeg_idct_4x4
 0001:000C5BBC       @jpeg_idct_float
 0001:000C6000       @jpeg_idct_ifast
 0001:000CE304       @jpeg_make_c_derived_tbl
 0001:000C0264       @jpeg_make_d_derived_tbl
 0001:000BE278       @jpeg_mem_available
 0001:000BE294       @jpeg_mem_init
 0001:000BE298       @jpeg_mem_term
 0001:000BE284       @jpeg_open_backing_store
 0001:000C85DC       @jpeg_resync_to_restart
 0001:000C9764       @jpeg_suppress_tables
 0001:000C887C       @jround_up
 0001:000C88F0       @jzero_far
 0001:00001A14       @LGetDir
 0001:00003EC8       @LStrAddRef
 0001:00003A3C       @LStrArrayClr
 0001:00003A6C       @LStrAsg
 0001:00003CE0       @LStrCat
 0001:00003D24       @LStrCat3
 0001:00003D98       @LStrCatN
 0001:00003A18       @LStrClr
 0001:00003E24       @LStrCmp
 0001:00003F38       @LStrCopy
 0001:00003F78       @LStrDelete
 0001:00003C88       @LStrFromArray
 0001:00003C00       @LStrFromChar
 0001:00003C10       @LStrFromPChar
 0001:00003B08       @LStrFromPCharLen
 0001:00003C40       @LStrFromPWChar
 0001:00003B74       @LStrFromPWCharLen
 0001:00003C7C       @LStrFromString
 0001:00003CA0       @LStrFromWStr
 0001:00003FC0       @LStrInsert
 0001:00003AB0       @LStrLAsg
 0001:00003CD8       @LStrLen
 0001:000040C8       @LStrOfChar
 0001:0000401C       @LStrPos
 0001:00004064       @LStrSetLength
 0001:00003ED8       @LStrToPChar
 0001:00003CB4       @LStrToString
 0001:0000493C       @New
 0001:00003ADC       @NewAnsiString
 0001:00004124       @NewWideString
 0001:00013F00       @OleVarFromLStr
 0001:00013FBC       @OleVarFromVar
 0001:00002798       @Pow10
 0001:00002258       @PStrCmp
 0001:00002230       @PStrCpy
 0001:00002200       @PStrNCat
 0001:0000223C       @PStrNCpy
 0001:000033F8       @RaiseAgain
 0001:000033D0       @RaiseExcept
 0001:00001834       @ReallocMem
 0001:000024C0       @ResetFile
 0001:00001DBC       @RewritText
 0001:00001D18       @ROUND
 0001:00003988       @RunError
 0001:000024DC       @Seek
 0001:00002770       @SetEq
 0001:00002784       @SetUnion
 0001:00001A8C       @SGetDir
 0001:00001D08       @SIN
 0001:000036DC       @StartExe
 0001:000003CC       @strlen
 0001:00001D24       @TRUNC
 0001:0000347C       @TryFinallyExit
 0001:00003F30       @UniqueStringA
 0001:00004A5C       @ValInt64
 0001:00002510       @ValLong
 0001:0001410C       @VarAddRef
 0001:0000463C       @VarAddRef
 0001:0001009C       @VarCast
 0001:0000FAA8       @VarClear
 0001:000044FC       @VarClr
 0001:0000FABC       @VarClr
 0001:0000FDD0       @VarCopy
 0001:00004714       @VarCopy
 0001:00013DE0       @VarFromBool
 0001:00013C6C       @VarFromByte
 0001:00013E30       @VarFromCurr
 0001:00013D88       @VarFromCurrency
 0001:00013DB4       @VarFromDate
 0001:00013ED4       @VarFromDisp
 0001:00013D5C       @VarFromDouble
 0001:00013C10       @VarFromInt
 0001:00013D0C       @VarFromInt64
 0001:00013C4C       @VarFromInteger
 0001:00013EA8       @VarFromIntf
 0001:00013CAC       @VarFromLongWord
 0001:00013E44       @VarFromLStr
 0001:00013E08       @VarFromReal
 0001:00013CCC       @VarFromShortInt
 0001:00013D38       @VarFromSingle
 0001:00013CEC       @VarFromSmallInt
 0001:00013E1C       @VarFromTDateTime
 0001:00013C8C       @VarFromWord
 0001:00013E70       @VarFromWStr
 0001:0000F810       @VarNull
 0001:00011520       @VarToBoolean
 0001:00010960       @VarToByte
 0001:000126E4       @VarToCurrency
 0001:0001217C       @VarToDate
 0001:00013B64       @VarToDisp
 0001:00011A28       @VarToDouble
 0001:00010F24       @VarToInt64
 0001:00010460       @VarToInteger
 0001:00013A98       @VarToIntf
 0001:00010BD8       @VarToLongWord
 0001:00012D98       @VarToLStr
 0001:000108B0       @VarToShortInt
 0001:00011DA4       @VarToSingle
 0001:00010A08       @VarToSmallInt
 0001:00010B00       @VarToWord
 0001:000134C0       @VarToWStr
 0001:000040F4       @Write0LString
 0001:00002628       @WriteBytes
 0001:000026F8       @WriteLn
 0001:000040FC       @WriteLString
 0001:0000267C       @WriteSpaces
 0001:000043D8       @WStrAddRef
 0001:00004164       @WStrArrayClr
 0001:00004188       @WStrAsg
 0001:0000414C       @WStrClr
 0001:000042C4       @WStrCmp
 0001:00004348       @WStrCopy
 0001:00004298       @WStrFromLStr
 0001:000041AC       @WStrFromPCharLen
 0001:0000425C       @WStrFromPWChar
 0001:00004238       @WStrFromPWCharLen
 0001:000042B8       @WStrLen
 0001:00004394       @WStrSetLength
 0001:000042A8       @WStrToPWChar
 0001:0000274C       @_CLenToPasStr
 0001:00002740       @_CToPasStr
 0001:00001968       @_IOTest
 0001:000049E0       @_lldiv
 0001:000049BC       @_llmul
 0001:0000C128       Abort
 0001:000460BC       AbsMin
 0001:0000C500       AbstractErrorHandler
 0002:0000A02C       AbstractErrorProc
 0002:0000ADD0       accept
 0001:000697D8       accept
 0002:0000AF80       AcceptEx
 0002:00000164       AccessMode
 0001:000018C4       AcquireExceptionObject
 0001:000183DC       ActivateClassGroup
 0001:0000650C       ActivateKeyboardLayout
 0002:0000AB88       ActiveDrag
 0001:00015C20       ActiveX
 0001:0005547C       ActnList
 0001:00000500       AddBlockAfter
 0001:000879DC       AddCookieFlag
 0001:0008791C       AddCookieProperty
 0002:000003E8       AddDataModule
 0001:00094CBC       AddDrive
 0001:00007D80       AddExitProc
 0001:0001C4A0       AddFinished
 0001:00058814       AddIn
 0001:000053D4       AddModuleUnloadProc
 0001:000053E4       AddModuleUnloadProc
 0001:0001C4D8       AddNotFinished
 0001:0005C624       AddOle2
 0002:00006F58       AddRequestModifierFlags
 0001:0001CEFC       AddSubComponentsToLoaded
 0001:000B68D0       AddThread
 0001:0001F3A4       AddThread
 0001:000D0D00       AddValue2
 0001:00024FE0       AdjustColor
 0001:0006FFE4       AdjustColor
 0001:00031664       AdjustColors
 0001:0005F908       Adjustment
 0001:000AEF94       AdjustRect
 0001:000735E0       AdjustRect
 0001:00073A60       AdjustRect
 0001:000835E0       AdjustStreamSize
 0001:00005EC4       AdjustTokenPrivileges
 0001:00006514       AdjustWindowRectEx
 0001:0009FC4C       adler32
 0002:00000BDC       Alignments
 0002:00000924       Alignments
 0002:00000F04       Alignments
 0002:00000EF4       Alignments
 0002:00002228       Alignments
 0001:00066800       AlignWork
 0001:0004B728       AlignWork
 0001:00020BB8       AllocateHWnd
 0001:0002EDA8       AllocFilterStr
 0001:00007D34       AllocMem
 0002:0000A5B4       AllocMemCount
 0002:0000A5B8       AllocMemSize
 0001:0002AB04       AllocPatternBitmap
 0001:00005C34       AllocTlsBuffer
 0002:00000CE0       AnchorAlign
 0002:00000CD4       AnimateWindowProc
 0002:00000DDC       AnimationStyle
 0001:0000CF30       AnsiCompareFileName
 0001:00007F60       AnsiCompareStr
 0001:00007F98       AnsiCompareText
 0001:000080C0       AnsiExtractQuotedStr
 0001:00008BD0       AnsiLastChar
 0001:0000651C       AnsiLower
 0001:00007F2C       AnsiLowerCase
 0001:0000CF98       AnsiLowerCaseFileName
 0001:0000CEF8       AnsiPos
 0001:0005D0D0       AnsiSameCaption
 0001:00007FD0       AnsiSameText
 0001:00007FE8       AnsiStrLIComp
 0001:0000D0B0       AnsiStrPos
 0001:0000D150       AnsiStrRScan
 0001:0000D178       AnsiStrScan
 0001:000059D0       AnsiToUtf8
 0001:00007EF8       AnsiUpperCase
 0001:0000D024       AnsiUpperCaseFileName
 0001:00013A20       AnyToIntf
 0001:0000A368       AppendChars
 0001:0000A72C       AppendFormat
 0001:0000A3CC       AppendNumber
 0001:0000A3AC       AppendString
 0002:0000ABEC       Application
 0002:000003F8       ApplicationHandleException
 0002:00000400       ApplicationShowException
 0002:00001030       AppVisible
 0001:000D11AC       ArrestStringEx
 0002:00008990       AsmBuf
 0001:0000C4E4       AssertErrorHandler
 0002:0000A024       AssertErrorProc
 0001:000153B8       AssignLongStr
 0001:0001575C       AssignVariant
 0002:0000AFB8       ATempPath
 0002:00002230       Attributes
 0002:00001710       AuthList
 0002:00000B54       AutoExpandStyles
 0002:0000A60C       avail
 0001:000B2040       AxCtrls
 0002:00004E48       B64
 0001:00008EBC       BackfillGetDiskFreeSpaceEx
 0001:00048C50       BackgroundClipped
 0001:0000E72C       BackupVarBoolFromStr
 0001:0000E88C       BackupVarBStrFromBool
 0001:0000E7AC       BackupVarBStrFromCy
 0001:0000E81C       BackupVarBStrFromDate
 0001:0000E6C0       BackupVarCyFromStr
 0001:0000E654       BackupVarDateFromStr
 0001:0000E510       BackupVarI4FromStr
 0001:0000E4BC       BackupVariantChangeTypeEx
 0001:0000E57C       BackupVarR4FromStr
 0001:0000E5E8       BackupVarR8FromStr
 0002:0000B568       BakGameListURL
 0001:000A4980       Base64
 0001:000A47CC       Base64Decode
 0001:000A4900       Base64DecodeStr
 0001:000A462C       Base64Encode
 0001:000A4780       Base64EncodeStr
 0001:0000CAD8       Beep
 0001:00018734       BeginGlobalLoading
 0001:00006524       BeginPaint
 0001:000039CC       BeginThread
 0001:00024FEC       BetterSize
 0001:00059688       BiDiDraw
 0001:000697E0       bind
 0002:0000ADD4       bind
 0001:0001F290       BinToHex
 0001:000062A4       BitBlt
 0002:00006DAC       BitBtnCaptions
 0002:00000AA8       BitBtnCaptions
 0002:0000AACC       BitBtnGlyphs
 0002:00017F64       BitBtnGlyphs
 0002:000007A8       BitCounts
 0001:0006DB00       BitFillBlit
 0002:000007A0       BitmapCanvasList
 0002:0000A8B0       BitmapImageLock
 0001:0000E4F8       BiUnimplemented
 0002:000010A4       BlinkingControls
 0002:000004BC       BlockCode
 0002:0000A5E4       blockDescBlockList
 0002:0000A5E8       blockDescFreeList
 0001:000020FC       BlockIO
 0002:00017F20       BmpButtonCount
 0002:000003CC       BooleanIdents
 0002:00000348       BooleanToStringRule
 0001:000085EC       BoolToStr
 0001:00012B20       BoolToWStrViaOS
 0002:00000B0C       BorderStyles
 0002:00000BD4       BorderStyles
 0002:0000091C       BorderStyles
 0002:00008988       boSearchFinish
 0002:0000898C       boStopSearch
 0001:000176D8       Bounds
 0001:00005D78       Bounds
 0001:0006DBC8       BoxBitMirrorBlit
 0002:00000E9C       Breaks
 0002:0000A8E8       BrushManager
 0002:0000B194       BufferStr
 0001:000BC7F0       BuildColorMap
 0001:0005BE3C       BuildImage
 0001:000BC748       BuildPalette
 0002:0000B18D       busy
 0002:000008C4       ButtonCaptions
 0002:00006DFC       ButtonMap
 0002:00000898       ButtonNames
 0001:000322DC       Buttons
 0002:00000F18       Buttons
 0002:00000C78       ButtonStyles
 0002:00000B24       ButtonStyles
 0002:0000AA84       ButtonWidths
 0001:00077294       ByteIsOk
 0001:000247CC       BytesPerScanline
 0001:00024B24       ByteSwapColors
 0001:0000CBBC       ByteToCharIndex
 0001:0000CB94       ByteToCharLen
 0001:0000CB58       ByteType
 0001:0000CAE0       ByteTypeTest
 0002:00001C28       B_table
 0002:0000B1C0       c
 0002:0000ABD4       CachedComCtrlVer
 0002:00000B04       cAddMode
 0001:00020AF4       CalcJmpOffset
 0001:000534E8       CalcSplitterPos
 0001:000B3994       CallEventMethod
 0001:0000652C       CallNextHookEx
 0001:0008F99C       CallStreamProc
 0001:0000D978       CallTerminateProcs
 0001:00006534       CallWindowProc
 0002:0000B19C       CanBreak
 0001:000470F4       CancelDrag
 0002:0000AB9C       CanvasList
 0002:0000A8EC       CanvasList
 0002:00000870       Captions
 0002:00000D98       CaptureControl
 0001:00092110       CBigRate
 0002:00000E3C       cBooleanToItemAutoFlag
 0001:00099078       CCheck
 0002:00006E4C       CControlData
 0002:00001958       cDirection
 0001:00005D94       CenterPoint
 0001:0002E6B8       CenterWindow
 0002:0000B134       CENTSIG
 0001:000AA04C       CertKey
 0002:00006E04       CEventDispIDs
 0002:0000AABA       CF_COMPONENT
 0002:0000AAB8       CF_PICTURE
 0002:0000A818       ChangeAnyProc
 0001:00045674       ChangeBiDiModeAlignment
 0001:00008C50       ChangeFileExt
 0001:000D2C9C       ChangePassword
 0002:00000BFC       CharCases
 0002:00000C2C       CharCases
 0001:00003B38       CharFromWChar
 0001:0000CD90       CharLength
 0001:0000653C       CharLowerBuff
 0001:00006544       CharNext
 0001:00000324       CharNext
 0002:0000B104       CharSet
 0001:00022C70       CharsetToIdent
 0001:0000CCA4       CharToByteIndex
 0001:0000CD08       CharToByteLen
 0001:0000654C       CharToOemA
 0001:00006554       CharUpperBuff
 0001:000019A4       ChDir
 0001:000019B8       ChDir
 0001:000B9FB8       CheckAborted
 0001:000255B4       CheckBool
 0001:0006AE10       CheckError
 0001:000AA17C       CheckIsIpAddr
 0001:00003060       CheckJmp
 0001:0000655C       CheckMenuItem
 0001:000A98F0       CheckMirDir
 0001:000BA2AC       CheckObjectSize
 0002:00000E8C       Checks
 0001:000AA2C4       CheckSdoClientVer
 0001:0001CF38       CheckSubComponents
 0001:0001F3BC       CheckSynchronize
 0001:0005F308       CheckTaskWindow
 0001:00046DA8       CheckUndock
 0001:000D9514       CheckUrl
 0001:0000C9CC       CheckWin32Version
 0001:0008A568       ChunkSize
 0002:0000034C       CInvalidCustomVariantType
 0002:000088C8       CipherText
 0002:00000E40       cItemAutoFlagToBoolean
 0002:00000E38       cItemAutoFlagToMenu
 0001:00020D44       Classes
 0001:0008D864       ClassIDToProgID
 0001:000181A0       ClassNotFound
 0002:0000B130       ClassRegistry
 0001:0006A998       Cleanup
 0002:0000A814       ClearAnyProc
 0001:00022500       ClearColor
 0001:0008E378       ClearExcepInfo
 0001:00014448       ClearVariantTypeList
 0002:0000B574       ClientFileName
 0001:00006564       ClientToScreen
 0001:00050A8C       ClientToWindow
 0002:00000798       ClipboardFormats
 0001:00031E6C       Clipbrd
 0001:0000656C       CloseClipboard
 0001:000062AC       CloseEnhMetaFile
 0001:000002C4       CloseHandle
 0001:00005F0C       CloseHandle
 0002:0000ADD8       closesocket
 0001:000697E8       closesocket
 0002:0000A98C       CloseThemeData
 0002:000007F8       CLSID_ShellLink
 0002:0000A040       CmdLine
 0002:0000A03C       CmdShow
 0002:00000E34       cMenuAutoFlagToItem
 0001:0000E504       CmpUnimplemented
 0002:00001930       CoAddRefServerProcess
 0001:00015B8C       CoCreateInstance
 0002:00001928       CoCreateInstanceEx
 0002:00005F10       code
 0001:00015B84       CoGetClassObject
 0002:00001940       CoInitFlags
 0001:00015B74       CoInitialize
 0002:0000192C       CoInitializeEx
 0002:000088D8       ColorNames
 0002:000010EC       Colors
 0002:00000518       Colors
 0002:000010CC       Colors
 0002:00006A20       ColorSwatches
 0001:0006F9D8       ColorToHSL
 0001:00022A68       ColorToIdent
 0002:00000930       ColorToPretyName
 0001:00022A58       ColorToRGB
 0002:00000C18       ComboBoxStyles
 0002:0000B0E4       ComClassManagerVar
 0001:0008D4D8       ComConst
 0002:0000A900       ComCtl32DLL
 0002:0000AB24       ComCtlVersion
 0001:0003A254       ComCtrls
 0002:0000ABE8       CommandPool
 0001:0002B418       CommCtrl
 0001:0002DFAC       CommDlg
 0001:000007E0       Commit
 0002:0000A628       committedRoot
 0001:000AA4A0       Common
 0001:0008E640       ComObj
 0001:00057DF8       CompareFront
 0001:00007E60       CompareMem
 0001:000A7320       CompareMemory
 0001:00007E30       CompareStr
 0001:00005F14       CompareString
 0001:00007E80       CompareText
 0001:00008514       CompareWith
 0001:0001D018       ComponentCreated
 0001:00025384       ComputeAldusChecksum
 0001:00031E28       ComStrs
 0002:0000110C       CondenseCaptionFlags
 0001:000697F0       connect
 0002:0000ADDC       connect
 0001:00081E9C       ConnectTimeout
 0001:00021100       Consts
 0001:0002B004       Contnrs
 0002:0000AB5A       ControlAtom
 0002:0000AB60       ControlAtomString
 0001:000640D0       ControlHasHelp
 0001:00054184       Controls
 0002:0000042C       Convert
 0002:0000041C       Convert
 0001:0000BEC8       ConvertAddr
 0001:0000A4BC       ConvertEraString
 0001:00007CF8       ConvertError
 0001:00007D10       ConvertErrorFmt
 0001:0000A624       ConvertYearString
 0001:00004C9C       CopyArray
 0001:00027D58       CopyBitmap
 0001:00028420       CopyBitmapAsMask
 0001:000062B4       CopyEnhMetaFile
 0001:00006A7C       CopyMemory
 0001:000283BC       CopyPalette
 0002:00000B70       Copyright
 0001:0005AEE8       CopyToBest
 0002:00001934       CoReleaseServerProcess
 0002:00001938       CoResumeClassObjects
 0002:0000193C       CoSuspendClassObjects
 0001:00015BA4       CoTaskMemFree
 0001:00015B7C       CoUninitialize
 0001:0000CC14       CountChars
 0002:0000A8C8       CounterLock
 0002:00001B04       cpdist4
 0002:00001B84       cpdist8
 0002:00001984       cplen2
 0002:00001A04       cplen3
 0002:00000350       CRangeToType
 0001:0009FE36       crc32
 0002:00001E28       CRC_32_TAB
 0001:0000C428       CreateAssertException
 0001:0000C5B0       CreateAVObject
 0001:000062BC       CreateBitmap
 0001:000062C4       CreateBrushIndirect
 0001:000AB120       CreateBrushPattern
 0001:0008D890       CreateComObject
 0001:000062CC       CreateCompatibleBitmap
 0001:000062D4       CreateCompatibleDC
 0001:0001D098       CreateComponent
 0001:000062E4       CreateDIBitmap
 0001:000062DC       CreateDIBSection
 0001:00008F9C       CreateDir
 0001:00005F1C       CreateDirectory
 0001:0000034C       CreateDirectory
 0001:000062EC       CreateEnhMetaFile
 0001:00005F24       CreateEvent
 0001:00005F2C       CreateFile
 0001:000002CC       CreateFileA
 0001:00005F34       CreateFileMapping
 0001:000062F4       CreateFontIndirect
 0001:000062FC       CreateHalftonePalette
 0001:00006574       CreateIcon
 0001:0000C354       CreateInOutError
 0001:0008F920       CreateInstanceByName
 0001:000D0C94       CreateKey
 0001:000A9378       Createlnk
 0001:0000657C       CreateMenu
 0001:0002FAA8       CreateMessageDialog
 0002:00006F34       CreateNewFlag
 0001:00006304       CreatePalette
 0001:0000630C       CreatePenIndirect
 0001:00006584       CreatePopupMenu
 0001:00005F3C       CreateProcess
 0001:0008D8C8       CreateRemoteComObject
 0001:00005F44       CreateRemoteThread
 0001:00006314       CreateSolidBrush
 0001:00015BC4       CreateStreamOnHGlobal
 0001:00024B7C       CreateSystemPalette
 0001:00005F4C       CreateThread
 0001:0000032C       CreateThread
 0001:000D4038       CreateToolhelp32Snapshot
 0001:00006BAC       CreateWindow
 0001:00006B54       CreateWindowEx
 0002:0000080C       CreationControl
 0002:00000CD8       CreationControl
 0002:000003B8       CRelationshipToBoolean
 0002:00000334       CResult
 0002:00018018       CSEncode
 0002:00000CC4       CSHREDRAW
 0002:0000015C       cSimpleBoolStrs
 0002:00000364       CText
 0002:00000C70       Ctl3DStyles
 0002:00000DD4       Ctl3DStyles
 0002:0000A620       curAlloc
 0002:0000A68C       CurrencyDecimals
 0002:0000A688       CurrencyFormat
 0002:0000A684       CurrencyString
 0001:0009E56C       CurrentDiskLabel
 0002:0000ADB0       CurrentXPColorScheme
 0001:0000A354       CurrentYear
 0001:00009DF0       CurrToStr
 0001:00012AB0       CurrToWStrViaOS
 0002:00000FB4       CursorMap
 0002:00000CE8       Cursors
 0001:00045994       CursorToIdent
 0002:00000FA4       cUseAlpha
 0002:00000FAC       cUseColorKey
 0002:00006C58       CustomColorItem
 0001:00094460       CutFirstDirectory
 0001:00008224       CvtInt
 0001:00008290       CvtInt64
 0002:0000019C       CWNear
 0001:0006FF68       DarkerColor
 0002:00000CCC       Data
 0001:000334C4       DataTypeToRegData
 0002:0000A68D       DateSeparator
 0001:00079CC0       DateTimeToGmtOffSetStr
 0001:000793DC       DateTimeToInternetStr
 0001:0000AF6C       DateTimeToStr
 0001:0000AEE0       DateTimeToString
 0001:00009EEC       DateTimeToTimeStamp
 0001:0000AF3C       DateToStr
 0001:00012AE8       DateToWStrViaOS
 0001:000ACA44       DateUtils
 0001:0000A2DC       DayOfWeek
 0002:00000198       DCon10
 0002:0000B17C       DCPcipherlist
 0001:000A4624       DCPconst
 0001:000A73A8       DCPcrypt
 0002:0000B180       DCPhashlist
 0001:000A7190       DCPregcipher
 0001:000A72AC       DCPregfree
 0001:000A7220       DCPreghash
 0002:00000514       DDBsOnly
 0001:00020C6C       DeallocateHWnd
 0002:00000028       DebugHook
 0002:0000A68B       DecimalSeparator
 0001:0008C97C       Decode
 0001:000D0878       Decode6BitBuf
 0001:0006D3A4       Decode6BitBuf
 0001:0000A2BC       DecodeDate
 0001:0000A170       DecodeDateFully
 0001:0006D464       DecodeMessage
 0001:000D0938       DecodeString
 0001:000D0B60       DecodeString_3des
 0001:00009FE0       DecodeTime
 0001:00000874       Decommit
 0001:00000E90       DecommitFree
 0002:0000A5FC       decommittedRoot
 0001:000A9E08       decrypt
 0001:000B8F2C       DecryptUP
 0001:00061D58       Default
 0001:00067428       Default
 0002:00000020       Default8087CW
 0002:00006C50       DefaultColorItem
 0002:00000CDC       DefaultDockTreeClass
 0002:00000034       DefaultTextLineBreakStyle
 0001:00035570       DefaultTreeViewSort
 0002:0000A5C0       DefaultUserCodePage
 0002:00000768       DefBrushData
 0002:000004E8       DefFontData
 0001:0000658C       DefFrameProc
 0002:00000228       DefLongDayNames
 0002:000001DC       DefLongMonthNames
 0001:00006594       DefMDIChildProc
 0002:00000748       DefPenData
 0002:0000020C       DefShortDayNames
 0002:000001AC       DefShortMonthNames
 0001:0000659C       DefWindowProc
 0001:00004EF4       DelayLoadResourceModule
 0001:00000530       DeleteBlock
 0001:00005F54       DeleteCriticalSection
 0001:000004A0       DeleteCriticalSection
 0001:0000631C       DeleteDC
 0001:00006324       DeleteEnhMetaFile
 0001:00005F5C       DeleteFile
 0001:00008B94       DeleteFile
 0001:00000CD8       DeleteFree
 0001:000065A4       DeleteMenu
 0001:0000632C       DeleteObject
 0001:0003F5D8       DeleteSelectedText
 0001:000D0758       DES
 0001:00027914       DeselectBitmap
 0001:000CF4B8       DESTR
 0001:000065AC       DestroyCursor
 0001:000065B4       DestroyIcon
 0001:0003220C       DestroyLocals
 0001:000065BC       DestroyMenu
 0001:000065C4       DestroyWindow
 0001:000A84C4       DES_Code
 0001:000A81F0       DES_Init
 0002:00007878       des_skb
 0002:00008078       des_sptrans
 0001:00042E20       DialogEnumerationTester
 0001:0002E76C       DialogHook
 0001:000302D0       Dialogs
 0002:000007A4       DIBPalSizes
 0002:000000B0       dig
 0002:00001918       Digits
 0001:00097D20       DirectoryExists
 0001:000088B0       DirectoryExists
 0001:0008E698       DirExists
 0001:000923AC       DirExists
 0001:00095438       DirLevel
 0001:0005F15C       DisableTaskWindows
 0001:0008DD8C       DispatchInvoke
 0001:0008E36C       DispatchInvokeError
 0001:000065CC       DispatchMessage
 0001:000653B0       DispatchShortCut
 0001:0008E388       DispCall
 0001:0008E46C       DispCallByID
 0002:0000A000       DispCallByIDProc
 0001:0008E298       DispCallError
 0002:00006DE8       DispIDArgs
 0002:00006DD8       DispParams
 0001:00007CDC       DivMod
 0001:0002DFE4       Dlgs
 0002:00001880       DLLLoadCount
 0001:000666B4       DoAlign
 0001:0004B5B8       DoAlign
 0001:0004F74C       DoCalcConstraints
 0002:0000AB90       DockSiteList
 0001:0005BB08       DoClick
 0001:0004CCFC       DoControlMsg
 0001:000B6418       DoCreate
 0001:0005F10C       DoDisableWindow
 0001:000466D4       DoDragOver
 0001:00007D54       DoExitProc
 0001:000517BC       DoFindControlZone
 0001:0005F248       DoFindWindow
 0001:00051D48       DoFindZone
 0001:00051840       DoForEach
 0001:0005314C       DoGetNextLimit
 0001:0007A0E0       DomainName
 0001:0005F0D4       DoneApplication
 0001:00053EAC       DoneControls
 0001:0000C8DC       DoneExceptions
 0001:0006372C       DoNestedActivation
 0001:0001F358       DoneThreadSynchronization
 0001:0004B178       DoPosition
 0001:00066504       DoPosition
 0001:00052774       DoPrune
 0001:00030B24       DoRect
 0001:00052C4C       DoSaveZone
 0001:00005F64       DosDateTimeToFileTime
 0001:000D3B84       DoSearchFile
 0001:00052E50       DoSetNewBounds
 0002:000003D4       DotSep
 0002:00005F14       DownCode
 0001:00056458       DoWrite
 0001:00026528       DoWrite
 0001:0002580C       DoWrite
 0001:0001A024       DoWrite
 0001:0004C2E4       DoWriteDesignSize
 0001:00049D50       DoWriteIsControl
 0001:0009BDAC       Do_Unzip
 0002:0000AB74       DragCapture
 0002:0000AB68       DragControl
 0001:00046E1C       DragDone
 0001:00046684       DragFindTarget
 0001:00046658       DragFindWindow
 0002:0000AB8C       DragImageList
 0001:00046A74       DragInit
 0001:00046BE4       DragInitControl
 0002:0000AB70       DragInternalObject
 0001:000465A0       DragMessage
 0002:0000AB6C       DragObject
 0002:0000AB98       DragSave
 0002:0000AB80       DragSaveCursor
 0002:0000AB78       DragStartPos
 0002:00000B3C       DragStyles
 0002:0000AB84       DragThreshold
 0001:000467A4       DragTo
 0001:00067464       DrawAppIcon
 0001:00070378       DrawBevel
 0001:000704D0       DrawBorderSides
 0001:00070458       DrawButtonBorderSides
 0001:00031F9C       DrawButtonFace
 0001:000522E0       DrawCloseButton
 0001:000703E0       DrawCtl3DBorderSides
 0001:000065D4       DrawEdge
 0001:000065DC       DrawFocusRect
 0001:000065E4       DrawFrameControl
 0001:0006D5B0       DrawFullTransparentBitmap
 0001:00052338       DrawGrabberLine
 0001:000AF4F0       DrawHorzLine
 0001:000065EC       DrawIcon
 0001:000065F4       DrawIconEx
 0002:00000E10       DrawingStyles
 0001:00070948       DrawInnerOuterBorders
 0001:000065FC       DrawMenuBar
 0001:0005CEF0       DrawMenuItem
 0001:0006E9BC       DrawParentImage
 0001:0006E9DC       DrawParentImage
 0001:00070734       DrawRoundedFlatBorder
 0001:00070284       DrawSides
 0001:00006604       DrawText
 0002:00001098       DrawTextAlignments
 0002:000010A0       DrawTextWordWrap
 0002:0000A990       DrawThemeBackground
 0002:0000A9B4       DrawThemeEdge
 0002:0000A9B8       DrawThemeIcon
 0002:0000AA3C       DrawThemeParentBackground
 0002:0000A994       DrawThemeText
 0001:0006D760       DrawTransparentBitmap
 0001:000AF588       DrawVertLine
 0001:0006B5AC       DropStream
 0001:000999A0       DUMPBITS
 0001:0002464C       DupBits
 0002:0001814C       dwOKTick
 0002:00018158       dwOKTick
 0002:00018048       dwOKTick
 0001:00004CB4       DynArrayClear
 0001:00004CBC       DynArraySetLength
 0002:00001C1C       D_mask
 0002:00001C10       D_shift
 0001:0006D5A4       EDcode
 0001:000D0C7C       EDcodeUnit
 0002:00000EFC       EdgeStyle
 0002:00000C60       EdgeStyles
 0002:00000DC4       EdgeStyles
 0002:00000B2C       EditStyles
 0001:0000C328       EHeapException.FreeInstance
 0001:0008A040       EIdHTTPProtocolException.CreateError
 0001:0007548C       EIdProtocolReplyError.CreateError
 0001:000754D4       EIdSocketError.CreateError
 0001:0007595C       EIdWS2StubError.Build
 0001:000D42CC       EjectDll
 0001:000BBDD8       EmitMessage
 0001:0000660C       EmptyClipboard
 0002:00017FBC       EmptyParam
 0002:0000A800       EmptyParam
 0002:000000E0       EmptyStr
 0002:000000E4       EmptyWideStr
 0001:000D4134       EnabledDebugPrivilege
 0001:00006614       EnableMenuItem
 0002:00000E94       Enables
 0001:0000661C       EnableScrollBar
 0001:0005F210       EnableTaskWindows
 0002:0000AA24       EnableThemeDialogTexture
 0002:0000AA40       EnableTheming
 0001:00006624       EnableWindow
 0001:0008C944       Encode
 0001:000D0794       Encode6BitBuf
 0001:0006D2C0       Encode6BitBuf
 0001:000D0AB8       EncodeBuffer
 0001:0000A140       EncodeDate
 0001:0006D508       EncodeMessage
 0001:000D09F8       EncodeString
 0001:00009FA0       EncodeTime
 0001:000A9BF4       encrypt
 0001:000B8EC4       EncryptUP
 0002:0000B14C       END4
 0001:000187BC       EndGlobalLoading
 0001:0000662C       EndPaint
 0001:000D4788       EndProcess
 0002:0000B13C       ENDSIG
 0001:00003A10       EndThread
 0001:00005F6C       EnterCriticalSection
 0001:00000490       EnterCriticalSection
 0001:00005F74       EnumCalendarInfoA
 0002:0000A924       EnumDisplayMonitors
 0001:0000BB3C       EnumEraNames
 0001:0000BB78       EnumEraYearOffsets
 0001:0006231C       EnumMonitorsProc
 0001:000053A8       EnumResourceModules
 0001:000053A0       EnumResourceModules
 0001:00008658       EnumStringModules
 0001:00006634       EnumThreadWindows
 0001:0001C848       EnumValue
 0001:0000663C       EnumWindows
 0001:000D4520       EnumWindowsProc
 0001:000D48F8       Enum_Module
 0001:000D4BF8       Enum_Proccess
 0001:0008D76C       EOleException.Create
 0001:0008D69C       EOleSysError.Create
 0001:00006644       EqualRect
 0002:0000A754       EraNames
 0001:0000B1F8       EraToYear
 0002:0000A770       EraYearOffsets
 0002:00000088       errCaption
 0001:0000195C       Error
 0001:00017D44       Error
 0001:0001C02C       Error
 0001:00057B48       Error
 0002:00000004       ErrorAddr
 0001:00001910       ErrorAt
 0001:0000C3D4       ErrorHandler
 0002:00000244       ErrorMap
 0002:0000A008       ErrorProc
 0002:0000A3E8       ErrOutput
 0001:000018A4       ExceptAddr
 0002:0000A00C       ExceptClsProc
 0001:0000C848       ExceptHandler
 0001:0000C154       Exception.Create
 0001:0000C190       Exception.CreateFmt
 0001:0000C2E0       Exception.CreateHelp
 0001:0000C210       Exception.CreateRes
 0001:0000C24C       Exception.CreateResFmt
 0002:0000A01C       ExceptionClass
 0001:0000BED4       ExceptionErrorMessage
 0002:0000027C       ExceptMap
 0001:00001884       ExceptObject
 0002:0000A010       ExceptObjProc
 0002:0000A004       ExceptProc
 0001:00006334       ExcludeClipRect
 0001:0000CEC0       ExcludeTrailingPathDelimiter
 0002:00000000       ExitCode
 0001:000037E8       ExitDll
 0002:0000A048       ExitProc
 0001:0000033C       ExitProcess
 0002:0000A028       ExitProcessProc
 0002:00000158       ExitProcList
 0001:00000334       ExitThread
 0001:00008E80       ExpandFileName
 0001:0009B00C       Explode
 0001:0009A6DC       explode_lit
 0001:0009ABB4       explode_nolit
 0001:0002EA44       ExplorerHook
 0001:00033BE4       ExtActns
 0001:00031DB8       ExtCtrls
 0001:00032334       ExtDlgs
 0002:00000CA4       ExtendSelects
 0002:00001A84       extra
 0001:00008D18       ExtractFileDir
 0001:00008D6C       ExtractFileDrive
 0001:00008E38       ExtractFileExt
 0001:000A956C       ExtractFileFromZip
 0001:0002F0BC       ExtractFileName
 0001:00008E00       ExtractFileName
 0001:0002F104       ExtractFileNames
 0001:00008CE4       ExtractFilePath
 0001:000A9804       ExtractInfo
 0001:0000633C       ExtTextOut
 0002:0000B538       F
 0001:0008C828       F
 0002:0000A790       FalseBoolStrs
 0002:0000AAC0       FClipboard
 0002:0000018C       FCon1E18
 0001:000697C0       FD_SET
 0001:000697D0       FD_ZERO
 0001:00079918       Fetch
 0001:000B9024       Fetch
 0001:00079830       FetchCaseInsensitive
 0001:0008C874       FF
 0002:0000AFB4       FIdPorts
 0002:0000B12C       FIdx
 0001:00008838       FileAge
 0001:00008830       FileClose
 0001:00008798       FileCreate
 0001:00008774       FileCreate
 0001:00097D60       FileCtrl
 0001:00008F30       FileDateToDateTime
 0001:000088A0       FileExists
 0002:0000079C       FileFormats
 0001:00008A64       FileGetAttr
 0001:000089BC       FileGetDate
 0002:00000008       FileMode
 0001:00001E10       FileNOPProc
 0001:0000871C       FileOpen
 0001:000087A0       FileRead
 0002:00000410       FilerSignature
 0001:000087F8       FileSeek
 0001:00008A78       FileSetAttr
 0001:00008A0C       FileSetDate
 0001:00005F7C       FileTimeToDosDateTime
 0001:00005F84       FileTimeToLocalFileTime
 0001:000087CC       FileWrite
 0001:000923A0       File_Exists
 0001:00000DC0       FillAfterGap
 0001:00000D6C       FillBeforeGap
 0001:00099894       FillBitBuffer
 0001:00000E58       FillerSizeAfterGap
 0001:00000DE8       FillerSizeBeforeGap
 0001:0006E0F4       FillGrad
 0001:0006E5D8       FillGradDiag
 0001:0006E370       FillGradRect
 0001:00006A84       FillMemory
 0001:0000664C       FillRect
 0001:000BBA64       Finalization
 0001:000BBAE0       Finalization
 0001:00015BF0       Finalization
 0001:0002D32C       Finalization
 0001:0002DCB0       Finalization
 0001:00015898       Finalization
 0001:0002DD20       Finalization
 0001:0002DD58       Finalization
 0001:0002DD98       Finalization
 0001:000B7210       Finalization
 0001:0002DDD0       Finalization
 0001:000B667C       Finalization
 0001:0002DE78       Finalization
 0001:000B6548       Finalization
 0001:000B5520       Finalization
 0001:0002DEB0       Finalization
 0001:00005AEC       Finalization
 0001:0002DF3C       Finalization
 0001:0002DF7C       Finalization
 0001:000B1FE0       Finalization
 0001:0002DFB4       Finalization
 0001:000B0898       Finalization
 0001:0002CF34       Finalization
 0001:000B084C       Finalization
 0001:000AFF74       Finalization
 0001:000AFF14       Finalization
 0001:00005D1C       Finalization
 0001:0002CC10       Finalization
 0001:00005DC0       Finalization
 0001:000AD608       Finalization
 0001:000AD560       Finalization
 0001:000AD528       Finalization
 0001:00014B10       Finalization
 0001:00014894       Finalization
 0001:00030274       Finalization
 0001:0002CBD8       Finalization
 0001:0002CB90       Finalization
 0001:0002BBA8       Finalization
 0001:0002BB68       Finalization
 0001:00031D70       Finalization
 0001:0002B3E8       Finalization
 0001:00031DF8       Finalization
 0001:000AD4F0       Finalization
 0001:000AD464       Finalization
 0001:000AD0EC       Finalization
 0001:000AD0B4       Finalization
 0001:00031E30       Finalization
 0001:000AD07C       Finalization
 0001:000AD044       Finalization
 0001:000AD00C       Finalization
 0001:00031EC4       Finalization
 0001:000ACFD4       Finalization
 0001:000ACF9C       Finalization
 0001:000ACD0C       Finalization
 0001:000ACA84       Finalization
 0001:000ACA4C       Finalization
 0001:000ACA14       Finalization
 0001:000AC9DC       Finalization
 0001:000AA4A8       Finalization
 0001:000AA448       Finalization
 0001:000A8110       Finalization
 0001:000A7370       Finalization
 0001:000A5EB0       Finalization
 0001:000A4950       Finalization
 0001:000A45F4       Finalization
 0001:000A45BC       Finalization
 0001:000A3240       Finalization
 0001:000A3208       Finalization
 0001:000A31D0       Finalization
 0001:0002AFD4       Finalization
 0001:000322A4       Finalization
 0001:00097D30       Finalization
 0001:00032304       Finalization
 0001:000925A4       Finalization
 0001:0002AD1C       Finalization
 0001:00091E48       Finalization
 0001:00033300       Finalization
 0001:00033AD8       Finalization
 0001:00033B94       Finalization
 0001:00090228       Finalization
 0001:00033BEC       Finalization
 0001:0002AB3C       Finalization
 0001:0003A1DC       Finalization
 0001:000CEE14       Finalization
 0001:000CF450       Finalization
 0001:0008F668       Finalization
 0001:0003AC1C       Finalization
 0001:0008EECC       Finalization
 0001:0008E8B0       Finalization
 0001:0008E878       Finalization
 0001:0008E82C       Finalization
 0001:0008E5C0       Finalization
 0001:0008D4A8       Finalization
 0001:0008D448       Finalization
 0001:000CF488       Finalization
 0001:0008C7D8       Finalization
 0001:000D0728       Finalization
 0001:000422AC       Finalization
 0001:000895D0       Finalization
 0001:00089598       Finalization
 0001:00042414       Finalization
 0001:00089394       Finalization
 0001:00088B14       Finalization
 0001:00043098       Finalization
 0001:00087448       Finalization
 0001:00086FA0       Finalization
 0001:00084888       Finalization
 0001:00084850       Finalization
 0001:00084818       Finalization
 0001:000847E0       Finalization
 0001:000847A8       Finalization
 0001:00084770       Finalization
 0001:00084654       Finalization
 0001:0008461C       Finalization
 0001:000845E4       Finalization
 0001:00082508       Finalization
 0001:00081C94       Finalization
 0001:00081C5C       Finalization
 0001:0000EC58       Finalization
 0001:00081C24       Finalization
 0001:000810CC       Finalization
 0001:00080CF4       Finalization
 0001:00080950       Finalization
 0001:000807EC       Finalization
 0001:0007F4B0       Finalization
 0001:0007EB30       Finalization
 0001:0007E520       Finalization
 0001:0007E234       Finalization
 0001:0007C494       Finalization
 0001:000D0C40       Finalization
 0001:0007BBB4       Finalization
 0001:0007BA2C       Finalization
 0001:0007B3A4       Finalization
 0001:0007B144       Finalization
 0001:0007B048       Finalization
 0001:0007A420       Finalization
 0001:000D0DAC       Finalization
 0001:00078D3C       Finalization
 0001:000D1370       Finalization
 0001:000D16C0       Finalization
 0001:00078500       Finalization
 0001:00077424       Finalization
 0001:00076A0C       Finalization
 0001:0000E29C       Finalization
 0001:000769C4       Finalization
 0001:00006CFC       Finalization
 0001:00006D34       Finalization
 0001:00007084       Finalization
 0001:000758AC       Finalization
 0001:00075554       Finalization
 0001:0007551C       Finalization
 0001:00074874       Finalization
 0001:00072028       Finalization
 0001:00071FD8       Finalization
 0001:0005411C       Finalization
 0001:0005544C       Finalization
 0001:000D2570       Finalization
 0001:00056BA8       Finalization
 0001:0006EB2C       Finalization
 0001:000D2C6C       Finalization
 0001:000D34A8       Finalization
 0001:000D3D84       Finalization
 0001:000D40D8       Finalization
 0001:0006D574       Finalization
 0001:0005D1CC       Finalization
 0001:0006D25C       Finalization
 0001:0006D224       Finalization
 0001:000698A0       Finalization
 0001:000210D0       Finalization
 0001:00020C94       Finalization
 0001:000D4E1C       Finalization
 0001:000D9EBC       Finalization
 0001:000D9F08       Finalization
 0001:00069720       Finalization
 0001:00033B3C       Finalization
 0001:00004CAC       FinalizeArray
 0001:0000361C       FinalizeUnits
 0001:0005B8C8       Find
 0001:0007BFA0       FindAuthClass
 0001:00004F64       FindBS
 0001:00018260       FindClass
 0001:00004EEC       FindClassHInstance
 0001:00008B78       FindClose
 0001:00000354       FindClose
 0001:00005F8C       FindClose
 0001:00000D3C       FindCommitted
 0001:00045774       FindControl
 0001:00051F74       FindControlAtPos
 0001:000146EC       FindCustomVariantType
 0001:000147A4       FindCustomVariantType
 0001:00047140       FindDragTarget
 0001:0001D248       FindExistingComponent
 0001:00008B04       FindFirst
 0001:00005F94       FindFirstFile
 0001:0000035C       FindFirstFile
 0001:0005F354       FindGlobalComponent
 0001:0001864C       FindGlobalComponent
 0002:0000A864       FindGlobalComponentProcs
[...]
    75 0001:000D3807    76 0001:000D3821    77 0001:000D3853    78 0001:000D386C
    79 0001:000D3886    80 0001:000D388E    82 0001:000D3890    72 0001:000D3891
    84 0001:000D389A    85 0001:000D389B    86 0001:000D38AC    87 0001:000D38B4
    88 0001:000D38BF    89 0001:000D38C7    62 0001:000D38C9    93 0001:000D38CE
    94 0001:000D38D8    95 0001:000D38F2    96 0001:000D3909    98 0001:000D3922
   100 0001:000D3943   101 0001:000D395D   102 0001:000D397B   103 0001:000D3993
   104 0001:000D399F   106 0001:000D39A4   107 0001:000D39B1   108 0001:000D39D2
   111 0001:000D39E8   112 0001:000D39F4   115 0001:000D39F6   116 0001:000D3A02
   119 0001:000D3A04   120 0001:000D3A0C   121 0001:000D3A14   122 0001:000D3A1C
   123 0001:000D3A24   124 0001:000D3A55   131 0001:000D3B24   132 0001:000D3B27
   134 0001:000D3B68   139 0001:000D3B84   140 0001:000D3BCE   141 0001:000D3BDC
   142 0001:000D3BE3   143 0001:000D3C17   144 0001:000D3C22   145 0001:000D3C39
   146 0001:000D3C61   149 0001:000D3C6E   150 0001:000D3C78   151 0001:000D3C81
   152 0001:000D3C98   153 0001:000D3CC0   154 0001:000D3CD8   155 0001:000D3CE4
   158 0001:000D3CF7   160 0001:000D3D0B   162 0001:000D3D65   163 0001:000D3DB4
   163 0001:000D3DBB

Line numbers for GameMon(GameMon.pas) segment .text

    35 0001:000D4134    36 0001:000D413E    37 0001:000D4140    38 0001:000D4155
    39 0001:000D415C    40 0001:000D416C    41 0001:000D4172    43 0001:000D417B
    44 0001:000D4180    45 0001:000D4185    46 0001:000D419C    47 0001:000D41A6
    49 0001:000D41B1   107 0001:000D41CC   108 0001:000D41CF   109 0001:000D41DF
   110 0001:000D41E8   111 0001:000D41FF   112 0001:000D4216   114 0001:000D422D
   117 0001:000D4252   120 0001:000D42B8   121 0001:000D42BB   122 0001:000D42C7
   132 0001:000D42CC   133 0001:000D42FC   134 0001:000D4301   135 0001:000D430B
   136 0001:000D4312   137 0001:000D4319   138 0001:000D4323   139 0001:000D433B
   140 0001:000D434C   141 0001:000D435C   143 0001:000D439B   144 0001:000D43A8
   145 0001:000D43B6   146 0001:000D43B8   140 0001:000D43B9   148 0001:000D43C9
   149 0001:000D43D0   151 0001:000D43DF   152 0001:000D43F2   153 0001:000D4400
   154 0001:000D4418   155 0001:000D441D   156 0001:000D4422   157 0001:000D4427
   158 0001:000D442C   159 0001:000D4444   160 0001:000D4449   161 0001:000D444E
   162 0001:000D4464   163 0001:000D447D   164 0001:000D4486   165 0001:000D448B
   163 0001:000D44A4   168 0001:000D44B4   170 0001:000D44F2   179 0001:000D4520
   181 0001:000D4566   182 0001:000D4574   183 0001:000D4586   184 0001:000D45A9
   185 0001:000D45BD   186 0001:000D45DC   187 0001:000D45EE   188 0001:000D463E
   189 0001:000D4652   190 0001:000D465E   191 0001:000D466A   195 0001:000D46B6
   196 0001:000D46C2   198 0001:000D46CE   185 0001:000D46D1   202 0001:000D46D8
   203 0001:000D4709   212 0001:000D4788   213 0001:000D47DE   214 0001:000D47EC
   215 0001:000D47F2   218 0001:000D4800   219 0001:000D489F   220 0001:000D48B4
   216 0001:000D48BD   222 0001:000D48F2   232 0001:000D48F8   233 0001:000D494D
   234 0001:000D4957   235 0001:000D4966   237 0001:000D497F   238 0001:000D4999
   239 0001:000D49AA   240 0001:000D49F6   241 0001:000D4A04   242 0001:000D4A27
   245 0001:000D4A2C   246 0001:000D4A7A   247 0001:000D4A83   249 0001:000D4A8B
   250 0001:000D4A9F   251 0001:000D4AAB   255 0001:000D4AF7   256 0001:000D4B03
   258 0001:000D4B0F   237 0001:000D4B10   259 0001:000D4B17   236 0001:000D4B2B
   261 0001:000D4B33   262 0001:000D4B69   271 0001:000D4BF8   272 0001:000D4C20
   273 0001:000D4C2F   274 0001:000D4C39   276 0001:000D4C52   278 0001:000D4C71
   279 0001:000D4C83   280 0001:000D4C95   281 0001:000D4C9E   282 0001:000D4CC2
   283 0001:000D4CC9   284 0001:000D4CDD   285 0001:000D4CE9   289 0001:000D4D1B
   290 0001:000D4D27   292 0001:000D4D33   293 0001:000D4D40   276 0001:000D4D43
   294 0001:000D4D4A   295 0001:000D4D55   275 0001:000D4D69   297 0001:000D4D71
   298 0001:000D4D9F   300 0001:000D4E4C   300 0001:000D4E53

Line numbers for Main(Main.pas) segment .text

   141 0001:000D5570   143 0001:000D5599   145 0001:000D55AB   146 0001:000D55B2
   147 0001:000D55C5   148 0001:000D55D4   149 0001:000D55EE   146 0001:000D55EF
   151 0001:000D55F4   153 0001:000D5629   159 0001:000D5630   161 0001:000D5655
   163 0001:000D5667   164 0001:000D5679   165 0001:000D5682   167 0001:000D5692
   168 0001:000D56C4   169 0001:000D56F7   170 0001:000D572D   171 0001:000D5760
   172 0001:000D5796   173 0001:000D57C9   174 0001:000D57D7   175 0001:000D580D
   176 0001:000D5840   177 0001:000D5876   178 0001:000D58A9   179 0001:000D58B9
   180 0001:000D5901   181 0001:000D5946   183 0001:000D595C   190 0001:000D597F
   192 0001:000D59B4   195 0001:000D59DC   196 0001:000D59F9   197 0001:000D5A53
   198 0001:000D5AAD   200 0001:000D5B07   201 0001:000D5BA5   210 0001:000D5C08
   211 0001:000D5C14   212 0001:000D5C28   213 0001:000D5C46   214 0001:000D5C4A
   215 0001:000D5C5B   216 0001:000D5C6E   217 0001:000D5C7F   218 0001:000D5CA7
   216 0001:000D5CA8   219 0001:000D5CAB   220 0001:000D5CB1   221 0001:000D5CCC
   222 0001:000D5CE3   223 0001:000D5CF4   224 0001:000D5D01   225 0001:000D5D1C
   221 0001:000D5D1F   226 0001:000D5D22   212 0001:000D5D25   227 0001:000D5D2E
   239 0001:000D5D38   246 0001:000D5D5C   247 0001:000D5D68   248 0001:000D5D77
   253 0001:000D5D85   255 0001:000D5D8F   256 0001:000D5DA4   257 0001:000D5DBF
   258 0001:000D5DCD   259 0001:000D5DE3   260 0001:000D5E06   261 0001:000D5E29
   262 0001:000D5E4C   263 0001:000D5E6F   264 0001:000D5E92   265 0001:000D5EB5
   266 0001:000D5ED8   267 0001:000D5EFB   268 0001:000D5F11   269 0001:000D5F23
   270 0001:000D5F2D   271 0001:000D5F38   272 0001:000D5F43   273 0001:000D5F4E
   274 0001:000D5F59   275 0001:000D5F64   276 0001:000D5F6F   277 0001:000D5F7A
   280 0001:000D5F88   256 0001:000D5F8B   283 0001:000D5F9F   285 0001:000D5FAF
   286 0001:000D5FB7   287 0001:000D6023   291 0001:000D602C   292 0001:000D6032
   293 0001:000D6036   294 0001:000D603B   296 0001:000D604E   299 0001:000D6054
   300 0001:000D6057   301 0001:000D6063   307 0001:000D6068   308 0001:000D6086
   309 0001:000D608E   310 0001:000D6096   311 0001:000D60A5   312 0001:000D60B4
   313 0001:000D60C2   314 0001:000D60DC   315 0001:000D60ED   316 0001:000D60F7
   317 0001:000D6103   318 0001:000D6113   319 0001:000D611F   320 0001:000D6135
   321 0001:000D6157   323 0001:000D617E   324 0001:000D6186   326 0001:000D6196
   327 0001:000D61AA   328 0001:000D61D7   330 0001:000D61E0   331 0001:000D61E6
   332 0001:000D61F3   333 0001:000D6200   334 0001:000D620D   335 0001:000D621A
   338 0001:000D6220   339 0001:000D6226   340 0001:000D6233   341 0001:000D6240
   342 0001:000D624D   343 0001:000D625A   353 0001:000D6260   354 0001:000D6286
   355 0001:000D628D   356 0001:000D629E   357 0001:000D62AC   358 0001:000D62BD
   359 0001:000D62CB   360 0001:000D62D7   361 0001:000D62DB   362 0001:000D62E2
   363 0001:000D62E4   364 0001:000D62E8   368 0001:000D6352   370 0001:000D637C
   373 0001:000D6398   374 0001:000D63B0   375 0001:000D63C5   376 0001:000D63DD
   377 0001:000D63F3   378 0001:000D63FE   379 0001:000D640B   380 0001:000D6418
   381 0001:000D6425   382 0001:000D643F   383 0001:000D645B   384 0001:000D6476
   386 0001:000D6493   387 0001:000D64AC   388 0001:000D64B8   389 0001:000D64C6
   390 0001:000D64E1   391 0001:000D64FE   393 0001:000D650B   394 0001:000D6527
   395 0001:000D6534   396 0001:000D655B   398 0001:000D658D   401 0001:000D6594
   402 0001:000D659B   404 0001:000D65A8   405 0001:000D65B8   406 0001:000D65C5
   408 0001:000D65D6   409 0001:000D65F2   411 0001:000D6604   412 0001:000D6616
   414 0001:000D6626   415 0001:000D6633   424 0001:000D6638   425 0001:000D665E
   426 0001:000D6665   427 0001:000D6676   428 0001:000D6684   429 0001:000D6695
   430 0001:000D66A3   431 0001:000D66AF   432 0001:000D66B3   433 0001:000D66BA
   434 0001:000D66BC   435 0001:000D66C0   439 0001:000D672A   441 0001:000D6754
   447 0001:000D6770   448 0001:000D679E   450 0001:000D67BB   451 0001:000D67D9
   452 0001:000D67E7   453 0001:000D6804   455 0001:000D681A   457 0001:000D681F
   458 0001:000D683D   459 0001:000D684B   460 0001:000D686F   462 0001:000D6885
   464 0001:000D688A   465 0001:000D68A8   466 0001:000D68B6   467 0001:000D68DA
   469 0001:000D68F0   471 0001:000D68F5   472 0001:000D6904   473 0001:000D6912
   474 0001:000D691A   475 0001:000D693E   476 0001:000D694C   478 0001:000D6989
   480 0001:000D699B   483 0001:000D69AB   484 0001:000D69E7   485 0001:000D69EF
   486 0001:000D6A05   487 0001:000D6A22   489 0001:000D6A40   490 0001:000D6A5C
   491 0001:000D6A8C   492 0001:000D6ADA   493 0001:000D6AF0   494 0001:000D6B33
   495 0001:000D6B76   496 0001:000D6BAA   497 0001:000D6BB1   498 0001:000D6BB5
   499 0001:000D6BE8   505 0001:000D6D78   506 0001:000D6D9E   507 0001:000D6DB4
   508 0001:000D6DE1   509 0001:000D6E22   510 0001:000D6E29   512 0001:000D6E5D
   517 0001:000D6E7C   518 0001:000D6ED1   519 0001:000D6EE1   520 0001:000D6EFB
   521 0001:000D6F8C   526 0001:000D6F94   527 0001:000D6FD4   528 0001:000D6FEB
   529 0001:000D706F   535 0001:000D7084   536 0001:000D70DC   537 0001:000D70F3
   538 0001:000D7194   542 0001:000D71A8   543 0001:000D71C4   544 0001:000D71CC
   545 0001:000D71DF   546 0001:000D71EF   547 0001:000D7203   548 0001:000D725D
   549 0001:000D7286   553 0001:000D72C8   554 0001:000D72CE   555 0001:000D72DA
   556 0001:000D72ED   557 0001:000D72FD   561 0001:000D7324   562 0001:000D732A
   563 0001:000D7332   564 0001:000D7345   565 0001:000D7355   566 0001:000D735C
   571 0001:000D737C   572 0001:000D737F   573 0001:000D7387   574 0001:000D738E
   575 0001:000D7395   582 0001:000D739C   583 0001:000D73B9   584 0001:000D73C3
   585 0001:000D73D2   586 0001:000D73D6   587 0001:000D73EA   588 0001:000D7411
   590 0001:000D7427   591 0001:000D745B   596 0001:000D7470   597 0001:000D748F
   598 0001:000D749D   599 0001:000D74A5   600 0001:000D74B3   601 0001:000D74C2
   602 0001:000D74CC   604 0001:000D74D3   605 0001:000D74E3   606 0001:000D7506
   607 0001:000D750C   609 0001:000D7518   603 0001:000D7528   614 0001:000D7541
   616 0001:000D7573   623 0001:000D7594   624 0001:000D75BD   627 0001:000D75C9
   630 0001:000D75DA   631 0001:000D75F0   632 0001:000D760E   633 0001:000D7619
   635 0001:000D7665   636 0001:000D766F   637 0001:000D767A   638 0001:000D76A0
   639 0001:000D76B6   644 0001:000D76C3   647 0001:000D76DA   648 0001:000D76E9
   651 0001:000D76FA   653 0001:000D7709   654 0001:000D7746   657 0001:000D7757
   658 0001:000D776E   661 0001:000D777F   662 0001:000D77AE   665 0001:000D77BD
   666 0001:000D77D1   670 0001:000D77D6   671 0001:000D77ED   672 0001:000D77FC
   673 0001:000D7810   676 0001:000D7815   678 0001:000D7823   679 0001:000D783A
   682 0001:000D784B   683 0001:000D7862   686 0001:000D7873   687 0001:000D788A
   690 0001:000D789B   691 0001:000D78B2   694 0001:000D78C1   695 0001:000D78D5
   698 0001:000D78DA   699 0001:000D78FA   700 0001:000D7911   701 0001:000D7920
   704 0001:000D7925   706 0001:000D793E   707 0001:000D7955   710 0001:000D7969
   711 0001:000D7980   714 0001:000D7991   715 0001:000D79A8   718 0001:000D79B9
   719 0001:000D79D0   722 0001:000D79E1   723 0001:000D79F8   726 0001:000D7A07
   727 0001:000D7A1B   730 0001:000D7A4A   734 0001:000D7D04   735 0001:000D7D07
   736 0001:000D7D10   740 0001:000D7D14   742 0001:000D7D17   745 0001:000D7D1C
   746 0001:000D7D1F   747 0001:000D7D24   758 0001:000D7D28   759 0001:000D7D4B
   760 0001:000D7D5F   761 0001:000D7D6C   764 0001:000D7D97   765 0001:000D7DA3
   766 0001:000D7DB2   771 0001:000D7DC0   772 0001:000D7DEC   773 0001:000D7E01
   774 0001:000D7E17   775 0001:000D7E24   776 0001:000D7E3A   777 0001:000D7E61
   778 0001:000D7E88   779 0001:000D7EAF   780 0001:000D7ED6   781 0001:000D7EFD
   782 0001:000D7F0F   783 0001:000D7F21   784 0001:000D7F2B   785 0001:000D7F36
   786 0001:000D7F41   787 0001:000D7F4C   788 0001:000D7F57   791 0001:000D7F65
   773 0001:000D7F66   795 0001:000D7F7A   797 0001:000D7F8A   798 0001:000D7FCE
   806 0001:000D7FF0   807 0001:000D8018   808 0001:000D802E   809 0001:000D8041
   810 0001:000D8050   811 0001:000D807F   812 0001:000D8087   814 0001:000D80B5
   815 0001:000D80E3   816 0001:000D80FB   817 0001:000D8109   818 0001:000D811B
   819 0001:000D812B   820 0001:000D8138   821 0001:000D8145   823 0001:000D8153
   817 0001:000D8154   824 0001:000D8157   815 0001:000D815A   825 0001:000D815F
   826 0001:000D8167   827 0001:000D8178   828 0001:000D818E   829 0001:000D81A1
   830 0001:000D81B4   831 0001:000D81C7   832 0001:000D81DC   833 0001:000D8203
   831 0001:000D8204   834 0001:000D8209   836 0001:000D8217   837 0001:000D821F
   838 0001:000D8236   840 0001:000D826F   852 0001:000D8310   853 0001:000D8333
   854 0001:000D8340   855 0001:000D834C   856 0001:000D835A   857 0001:000D8367
   858 0001:000D8380   859 0001:000D8396   860 0001:000D83A9   861 0001:000D83B9
   863 0001:000D83C3   864 0001:000D83DC   865 0001:000D83F4   867 0001:000D840D
   868 0001:000D8426   869 0001:000D843F   870 0001:000D8452   871 0001:000D8476
   872 0001:000D84BC   873 0001:000D84E6   875 0001:000D84F9   876 0001:000D855F
   878 0001:000D85F1   879 0001:000D862A   880 0001:000D864C   881 0001:000D865B
   883 0001:000D8676   884 0001:000D8687   885 0001:000D869A   886 0001:000D86AA
   890 0001:000D86AF   891 0001:000D86BC   892 0001:000D86CF   893 0001:000D86DF
   895 0001:000D86E4   896 0001:000D86EC   898 0001:000D86F4   899 0001:000D872E
   900 0001:000D8766   901 0001:000D8788   902 0001:000D87A0   904 0001:000D87B0
   910 0001:000D87BC   911 0001:000D87C9   912 0001:000D87DC   913 0001:000D87EC
   915 0001:000D87F1   916 0001:000D880F   917 0001:000D8893   922 0001:000D88D8
   923 0001:000D8912   924 0001:000D894A   925 0001:000D896C   926 0001:000D8984
   928 0001:000D8996   929 0001:000D89A9   930 0001:000D89B9   933 0001:000D89BE
   934 0001:000D89D0   935 0001:000D89DC   936 0001:000D89EF   937 0001:000D89FF
   939 0001:000D8A11   940 0001:000D8A21   939 0001:000D8A48   942 0001:000D8A4B
   943 0001:000D8A57   857 0001:000D8A58   944 0001:000D8A93   948 0001:000D8B78
   949 0001:000D8B7B   950 0001:000D8B89   951 0001:000D8B95   955 0001:000D8B9C
   956 0001:000D8B9F   957 0001:000D8BAE   958 0001:000D8BB7   964 0001:000D8BBC
   965 0001:000D8BDF   966 0001:000D8BEC   967 0001:000D8BEE   968 0001:000D8C25
   969 0001:000D8C4B   970 0001:000D8C70   971 0001:000D8C96   972 0001:000D8CBB
   973 0001:000D8CE1   974 0001:000D8D07   976 0001:000D8D24   977 0001:000D8D29
   979 0001:000D8D2E   980 0001:000D8D4C   981 0001:000D8D5E   982 0001:000D8D80
   983 0001:000D8D98   984 0001:000D8DA4   985 0001:000D8DA9   987 0001:000D8DAD
   988 0001:000D8DB9   992 0001:000D8DBE   993 0001:000D8DC2   994 0001:000D8DC6
   996 0001:000D8DCA   997 0001:000D8DEC  1000 0001:000D8DEE  1001 0001:000D8DF7
  1002 0001:000D8E05  1005 0001:000D8E21  1006 0001:000D8E39  1007 0001:000D8E45
  1009 0001:000D8E54  1010 0001:000D8E75  1011 0001:000D8E7C  1012 0001:000D8E89
  1013 0001:000D8E95  1014 0001:000D8E9F  1015 0001:000D8EA6  1016 0001:000D8EAE
  1018 0001:000D8EC8  1020 0001:000D8EF6  1024 0001:000D905C  1025 0001:000D9062
  1026 0001:000D9078  1027 0001:000D9081  1028 0001:000D908F  1029 0001:000D9098
  1031 0001:000D909F  1039 0001:000D90A4  1046 0001:000D90C3  1047 0001:000D90D7
  1048 0001:000D90EB  1049 0001:000D90FF  1051 0001:000D910E  1052 0001:000D911C
  1053 0001:000D9126  1054 0001:000D9136  1055 0001:000D914C  1056 0001:000D9159
  1057 0001:000D916F  1058 0001:000D9196  1059 0001:000D91BD  1060 0001:000D91C9
  1061 0001:000D91E7  1062 0001:000D9205  1065 0001:000D9223  1054 0001:000D9224
  1068 0001:000D9238  1071 0001:000D927A  1074 0001:000D92C0  1075 0001:000D92C3
  1076 0001:000D92CF  1077 0001:000D92D4  1082 0001:000D92D8  1083 0001:000D92DC
  1084 0001:000D92E7  1085 0001:000D92F7  1087 0001:000D930C  1092 0001:000D9310
  1093 0001:000D9329  1094 0001:000D9354  1095 0001:000D9382  1096 0001:000D93AD
  1098 0001:000D93D8  1099 0001:000D93E4  1100 0001:000D93FA  1101 0001:000D9410
  1102 0001:000D9426  1103 0001:000D9430  1104 0001:000D9442  1105 0001:000D946D
  1103 0001:000D946E  1106 0001:000D9471  1108 0001:000D949F  1124 0001:000D94F0
  1125 0001:000D94F4  1126 0001:000D94FB  1127 0001:000D950A  1129 0001:000D950F
  1130 0001:000D9511  1132 0001:000D9514  1133 0001:000D952A  1134 0001:000D9553
  1135 0001:000D9574  1138 0001:000D9588  1139 0001:000D95BF  1140 0001:000D95C8
  1141 0001:000D95CA  1143 0001:000D95CF  1144 0001:000D95DE  1145 0001:000D95EE
  1146 0001:000D95FC  1147 0001:000D960C  1148 0001:000D962F  1149 0001:000D964C
  1151 0001:000D965D  1152 0001:000D965F  1155 0001:000D966E  1156 0001:000D9670
  1158 0001:000D96A9  1164 0001:000D96B4  1166 0001:000D96CF  1167 0001:000D96DC
  1168 0001:000D96F7  1169 0001:000D970E  1170 0001:000D971E  1171 0001:000D972E
  1172 0001:000D9748  1175 0001:000D9760  1176 0001:000D976A  1177 0001:000D9779
  1178 0001:000D9780  1181 0001:000D9792  1182 0001:000D97BF  1183 0001:000D97CE
  1184 0001:000D97D5  1185 0001:000D97DC  1190 0001:000D97EB  1191 0001:000D97F5
  1192 0001:000D97FF  1193 0001:000D980C  1200 0001:000D983B  1204 0001:000D985C
  1205 0001:000D9862  1207 0001:000D987E  1208 0001:000D9888  1209 0001:000D9899
  1211 0001:000D98B3  1212 0001:000D98BB  1213 0001:000D98C8  1214 0001:000D98D9
  1218 0001:000D98F3  1219 0001:000D98FA  1221 0001:000D9909  1223 0001:000D9911
  1226 0001:000D9964  1227 0001:000D996A  1229 0001:000D9986  1230 0001:000D9990
  1231 0001:000D99A1  1233 0001:000D99BB  1234 0001:000D99C3  1235 0001:000D99D0
  1236 0001:000D99E1  1240 0001:000D99FC  1241 0001:000D9A03  1243 0001:000D9A13
  1245 0001:000D9A1B  1247 0001:000D9A6C  1248 0001:000D9A72  1249 0001:000D9A87
  1250 0001:000D9AA5  1251 0001:000D9AA8  1254 0001:000D9AAC  1255 0001:000D9AAF
  1256 0001:000D9ABB  1259 0001:000D9AC0  1260 0001:000D9AC3  1261 0001:000D9ACF
  1264 0001:000D9AD4  1265 0001:000D9AF0  1266 0001:000D9AFA  1267 0001:000D9B11
  1268 0001:000D9B20  1270 0001:000D9B25  1271 0001:000D9B36  1272 0001:000D9B5A
  1273 0001:000D9B71  1274 0001:000D9B80  1276 0001:000D9B85  1277 0001:000D9BA7
  1280 0001:000D9BBE  1282 0001:000D9BCD  1283 0001:000D9BD7  1285 0001:000D9BED
  1286 0001:000D9BFA  1287 0001:000D9C07  1288 0001:000D9C14  1289 0001:000D9C21
  1291 0001:000D9C2E  1292 0001:000D9C3A  1295 0001:000D9CD1  1298 0001:000D9DA8
  1299 0001:000D9DAE  1300 0001:000D9DB7  1301 0001:000D9DDD  1304 0001:000D9DF8
  1305 0001:000D9DFB  1306 0001:000D9E08  1307 0001:000D9E14  1310 0001:000D9E18
  1311 0001:000D9E1B  1312 0001:000D9E28  1313 0001:000D9E34  1316 0001:000D9E38
  1317 0001:000D9E3B  1318 0001:000D9E48  1319 0001:000D9E54  1322 0001:000D9E58
  1323 0001:000D9E5B  1324 0001:000D9E67  1327 0001:000D9E6C  1328 0001:000D9E72
  1329 0001:000D9E7B  1330 0001:000D9EA1  1332 0001:000D9F00  1332 0001:000D9F07

Line numbers for GameLogin(E:\IGE工作室\我的文档\清客\商业\GameLogin\EGameLogin2\GameLogin.dpr) segment .text

    25 0001:000DA4B0    26 0001:000DA4C7    27 0001:000DA4CE    28 0001:000DA4E1
    29 0001:000DA4F4    30 0001:000DA507    31 0001:000DA51A    32 0001:000DA52D
    33 0001:000DA534

Bound resource files

e:\program files\borland\delphi7\Lib\Buttons.res
e:\program files\borland\delphi7\Lib\ExtDlgs.res
e:\program files\borland\delphi7\Lib\Controls.res
C:\Program Files\Raize\RC4\Lib\Delphi7\RzCommonCursors.res
E:\清清空间\清客控件\VCLZip.Pro.v3.05.b1.FS.D7\kpZCnst.res
e:\program files\borland\delphi7\Lib\FileCtrl.res
C:\Program Files\Raize\RC4\Lib\Delphi7\RzCommonBitmaps.res
C:\Program Files\Raize\RC4\Lib\Delphi7\RzCmboBx.res
C:\Program Files\Raize\RC4\Lib\Delphi7\RzToolbarForm.DFM
MsgBox.dfm
NewAccount.dfm
ChangePassword.dfm
GetBackPassword.dfm
Main.dfm
GameLogin.res
..\资源文件\Mir2.Res
GameLogin.drf


Program entry point at 0001:000DA4B0
